<html>
<body>
<pre>
<h1>µVision Build Log</h1>
<h2>Tool Versions:</h2>
IDE-Version: ¦ÌVision V5.26.2.0
Copyright (C) 2018 ARM Ltd and ARM Germany GmbH. All rights reserved.
License Information: James Bronson, Bronson, LIC=32B1Q-NL8UN-Y89FK-ZK5ZH-0EQBD-5EHKR
 
Tool Versions:
Toolchain:       MDK-ARM Plus  Version: 5.26.2.0
Toolchain Path:  D:\Keil_v5\ARM\ARMCC\Bin
C Compiler:      Armcc.exe V5.06 update 6 (build 750)
Assembler:       Armasm.exe V5.06 update 6 (build 750)
Linker/Locator:  ArmLink.exe V5.06 update 6 (build 750)
Library Manager: ArmAr.exe V5.06 update 6 (build 750)
Hex Converter:   FromElf.exe V5.06 update 6 (build 750)
CPU DLL:         SARMCM3.DLL V5.26.2.0
Dialog DLL:      DCM.DLL V1.17.2.0
Target DLL:      STLink\ST-LINKIII-KEIL_SWO.dll V3.0.5.0
Dialog DLL:      TCM.DLL V1.36.1.0
 
<h2>Project:</h2>
D:\Desktop\OfflineSWD\Firmware\keil_standard_f103_20200910\PROJECT\STM32-OffineSWD.uvprojx
Project File Date:  07/28/2021

<h2>Output:</h2>
*** Using Compiler 'V5.06 update 6 (build 750)', folder: 'D:\Keil_v5\ARM\ARMCC\Bin'
Build target 'STM32-OfflineSWD'
compiling main.c...
..\USER\main.c(175): warning:  #167-D: argument of type "TCHAR *" is incompatible with parameter of type "u8 *"
  					else if(strlen(FileInfo.fname) != 0) OLED_ShowString(45,1,FileInfo.fname,1,1);
..\USER\main.c(188): warning:  #167-D: argument of type "TCHAR *" is incompatible with parameter of type "u8 *"
  					else if(strlen(FileInfo.fname) != 0) OLED_ShowString(45,1,FileInfo.fname,0,1);
..\USER\main.c(199): warning:  #167-D: argument of type "TCHAR *" is incompatible with parameter of type "u8 *"
  					else if(strlen(FileInfo.fname) != 0) OLED_ShowString(45,1,FileInfo.fname,1,1);
..\USER\main.c(210): warning:  #167-D: argument of type "TCHAR *" is incompatible with parameter of type "u8 *"
  					else if(strlen(FileInfo.fname) != 0) OLED_ShowString(45,1,FileInfo.fname,1,1);
..\USER\main.c(780): warning:  #68-D: integer conversion resulted in a change of sign
  							if(hexread[0] != ':') return -2;
..\USER\main.c: 5 warnings, 0 errors
linking...
Program Size: Code=67732 RO-data=5616 RW-data=1364 ZI-data=28724  
FromELF: creating hex file...
".\Objects\STM32-OffineSWD.axf" - 0 Error(s), 5 Warning(s).

<h2>Software Packages used:</h2>

Package Vendor: Keil
                http://www.keil.com/pack/Keil.STM32F1xx_DFP.2.3.0.pack
                Keil.STM32F1xx_DFP.2.3.0
                STMicroelectronics STM32F1 Series Device Support, Drivers and Examples

<h2>Collection of Component include folders:</h2>
  .\RTE\_STM32-OfflineSWD
  D:\Keil_v5\ARM\PACK\Keil\STM32F1xx_DFP\2.3.0\Device\Include

<h2>Collection of Component Files used:</h2>
Build Time Elapsed:  00:00:02
</pre>
</body>
</html>
