<html>
<body>
<pre>
<h1>µVision Build Log</h1>
<h2>Tool Versions:</h2>
IDE-Version: ¦ÌVision V5.26.2.0
Copyright (C) 2018 ARM Ltd and ARM Germany GmbH. All rights reserved.
License Information: James Bronson, Bronson, LIC=32B1Q-NL8UN-Y89FK-ZK5ZH-0EQBD-5EHKR
 
Tool Versions:
Toolchain:       MDK-ARM Plus  Version: 5.26.2.0
Toolchain Path:  D:\Keil_v5\ARM\ARMCC\Bin
C Compiler:      Armcc.exe V5.06 update 6 (build 750)
Assembler:       Armasm.exe V5.06 update 6 (build 750)
Linker/Locator:  ArmLink.exe V5.06 update 6 (build 750)
Library Manager: ArmAr.exe V5.06 update 6 (build 750)
Hex Converter:   FromElf.exe V5.06 update 6 (build 750)
CPU DLL:         SARMCM3.DLL V5.26.2.0
Dialog DLL:      DCM.DLL V1.17.2.0
Target DLL:      CMSIS_AGDI.dll V1.30.6.0
Dialog DLL:      TCM.DLL V1.36.1.0
 
<h2>Project:</h2>
D:\Desktop\OfflineSWD\Firmware\keil_standard_f103_20200910\PROJECT\STM32-OffineSWD.uvprojx
Project File Date:  07/23/2021

<h2>Output:</h2>
*** Using Compiler 'V5.06 update 6 (build 750)', folder: 'D:\Keil_v5\ARM\ARMCC\Bin'
Build target 'STM32-OfflineSWD'
compiling main.c...
..\HARDWARE\another\hex2bin.h(20): warning:  #1-D: last line of file ends without a newline
  #endif /*_MAIN_H_*/
..\USER\main.c(80): warning:  #68-D: integer conversion resulted in a change of sign
  		  OLED_ShowString(45,-1,"AUTO FLASH",1,0);
..\USER\main.c(126): warning:  #167-D: argument of type "TCHAR *" is incompatible with parameter of type "u8 *"
  				if(strlen(FileInfo.fname) != 0) OLED_ShowString(45,1,FileInfo.fname,1,1);
..\USER\main.c(130): warning:  #68-D: integer conversion resulted in a change of sign
  	OLED_ShowString(45,-1,"SELECT HEX",1,0);
..\USER\main.c(142): warning:  #167-D: argument of type "TCHAR *" is incompatible with parameter of type "u8 *"
  				  if(strlen(FileInfo.fname) != 0) OLED_ShowString(45,1,FileInfo.fname,1,1);
..\USER\main.c(148): warning:  #167-D: argument of type "TCHAR *" is incompatible with parameter of type "u8 *"
  				  if(strlen(FileInfo.fname) != 0) OLED_ShowString(45,1,FileInfo.fname,0,1);
..\USER\main.c(154): warning:  #167-D: argument of type "TCHAR *" is incompatible with parameter of type "u8 *"
  				  if(strlen(FileInfo.fname) != 0) OLED_ShowString(45,1,FileInfo.fname,1,1);
..\USER\main.c(160): warning:  #167-D: argument of type "TCHAR *" is incompatible with parameter of type "u8 *"
  				  if(strlen(FileInfo.fname) != 0) OLED_ShowString(45,1,FileInfo.fname,1,1);
..\USER\main.c(173): warning:  #167-D: argument of type "TCHAR *" is incompatible with parameter of type "u8 *"
  						OLED_ShowString(45,1,FileInfo.fname,0,1);
..\USER\main.c(180): warning:  #167-D: argument of type "TCHAR *" is incompatible with parameter of type "u8 *"
  							OLED_ShowString(45,1,FileInfo.fname,0,1);
..\USER\main.c(189): warning:  #68-D: integer conversion resulted in a change of sign
  				  OLED_ShowString(45,-1,"DEBUG MODE",1,0);
..\USER\main.c(191): warning:  #167-D: argument of type "char *" is incompatible with parameter of type "u8 *"
  					OLED_ShowString(45,1,debugBaud[debugSelect],1,1);
..\USER\main.c(201): warning:  #167-D: argument of type "char *" is incompatible with parameter of type "u8 *"
  									OLED_ShowString(45,1,debugBaud[debugSelect],1,1);
..\USER\main.c(207): warning:  #167-D: argument of type "char *" is incompatible with parameter of type "u8 *"
  									OLED_ShowString(45,1,debugBaud[debugSelect],0,1);
..\USER\main.c(213): warning:  #167-D: argument of type "char *" is incompatible with parameter of type "u8 *"
  									OLED_ShowString(45,1,debugBaud[debugSelect],1,1);
..\USER\main.c(219): warning:  #167-D: argument of type "char *" is incompatible with parameter of type "u8 *"
  									OLED_ShowString(45,1,debugBaud[debugSelect],1,1);
..\USER\main.c(233): warning:  #167-D: argument of type "char *" is incompatible with parameter of type "u8 *"
  										OLED_ShowString(45,1,debugBaud[debugSelect],0,1);
..\USER\main.c(272): warning:  #167-D: argument of type "TCHAR *" is incompatible with parameter of type "u8 *"
  												 if(strlen(FileInfo.fname) != 0) OLED_ShowString(45,1,FileInfo.fname,1,1);
..\USER\main.c(276): warning:  #68-D: integer conversion resulted in a change of sign
  										OLED_ShowString(45,-1,"SELECT HEX",1,0);
..\USER\main.c(310): warning:  #68-D: integer conversion resulted in a change of sign
  										OLED_ShowString(45,-1,"DEBUG MODE",1,0);
..\USER\main.c(312): warning:  #167-D: argument of type "char *" is incompatible with parameter of type "u8 *"
  										OLED_ShowString(45,1,debugBaud[debugSelect],1,1);
..\USER\main.c(329): warning:  #68-D: integer conversion resulted in a change of sign
  		          OLED_ShowString(45,-1,"HEX  FLASH",1,0);
..\USER\main.c(330): warning:  #167-D: argument of type "TCHAR *" is incompatible with parameter of type "unsigned char *"
  							if(HexFormatUncode(FileInfo.fname)!=1){
..\USER\main.c(359): warning:  #167-D: argument of type "TCHAR *" is incompatible with parameter of type "u8 *"
  				             if(strlen(FileInfo.fname) != 0) OLED_ShowString(45,1,FileInfo.fname,1,1);
..\USER\main.c(363): warning:  #68-D: integer conversion resulted in a change of sign
  	              OLED_ShowString(45,-1,"SELECT HEX",1,0);
..\USER\main.c(411): warning:  #167-D: argument of type "TCHAR *" is incompatible with parameter of type "u8 *"
  				             if(strlen(FileInfo.fname) != 0) OLED_ShowString(45,1,FileInfo.fname,1,1);
..\USER\main.c(415): warning:  #68-D: integer conversion resulted in a change of sign
  	              OLED_ShowString(45,-1,"SELECT HEX",1,0);
..\USER\main.c(427): warning:  #68-D: integer conversion resulted in a change of sign
  		          OLED_ShowString(45,-1,"BIN  FLASH",1,0);
..\USER\main.c(428): warning:  #167-D: argument of type "TCHAR *" is incompatible with parameter of type "u8 *"
  		          while(!FLASH_SWD(FileInfo.fname)){
..\USER\main.c(465): warning:  #167-D: argument of type "TCHAR *" is incompatible with parameter of type "u8 *"
  				           if(strlen(FileInfo.fname) != 0) OLED_ShowString(45,1,FileInfo.fname,1,1);
..\USER\main.c(469): warning:  #68-D: integer conversion resulted in a change of sign
  	            OLED_ShowString(45,-1,"SELECT HEX",1,0);
..\USER\main.c(509): warning:  #167-D: argument of type "char *" is incompatible with parameter of type "const uint8_t *"
  								if (target_flash_program_page(0x08000000 + addr, &rData[0], 1024) == ERROR_SUCCESS)
..\USER\main.c(576): warning:  #940-D: missing return statement at end of non-void function "FLASH_SWD" 
  }
..\USER\main.c: 33 warnings, 0 errors
linking...
Program Size: Code=64764 RO-data=4296 RW-data=1348 ZI-data=23940  
FromELF: creating hex file...
".\Objects\STM32-OffineSWD.axf" - 0 Error(s), 33 Warning(s).

<h2>Software Packages used:</h2>

Package Vendor: Keil
                http://www.keil.com/pack/Keil.STM32F1xx_DFP.2.3.0.pack
                Keil.STM32F1xx_DFP.2.3.0
                STMicroelectronics STM32F1 Series Device Support, Drivers and Examples

<h2>Collection of Component include folders:</h2>
  .\RTE\_STM32-OfflineSWD
  D:\Keil_v5\ARM\PACK\Keil\STM32F1xx_DFP\2.3.0\Device\Include

<h2>Collection of Component Files used:</h2>
Build Time Elapsed:  00:00:03
</pre>
</body>
</html>
