<!doctype html public "-//w3c//dtd html 4.0 transitional//en">
<html><head>
<title>Static Call Graph - [.\Objects\STM32-OffineSWD.axf]</title></head>
<body><HR>
<H1>Static Call Graph for image .\Objects\STM32-OffineSWD.axf</H1><HR>
<BR><P>#&#060CALLGRAPH&#062# ARM Linker, 5060750: Last Updated: Sun Aug 29 22:49:12 2021
<BR><P>
<H3>Maximum Stack Usage =        632 bytes + Unknown(Cycles, Untraceable Function Pointers)</H3><H3>
Call chain for Maximum Stack Depth:</H3>
main &rArr; Draw_Menu &rArr; Draw_Main &rArr; FLASH_HEX_SWD &rArr; f_open &rArr; dir_register &rArr; dir_find &rArr; dir_next &rArr; create_chain &rArr; put_fat &rArr; move_window &rArr; disk_write &rArr; W25QXX_Write &rArr; W25QXX_Write_NoCheck &rArr; W25QXX_Write_Page &rArr; W25QXX_Wait_Busy &rArr; W25QXX_ReadSR &rArr; SPI2_ReadWriteByte
<P>
<H3>
Mutually Recursive functions
</H3> <LI><a href="#[2e]">ADC1_2_IRQHandler</a>&nbsp;&nbsp;&nbsp;&rArr;&nbsp;&nbsp;&nbsp;<a href="#[2e]">ADC1_2_IRQHandler</a><BR>
 <LI><a href="#[1a1]">USART_Send</a>&nbsp;&nbsp;&nbsp;&rArr;&nbsp;&nbsp;&nbsp;<a href="#[1a0]">USART_Receive</a><BR>
</UL>
<P>
<H3>
Function Pointers
</H3><UL>
 <LI><a href="#[2e]">ADC1_2_IRQHandler</a> from startup_stm32f10x_hd.o(.text) referenced from startup_stm32f10x_hd.o(RESET)
 <LI><a href="#[4b]">ADC3_IRQHandler</a> from startup_stm32f10x_hd.o(.text) referenced from startup_stm32f10x_hd.o(RESET)
 <LI><a href="#[16]">BusFault_Handler</a> from cmsis-dap.o(i.HardFault_Handler) referenced from startup_stm32f10x_hd.o(RESET)
 <LI><a href="#[31]">CAN1_RX1_IRQHandler</a> from startup_stm32f10x_hd.o(.text) referenced from startup_stm32f10x_hd.o(RESET)
 <LI><a href="#[32]">CAN1_SCE_IRQHandler</a> from startup_stm32f10x_hd.o(.text) referenced from startup_stm32f10x_hd.o(RESET)
 <LI><a href="#[66]">DAP_ProcessCommand</a> from dap.o(i.DAP_ProcessCommand) referenced from cmsis-dap.o(.constdata)
 <LI><a href="#[27]">DMA1_Channel1_IRQHandler</a> from dma_stm32f10x.o(i.DMA1_Channel1_IRQHandler) referenced from startup_stm32f10x_hd.o(RESET)
 <LI><a href="#[28]">DMA1_Channel2_IRQHandler</a> from dma_stm32f10x.o(i.DMA1_Channel2_IRQHandler) referenced from startup_stm32f10x_hd.o(RESET)
 <LI><a href="#[29]">DMA1_Channel3_IRQHandler</a> from dma_stm32f10x.o(i.DMA1_Channel3_IRQHandler) referenced from startup_stm32f10x_hd.o(RESET)
 <LI><a href="#[2a]">DMA1_Channel4_IRQHandler</a> from dma_stm32f10x.o(i.DMA1_Channel4_IRQHandler) referenced from startup_stm32f10x_hd.o(RESET)
 <LI><a href="#[2b]">DMA1_Channel5_IRQHandler</a> from dma_stm32f10x.o(i.DMA1_Channel5_IRQHandler) referenced from startup_stm32f10x_hd.o(RESET)
 <LI><a href="#[2c]">DMA1_Channel6_IRQHandler</a> from dma_stm32f10x.o(i.DMA1_Channel6_IRQHandler) referenced from startup_stm32f10x_hd.o(RESET)
 <LI><a href="#[2d]">DMA1_Channel7_IRQHandler</a> from dma_stm32f10x.o(i.DMA1_Channel7_IRQHandler) referenced from startup_stm32f10x_hd.o(RESET)
 <LI><a href="#[54]">DMA2_Channel1_IRQHandler</a> from dma_stm32f10x.o(i.DMA2_Channel1_IRQHandler) referenced from startup_stm32f10x_hd.o(RESET)
 <LI><a href="#[55]">DMA2_Channel2_IRQHandler</a> from dma_stm32f10x.o(i.DMA2_Channel2_IRQHandler) referenced from startup_stm32f10x_hd.o(RESET)
 <LI><a href="#[56]">DMA2_Channel3_IRQHandler</a> from dma_stm32f10x.o(i.DMA2_Channel3_IRQHandler) referenced from startup_stm32f10x_hd.o(RESET)
 <LI><a href="#[57]">DMA2_Channel4_5_IRQHandler</a> from dma_stm32f10x.o(i.DMA2_Channel4_5_IRQHandler) referenced from startup_stm32f10x_hd.o(RESET)
 <LI><a href="#[19]">DebugMon_Handler</a> from cmsis-dap.o(i.HardFault_Handler) referenced from startup_stm32f10x_hd.o(RESET)
 <LI><a href="#[0]">EP1_IN_Callback</a> from usb_endp.o(i.EP1_IN_Callback) referenced 2 times from usb_istr.o(.data)
 <LI><a href="#[3]">EP2_OUT_Callback</a> from usb_endp.o(i.EP2_OUT_Callback) referenced 2 times from usb_istr.o(.data)
 <LI><a href="#[2]">EP4_IN_Callback</a> from usb_endp.o(i.EP4_IN_Callback) referenced 2 times from usb_istr.o(.data)
 <LI><a href="#[4]">EP6_OUT_Callback</a> from usb_endp.o(i.EP6_OUT_Callback) referenced 2 times from usb_istr.o(.data)
 <LI><a href="#[22]">EXTI0_IRQHandler</a> from startup_stm32f10x_hd.o(.text) referenced from startup_stm32f10x_hd.o(RESET)
 <LI><a href="#[44]">EXTI15_10_IRQHandler</a> from startup_stm32f10x_hd.o(.text) referenced from startup_stm32f10x_hd.o(RESET)
 <LI><a href="#[23]">EXTI1_IRQHandler</a> from startup_stm32f10x_hd.o(.text) referenced from startup_stm32f10x_hd.o(RESET)
 <LI><a href="#[24]">EXTI2_IRQHandler</a> from startup_stm32f10x_hd.o(.text) referenced from startup_stm32f10x_hd.o(RESET)
 <LI><a href="#[25]">EXTI3_IRQHandler</a> from startup_stm32f10x_hd.o(.text) referenced from startup_stm32f10x_hd.o(RESET)
 <LI><a href="#[26]">EXTI4_IRQHandler</a> from startup_stm32f10x_hd.o(.text) referenced from startup_stm32f10x_hd.o(RESET)
 <LI><a href="#[33]">EXTI9_5_IRQHandler</a> from startup_stm32f10x_hd.o(.text) referenced from startup_stm32f10x_hd.o(RESET)
 <LI><a href="#[20]">FLASH_IRQHandler</a> from startup_stm32f10x_hd.o(.text) referenced from startup_stm32f10x_hd.o(RESET)
 <LI><a href="#[4c]">FSMC_IRQHandler</a> from startup_stm32f10x_hd.o(.text) referenced from startup_stm32f10x_hd.o(RESET)
 <LI><a href="#[14]">HardFault_Handler</a> from cmsis-dap.o(i.HardFault_Handler) referenced from startup_stm32f10x_hd.o(RESET)
 <LI><a href="#[3c]">I2C1_ER_IRQHandler</a> from startup_stm32f10x_hd.o(.text) referenced from startup_stm32f10x_hd.o(RESET)
 <LI><a href="#[3b]">I2C1_EV_IRQHandler</a> from startup_stm32f10x_hd.o(.text) referenced from startup_stm32f10x_hd.o(RESET)
 <LI><a href="#[3e]">I2C2_ER_IRQHandler</a> from startup_stm32f10x_hd.o(.text) referenced from startup_stm32f10x_hd.o(RESET)
 <LI><a href="#[3d]">I2C2_EV_IRQHandler</a> from startup_stm32f10x_hd.o(.text) referenced from startup_stm32f10x_hd.o(RESET)
 <LI><a href="#[63]">LedConnectedOut</a> from cmsis-dap.o(i.LedConnectedOut) referenced from cmsis-dap.o(.constdata)
 <LI><a href="#[64]">LedRunningOut</a> from cmsis-dap.o(i.LedRunningOut) referenced from cmsis-dap.o(.constdata)
 <LI><a href="#[9]">MASS_Data_Setup</a> from usb_prop.o(i.MASS_Data_Setup) referenced 2 times from usb_prop.o(.data)
 <LI><a href="#[d]">MASS_GetConfigDescriptor</a> from usb_prop.o(i.MASS_GetConfigDescriptor) referenced 2 times from usb_prop.o(.data)
 <LI><a href="#[c]">MASS_GetDeviceDescriptor</a> from usb_prop.o(i.MASS_GetDeviceDescriptor) referenced 2 times from usb_prop.o(.data)
 <LI><a href="#[e]">MASS_GetStringDescriptor</a> from usb_prop.o(i.MASS_GetStringDescriptor) referenced 2 times from usb_prop.o(.data)
 <LI><a href="#[b]">MASS_Get_Interface_Setting</a> from usb_prop.o(i.MASS_Get_Interface_Setting) referenced 2 times from usb_prop.o(.data)
 <LI><a href="#[a]">MASS_NoData_Setup</a> from usb_prop.o(i.MASS_NoData_Setup) referenced 2 times from usb_prop.o(.data)
 <LI><a href="#[6]">MASS_Reset</a> from usb_prop.o(i.MASS_Reset) referenced 2 times from usb_prop.o(.data)
 <LI><a href="#[7]">MASS_Status_In</a> from usb_prop.o(i.MASS_Status_In) referenced 2 times from usb_prop.o(.data)
 <LI><a href="#[8]">MASS_Status_Out</a> from usb_prop.o(i.MASS_Status_Out) referenced 2 times from usb_prop.o(.data)
 <LI><a href="#[5]">MASS_init</a> from usb_prop.o(i.MASS_init) referenced 2 times from usb_prop.o(.data)
 <LI><a href="#[10]">Mass_Storage_ClearFeature</a> from usb_prop.o(i.Mass_Storage_ClearFeature) referenced 2 times from usb_prop.o(.data)
 <LI><a href="#[f]">Mass_Storage_SetConfiguration</a> from usb_prop.o(i.Mass_Storage_SetConfiguration) referenced 2 times from usb_prop.o(.data)
 <LI><a href="#[11]">Mass_Storage_SetDeviceAddress</a> from usb_prop.o(i.Mass_Storage_SetDeviceAddress) referenced 2 times from usb_prop.o(.data)
 <LI><a href="#[15]">MemManage_Handler</a> from cmsis-dap.o(i.HardFault_Handler) referenced from startup_stm32f10x_hd.o(RESET)
 <LI><a href="#[13]">NMI_Handler</a> from cmsis-dap.o(i.HardFault_Handler) referenced from startup_stm32f10x_hd.o(RESET)
 <LI><a href="#[1]">NOP_Process</a> from usb_core.o(i.NOP_Process) referenced 32 times from usb_istr.o(.data)
 <LI><a href="#[1d]">PVD_IRQHandler</a> from startup_stm32f10x_hd.o(.text) referenced from startup_stm32f10x_hd.o(RESET)
 <LI><a href="#[1a]">PendSV_Handler</a> from cmsis-dap.o(i.HardFault_Handler) referenced from startup_stm32f10x_hd.o(RESET)
 <LI><a href="#[21]">RCC_IRQHandler</a> from startup_stm32f10x_hd.o(.text) referenced from startup_stm32f10x_hd.o(RESET)
 <LI><a href="#[45]">RTCAlarm_IRQHandler</a> from startup_stm32f10x_hd.o(.text) referenced from startup_stm32f10x_hd.o(RESET)
 <LI><a href="#[1f]">RTC_IRQHandler</a> from startup_stm32f10x_hd.o(.text) referenced from startup_stm32f10x_hd.o(RESET)
 <LI><a href="#[12]">Reset_Handler</a> from startup_stm32f10x_hd.o(.text) referenced from startup_stm32f10x_hd.o(RESET)
 <LI><a href="#[4d]">SDIO_IRQHandler</a> from startup_stm32f10x_hd.o(.text) referenced from startup_stm32f10x_hd.o(RESET)
 <LI><a href="#[3f]">SPI1_IRQHandler</a> from startup_stm32f10x_hd.o(.text) referenced from startup_stm32f10x_hd.o(RESET)
 <LI><a href="#[40]">SPI2_IRQHandler</a> from startup_stm32f10x_hd.o(.text) referenced from startup_stm32f10x_hd.o(RESET)
 <LI><a href="#[4f]">SPI3_IRQHandler</a> from startup_stm32f10x_hd.o(.text) referenced from startup_stm32f10x_hd.o(RESET)
 <LI><a href="#[18]">SVC_Handler</a> from cmsis-dap.o(i.HardFault_Handler) referenced from startup_stm32f10x_hd.o(RESET)
 <LI><a href="#[5c]">Standard_GetConfiguration</a> from usb_core.o(i.Standard_GetConfiguration) referenced from usb_core.o(i.Data_Setup0)
 <LI><a href="#[5d]">Standard_GetInterface</a> from usb_core.o(i.Standard_GetInterface) referenced from usb_core.o(i.Data_Setup0)
 <LI><a href="#[5b]">Standard_GetStatus</a> from usb_core.o(i.Standard_GetStatus) referenced from usb_core.o(i.Data_Setup0)
 <LI><a href="#[1b]">SysTick_Handler</a> from cmsis-dap.o(i.SysTick_Handler) referenced from startup_stm32f10x_hd.o(RESET)
 <LI><a href="#[59]">SystemInit</a> from system_stm32f10x.o(i.SystemInit) referenced from startup_stm32f10x_hd.o(.text)
 <LI><a href="#[1e]">TAMPER_IRQHandler</a> from startup_stm32f10x_hd.o(.text) referenced from startup_stm32f10x_hd.o(RESET)
 <LI><a href="#[34]">TIM1_BRK_IRQHandler</a> from startup_stm32f10x_hd.o(.text) referenced from startup_stm32f10x_hd.o(RESET)
 <LI><a href="#[37]">TIM1_CC_IRQHandler</a> from startup_stm32f10x_hd.o(.text) referenced from startup_stm32f10x_hd.o(RESET)
 <LI><a href="#[36]">TIM1_TRG_COM_IRQHandler</a> from startup_stm32f10x_hd.o(.text) referenced from startup_stm32f10x_hd.o(RESET)
 <LI><a href="#[35]">TIM1_UP_IRQHandler</a> from startup_stm32f10x_hd.o(.text) referenced from startup_stm32f10x_hd.o(RESET)
 <LI><a href="#[38]">TIM2_IRQHandler</a> from startup_stm32f10x_hd.o(.text) referenced from startup_stm32f10x_hd.o(RESET)
 <LI><a href="#[39]">TIM3_IRQHandler</a> from startup_stm32f10x_hd.o(.text) referenced from startup_stm32f10x_hd.o(RESET)
 <LI><a href="#[3a]">TIM4_IRQHandler</a> from startup_stm32f10x_hd.o(.text) referenced from startup_stm32f10x_hd.o(RESET)
 <LI><a href="#[4e]">TIM5_IRQHandler</a> from startup_stm32f10x_hd.o(.text) referenced from startup_stm32f10x_hd.o(RESET)
 <LI><a href="#[52]">TIM6_IRQHandler</a> from startup_stm32f10x_hd.o(.text) referenced from startup_stm32f10x_hd.o(RESET)
 <LI><a href="#[53]">TIM7_IRQHandler</a> from startup_stm32f10x_hd.o(.text) referenced from startup_stm32f10x_hd.o(RESET)
 <LI><a href="#[47]">TIM8_BRK_IRQHandler</a> from startup_stm32f10x_hd.o(.text) referenced from startup_stm32f10x_hd.o(RESET)
 <LI><a href="#[4a]">TIM8_CC_IRQHandler</a> from startup_stm32f10x_hd.o(.text) referenced from startup_stm32f10x_hd.o(RESET)
 <LI><a href="#[49]">TIM8_TRG_COM_IRQHandler</a> from startup_stm32f10x_hd.o(.text) referenced from startup_stm32f10x_hd.o(RESET)
 <LI><a href="#[48]">TIM8_UP_IRQHandler</a> from startup_stm32f10x_hd.o(.text) referenced from startup_stm32f10x_hd.o(RESET)
 <LI><a href="#[50]">UART4_IRQHandler</a> from startup_stm32f10x_hd.o(.text) referenced from startup_stm32f10x_hd.o(RESET)
 <LI><a href="#[51]">UART5_IRQHandler</a> from startup_stm32f10x_hd.o(.text) referenced from startup_stm32f10x_hd.o(RESET)
 <LI><a href="#[61]">UART_Callback</a> from usbd_user_cdc_acm.o(i.UART_Callback) referenced from usbd_user_cdc_acm.o(i.USBD_CDC_ACM_PortInitialize)
 <LI><a href="#[41]">USART1_IRQHandler</a> from usart.o(i.USART1_IRQHandler) referenced from startup_stm32f10x_hd.o(RESET)
 <LI><a href="#[79]">USART2_Control</a> from usart_stm32f10x.o(i.USART2_Control) referenced from usart_stm32f10x.o(.constdata)
 <LI><a href="#[70]">USART2_GetCapabilities</a> from usart_stm32f10x.o(i.USART2_GetCapabilities) referenced from usart_stm32f10x.o(.constdata)
 <LI><a href="#[7c]">USART2_GetModemStatus</a> from usart_stm32f10x.o(i.USART2_GetModemStatus) referenced from usart_stm32f10x.o(.constdata)
 <LI><a href="#[78]">USART2_GetRxCount</a> from usart_stm32f10x.o(i.USART2_GetRxCount) referenced from usart_stm32f10x.o(.constdata)
 <LI><a href="#[7a]">USART2_GetStatus</a> from usart_stm32f10x.o(i.USART2_GetStatus) referenced from usart_stm32f10x.o(.constdata)
 <LI><a href="#[77]">USART2_GetTxCount</a> from usart_stm32f10x.o(i.USART2_GetTxCount) referenced from usart_stm32f10x.o(.constdata)
 <LI><a href="#[42]">USART2_IRQHandler</a> from usart_stm32f10x.o(i.USART2_IRQHandler) referenced from startup_stm32f10x_hd.o(RESET)
 <LI><a href="#[71]">USART2_Initialize</a> from usart_stm32f10x.o(i.USART2_Initialize) referenced from usart_stm32f10x.o(.constdata)
 <LI><a href="#[73]">USART2_PowerControl</a> from usart_stm32f10x.o(i.USART2_PowerControl) referenced from usart_stm32f10x.o(.constdata)
 <LI><a href="#[75]">USART2_Receive</a> from usart_stm32f10x.o(i.USART2_Receive) referenced from usart_stm32f10x.o(.constdata)
 <LI><a href="#[74]">USART2_Send</a> from usart_stm32f10x.o(i.USART2_Send) referenced from usart_stm32f10x.o(.constdata)
 <LI><a href="#[7b]">USART2_SetModemControl</a> from usart_stm32f10x.o(i.USART2_SetModemControl) referenced from usart_stm32f10x.o(.constdata)
 <LI><a href="#[76]">USART2_Transfer</a> from usart_stm32f10x.o(i.USART2_Transfer) referenced from usart_stm32f10x.o(.constdata)
 <LI><a href="#[72]">USART2_Uninitialize</a> from usart_stm32f10x.o(i.USART2_Uninitialize) referenced from usart_stm32f10x.o(.constdata)
 <LI><a href="#[43]">USART3_IRQHandler</a> from startup_stm32f10x_hd.o(.text) referenced from startup_stm32f10x_hd.o(RESET)
 <LI><a href="#[60]">USART_Callback</a> from swo.o(i.USART_Callback) referenced from swo.o(i.UART_SWO_Mode)
 <LI><a href="#[6f]">USARTx_GetVersion</a> from usart_stm32f10x.o(i.USARTx_GetVersion) referenced from usart_stm32f10x.o(.constdata)
 <LI><a href="#[6c]">USBD_CDC_ACM_EP_BULK_Event</a> from usbd_cdc_acm.o(i.USBD_CDC_ACM_EP_BULK_Event) referenced from usb_config.o(.constdata)
 <LI><a href="#[6b]">USBD_CDC_ACM_EP_INTIN_Event</a> from usbd_cdc_acm.o(i.USBD_CDC_ACM_EP_INTIN_Event) referenced from usb_config.o(.constdata)
 <LI><a href="#[6e]">USBD_Configure_Event</a> from usb_config.o(i.USBD_Configure_Event) referenced from usb_config.o(.constdata)
 <LI><a href="#[6a]">USBD_EndPoint0</a> from usbd_core.o(i.USBD_EndPoint0) referenced from usb_config.o(.constdata)
 <LI><a href="#[6d]">USBD_HID_EP_INT_Event</a> from usbd_hid.o(i.USBD_HID_EP_INT_Event) referenced from usb_config.o(.constdata)
 <LI><a href="#[68]">USBD_Reset_Event</a> from usb_config.o(i.USBD_Reset_Event) referenced from usb_config.o(.constdata)
 <LI><a href="#[69]">USBD_SOF_Event</a> from usb_config.o(i.USBD_SOF_Event) referenced from usb_config.o(.constdata)
 <LI><a href="#[46]">USBWakeUp_IRQHandler</a> from hw_config.o(i.USBWakeUp_IRQHandler) referenced from startup_stm32f10x_hd.o(RESET)
 <LI><a href="#[2f]">USB_HP_CAN1_TX_IRQHandler</a> from hw_config.o(i.USB_HP_CAN1_TX_IRQHandler) referenced from startup_stm32f10x_hd.o(RESET)
 <LI><a href="#[30]">USB_LP_CAN1_RX0_IRQHandler</a> from usbd_stm32f103.o(i.USB_LP_CAN1_RX0_IRQHandler) referenced from startup_stm32f10x_hd.o(RESET)
 <LI><a href="#[17]">UsageFault_Handler</a> from cmsis-dap.o(i.HardFault_Handler) referenced from startup_stm32f10x_hd.o(RESET)
 <LI><a href="#[67]">UserAppAbort</a> from cmsis-dap.o(i.UserAppAbort) referenced from cmsis-dap.o(.constdata)
 <LI><a href="#[65]">UserAppInit</a> from cmsis-dap.o(i.UserAppInit) referenced from cmsis-dap.o(.constdata)
 <LI><a href="#[5e]">Virtual_Com_Port_GetLineCoding</a> from usb_prop.o(i.Virtual_Com_Port_GetLineCoding) referenced from usb_prop.o(i.MASS_Data_Setup)
 <LI><a href="#[5f]">Virtual_Com_Port_SetLineCoding</a> from usb_prop.o(i.Virtual_Com_Port_SetLineCoding) referenced from usb_prop.o(i.MASS_Data_Setup)
 <LI><a href="#[1c]">WWDG_IRQHandler</a> from startup_stm32f10x_hd.o(.text) referenced from startup_stm32f10x_hd.o(RESET)
 <LI><a href="#[5a]">__main</a> from entry.o(.ARM.Collect$$$$00000000) referenced from startup_stm32f10x_hd.o(.text)
 <LI><a href="#[62]">fputc</a> from usart.o(i.fputc) referenced from printf5.o(i.__0printf$5)
 <LI><a href="#[58]">main</a> from main.o(i.main) referenced from entry9a.o(.ARM.Collect$$$$0000000B)
</UL>
<P>
<H3>
Global Symbols
</H3>
<P><STRONG><a name="[5a]"></a>__main</STRONG> (Thumb, 0 bytes, Stack size unknown bytes, entry.o(.ARM.Collect$$$$00000000))
<BR>[Address Reference Count : 1]<UL><LI> startup_stm32f10x_hd.o(.text)
</UL>
<P><STRONG><a name="[25e]"></a>_main_stk</STRONG> (Thumb, 0 bytes, Stack size unknown bytes, entry2.o(.ARM.Collect$$$$00000001))

<P><STRONG><a name="[7d]"></a>_main_scatterload</STRONG> (Thumb, 0 bytes, Stack size unknown bytes, entry5.o(.ARM.Collect$$$$00000004))
<BR><BR>[Calls]<UL><LI><a href="#[7e]">&gt;&gt;</a>&nbsp;&nbsp;&nbsp;__scatterload
</UL>

<P><STRONG><a name="[8b]"></a>__main_after_scatterload</STRONG> (Thumb, 0 bytes, Stack size unknown bytes, entry5.o(.ARM.Collect$$$$00000004))
<BR><BR>[Called By]<UL><LI><a href="#[7e]">&gt;&gt;</a>&nbsp;&nbsp;&nbsp;__scatterload
</UL>

<P><STRONG><a name="[25f]"></a>_main_clock</STRONG> (Thumb, 0 bytes, Stack size unknown bytes, entry7b.o(.ARM.Collect$$$$00000008))

<P><STRONG><a name="[260]"></a>_main_cpp_init</STRONG> (Thumb, 0 bytes, Stack size unknown bytes, entry8b.o(.ARM.Collect$$$$0000000A))

<P><STRONG><a name="[261]"></a>_main_init</STRONG> (Thumb, 0 bytes, Stack size unknown bytes, entry9a.o(.ARM.Collect$$$$0000000B))

<P><STRONG><a name="[262]"></a>__rt_final_cpp</STRONG> (Thumb, 0 bytes, Stack size unknown bytes, entry10a.o(.ARM.Collect$$$$0000000D))

<P><STRONG><a name="[263]"></a>__rt_final_exit</STRONG> (Thumb, 0 bytes, Stack size unknown bytes, entry11a.o(.ARM.Collect$$$$0000000F))

<P><STRONG><a name="[12]"></a>Reset_Handler</STRONG> (Thumb, 8 bytes, Stack size 0 bytes, startup_stm32f10x_hd.o(.text))
<BR>[Address Reference Count : 1]<UL><LI> startup_stm32f10x_hd.o(RESET)
</UL>
<P><STRONG><a name="[2e]"></a>ADC1_2_IRQHandler</STRONG> (Thumb, 0 bytes, Stack size 0 bytes, startup_stm32f10x_hd.o(.text))
<BR><BR>[Calls]<UL><LI><a href="#[2e]">&gt;&gt;</a>&nbsp;&nbsp;&nbsp;ADC1_2_IRQHandler
</UL>
<BR>[Called By]<UL><LI><a href="#[2e]">&gt;&gt;</a>&nbsp;&nbsp;&nbsp;ADC1_2_IRQHandler
</UL>
<BR>[Address Reference Count : 1]<UL><LI> startup_stm32f10x_hd.o(RESET)
</UL>
<P><STRONG><a name="[4b]"></a>ADC3_IRQHandler</STRONG> (Thumb, 0 bytes, Stack size 0 bytes, startup_stm32f10x_hd.o(.text))
<BR>[Address Reference Count : 1]<UL><LI> startup_stm32f10x_hd.o(RESET)
</UL>
<P><STRONG><a name="[31]"></a>CAN1_RX1_IRQHandler</STRONG> (Thumb, 0 bytes, Stack size 0 bytes, startup_stm32f10x_hd.o(.text))
<BR>[Address Reference Count : 1]<UL><LI> startup_stm32f10x_hd.o(RESET)
</UL>
<P><STRONG><a name="[32]"></a>CAN1_SCE_IRQHandler</STRONG> (Thumb, 0 bytes, Stack size 0 bytes, startup_stm32f10x_hd.o(.text))
<BR>[Address Reference Count : 1]<UL><LI> startup_stm32f10x_hd.o(RESET)
</UL>
<P><STRONG><a name="[22]"></a>EXTI0_IRQHandler</STRONG> (Thumb, 0 bytes, Stack size 0 bytes, startup_stm32f10x_hd.o(.text))
<BR>[Address Reference Count : 1]<UL><LI> startup_stm32f10x_hd.o(RESET)
</UL>
<P><STRONG><a name="[44]"></a>EXTI15_10_IRQHandler</STRONG> (Thumb, 0 bytes, Stack size 0 bytes, startup_stm32f10x_hd.o(.text))
<BR>[Address Reference Count : 1]<UL><LI> startup_stm32f10x_hd.o(RESET)
</UL>
<P><STRONG><a name="[23]"></a>EXTI1_IRQHandler</STRONG> (Thumb, 0 bytes, Stack size 0 bytes, startup_stm32f10x_hd.o(.text))
<BR>[Address Reference Count : 1]<UL><LI> startup_stm32f10x_hd.o(RESET)
</UL>
<P><STRONG><a name="[24]"></a>EXTI2_IRQHandler</STRONG> (Thumb, 0 bytes, Stack size 0 bytes, startup_stm32f10x_hd.o(.text))
<BR>[Address Reference Count : 1]<UL><LI> startup_stm32f10x_hd.o(RESET)
</UL>
<P><STRONG><a name="[25]"></a>EXTI3_IRQHandler</STRONG> (Thumb, 0 bytes, Stack size 0 bytes, startup_stm32f10x_hd.o(.text))
<BR>[Address Reference Count : 1]<UL><LI> startup_stm32f10x_hd.o(RESET)
</UL>
<P><STRONG><a name="[26]"></a>EXTI4_IRQHandler</STRONG> (Thumb, 0 bytes, Stack size 0 bytes, startup_stm32f10x_hd.o(.text))
<BR>[Address Reference Count : 1]<UL><LI> startup_stm32f10x_hd.o(RESET)
</UL>
<P><STRONG><a name="[33]"></a>EXTI9_5_IRQHandler</STRONG> (Thumb, 0 bytes, Stack size 0 bytes, startup_stm32f10x_hd.o(.text))
<BR>[Address Reference Count : 1]<UL><LI> startup_stm32f10x_hd.o(RESET)
</UL>
<P><STRONG><a name="[20]"></a>FLASH_IRQHandler</STRONG> (Thumb, 0 bytes, Stack size 0 bytes, startup_stm32f10x_hd.o(.text))
<BR>[Address Reference Count : 1]<UL><LI> startup_stm32f10x_hd.o(RESET)
</UL>
<P><STRONG><a name="[4c]"></a>FSMC_IRQHandler</STRONG> (Thumb, 0 bytes, Stack size 0 bytes, startup_stm32f10x_hd.o(.text))
<BR>[Address Reference Count : 1]<UL><LI> startup_stm32f10x_hd.o(RESET)
</UL>
<P><STRONG><a name="[3c]"></a>I2C1_ER_IRQHandler</STRONG> (Thumb, 0 bytes, Stack size 0 bytes, startup_stm32f10x_hd.o(.text))
<BR>[Address Reference Count : 1]<UL><LI> startup_stm32f10x_hd.o(RESET)
</UL>
<P><STRONG><a name="[3b]"></a>I2C1_EV_IRQHandler</STRONG> (Thumb, 0 bytes, Stack size 0 bytes, startup_stm32f10x_hd.o(.text))
<BR>[Address Reference Count : 1]<UL><LI> startup_stm32f10x_hd.o(RESET)
</UL>
<P><STRONG><a name="[3e]"></a>I2C2_ER_IRQHandler</STRONG> (Thumb, 0 bytes, Stack size 0 bytes, startup_stm32f10x_hd.o(.text))
<BR>[Address Reference Count : 1]<UL><LI> startup_stm32f10x_hd.o(RESET)
</UL>
<P><STRONG><a name="[3d]"></a>I2C2_EV_IRQHandler</STRONG> (Thumb, 0 bytes, Stack size 0 bytes, startup_stm32f10x_hd.o(.text))
<BR>[Address Reference Count : 1]<UL><LI> startup_stm32f10x_hd.o(RESET)
</UL>
<P><STRONG><a name="[1d]"></a>PVD_IRQHandler</STRONG> (Thumb, 0 bytes, Stack size 0 bytes, startup_stm32f10x_hd.o(.text))
<BR>[Address Reference Count : 1]<UL><LI> startup_stm32f10x_hd.o(RESET)
</UL>
<P><STRONG><a name="[21]"></a>RCC_IRQHandler</STRONG> (Thumb, 0 bytes, Stack size 0 bytes, startup_stm32f10x_hd.o(.text))
<BR>[Address Reference Count : 1]<UL><LI> startup_stm32f10x_hd.o(RESET)
</UL>
<P><STRONG><a name="[45]"></a>RTCAlarm_IRQHandler</STRONG> (Thumb, 0 bytes, Stack size 0 bytes, startup_stm32f10x_hd.o(.text))
<BR>[Address Reference Count : 1]<UL><LI> startup_stm32f10x_hd.o(RESET)
</UL>
<P><STRONG><a name="[1f]"></a>RTC_IRQHandler</STRONG> (Thumb, 0 bytes, Stack size 0 bytes, startup_stm32f10x_hd.o(.text))
<BR>[Address Reference Count : 1]<UL><LI> startup_stm32f10x_hd.o(RESET)
</UL>
<P><STRONG><a name="[4d]"></a>SDIO_IRQHandler</STRONG> (Thumb, 0 bytes, Stack size 0 bytes, startup_stm32f10x_hd.o(.text))
<BR>[Address Reference Count : 1]<UL><LI> startup_stm32f10x_hd.o(RESET)
</UL>
<P><STRONG><a name="[3f]"></a>SPI1_IRQHandler</STRONG> (Thumb, 0 bytes, Stack size 0 bytes, startup_stm32f10x_hd.o(.text))
<BR>[Address Reference Count : 1]<UL><LI> startup_stm32f10x_hd.o(RESET)
</UL>
<P><STRONG><a name="[40]"></a>SPI2_IRQHandler</STRONG> (Thumb, 0 bytes, Stack size 0 bytes, startup_stm32f10x_hd.o(.text))
<BR>[Address Reference Count : 1]<UL><LI> startup_stm32f10x_hd.o(RESET)
</UL>
<P><STRONG><a name="[4f]"></a>SPI3_IRQHandler</STRONG> (Thumb, 0 bytes, Stack size 0 bytes, startup_stm32f10x_hd.o(.text))
<BR>[Address Reference Count : 1]<UL><LI> startup_stm32f10x_hd.o(RESET)
</UL>
<P><STRONG><a name="[1e]"></a>TAMPER_IRQHandler</STRONG> (Thumb, 0 bytes, Stack size 0 bytes, startup_stm32f10x_hd.o(.text))
<BR>[Address Reference Count : 1]<UL><LI> startup_stm32f10x_hd.o(RESET)
</UL>
<P><STRONG><a name="[34]"></a>TIM1_BRK_IRQHandler</STRONG> (Thumb, 0 bytes, Stack size 0 bytes, startup_stm32f10x_hd.o(.text))
<BR>[Address Reference Count : 1]<UL><LI> startup_stm32f10x_hd.o(RESET)
</UL>
<P><STRONG><a name="[37]"></a>TIM1_CC_IRQHandler</STRONG> (Thumb, 0 bytes, Stack size 0 bytes, startup_stm32f10x_hd.o(.text))
<BR>[Address Reference Count : 1]<UL><LI> startup_stm32f10x_hd.o(RESET)
</UL>
<P><STRONG><a name="[36]"></a>TIM1_TRG_COM_IRQHandler</STRONG> (Thumb, 0 bytes, Stack size 0 bytes, startup_stm32f10x_hd.o(.text))
<BR>[Address Reference Count : 1]<UL><LI> startup_stm32f10x_hd.o(RESET)
</UL>
<P><STRONG><a name="[35]"></a>TIM1_UP_IRQHandler</STRONG> (Thumb, 0 bytes, Stack size 0 bytes, startup_stm32f10x_hd.o(.text))
<BR>[Address Reference Count : 1]<UL><LI> startup_stm32f10x_hd.o(RESET)
</UL>
<P><STRONG><a name="[38]"></a>TIM2_IRQHandler</STRONG> (Thumb, 0 bytes, Stack size 0 bytes, startup_stm32f10x_hd.o(.text))
<BR>[Address Reference Count : 1]<UL><LI> startup_stm32f10x_hd.o(RESET)
</UL>
<P><STRONG><a name="[39]"></a>TIM3_IRQHandler</STRONG> (Thumb, 0 bytes, Stack size 0 bytes, startup_stm32f10x_hd.o(.text))
<BR>[Address Reference Count : 1]<UL><LI> startup_stm32f10x_hd.o(RESET)
</UL>
<P><STRONG><a name="[3a]"></a>TIM4_IRQHandler</STRONG> (Thumb, 0 bytes, Stack size 0 bytes, startup_stm32f10x_hd.o(.text))
<BR>[Address Reference Count : 1]<UL><LI> startup_stm32f10x_hd.o(RESET)
</UL>
<P><STRONG><a name="[4e]"></a>TIM5_IRQHandler</STRONG> (Thumb, 0 bytes, Stack size 0 bytes, startup_stm32f10x_hd.o(.text))
<BR>[Address Reference Count : 1]<UL><LI> startup_stm32f10x_hd.o(RESET)
</UL>
<P><STRONG><a name="[52]"></a>TIM6_IRQHandler</STRONG> (Thumb, 0 bytes, Stack size 0 bytes, startup_stm32f10x_hd.o(.text))
<BR>[Address Reference Count : 1]<UL><LI> startup_stm32f10x_hd.o(RESET)
</UL>
<P><STRONG><a name="[53]"></a>TIM7_IRQHandler</STRONG> (Thumb, 0 bytes, Stack size 0 bytes, startup_stm32f10x_hd.o(.text))
<BR>[Address Reference Count : 1]<UL><LI> startup_stm32f10x_hd.o(RESET)
</UL>
<P><STRONG><a name="[47]"></a>TIM8_BRK_IRQHandler</STRONG> (Thumb, 0 bytes, Stack size 0 bytes, startup_stm32f10x_hd.o(.text))
<BR>[Address Reference Count : 1]<UL><LI> startup_stm32f10x_hd.o(RESET)
</UL>
<P><STRONG><a name="[4a]"></a>TIM8_CC_IRQHandler</STRONG> (Thumb, 0 bytes, Stack size 0 bytes, startup_stm32f10x_hd.o(.text))
<BR>[Address Reference Count : 1]<UL><LI> startup_stm32f10x_hd.o(RESET)
</UL>
<P><STRONG><a name="[49]"></a>TIM8_TRG_COM_IRQHandler</STRONG> (Thumb, 0 bytes, Stack size 0 bytes, startup_stm32f10x_hd.o(.text))
<BR>[Address Reference Count : 1]<UL><LI> startup_stm32f10x_hd.o(RESET)
</UL>
<P><STRONG><a name="[48]"></a>TIM8_UP_IRQHandler</STRONG> (Thumb, 0 bytes, Stack size 0 bytes, startup_stm32f10x_hd.o(.text))
<BR>[Address Reference Count : 1]<UL><LI> startup_stm32f10x_hd.o(RESET)
</UL>
<P><STRONG><a name="[50]"></a>UART4_IRQHandler</STRONG> (Thumb, 0 bytes, Stack size 0 bytes, startup_stm32f10x_hd.o(.text))
<BR>[Address Reference Count : 1]<UL><LI> startup_stm32f10x_hd.o(RESET)
</UL>
<P><STRONG><a name="[51]"></a>UART5_IRQHandler</STRONG> (Thumb, 0 bytes, Stack size 0 bytes, startup_stm32f10x_hd.o(.text))
<BR>[Address Reference Count : 1]<UL><LI> startup_stm32f10x_hd.o(RESET)
</UL>
<P><STRONG><a name="[43]"></a>USART3_IRQHandler</STRONG> (Thumb, 0 bytes, Stack size 0 bytes, startup_stm32f10x_hd.o(.text))
<BR>[Address Reference Count : 1]<UL><LI> startup_stm32f10x_hd.o(RESET)
</UL>
<P><STRONG><a name="[1c]"></a>WWDG_IRQHandler</STRONG> (Thumb, 0 bytes, Stack size 0 bytes, startup_stm32f10x_hd.o(.text))
<BR>[Address Reference Count : 1]<UL><LI> startup_stm32f10x_hd.o(RESET)
</UL>
<P><STRONG><a name="[7f]"></a>__aeabi_uldivmod</STRONG> (Thumb, 98 bytes, Stack size 40 bytes, uldiv.o(.text))
<BR><BR>[Stack]<UL><LI>Max Depth = 40<LI>Call Chain = __aeabi_uldivmod
</UL>
<BR>[Calls]<UL><LI><a href="#[80]">&gt;&gt;</a>&nbsp;&nbsp;&nbsp;__aeabi_llsr
<LI><a href="#[81]">&gt;&gt;</a>&nbsp;&nbsp;&nbsp;__aeabi_llsl
</UL>
<BR>[Called By]<UL><LI><a href="#[100]">&gt;&gt;</a>&nbsp;&nbsp;&nbsp;FLASH_HEX_SWD
<LI><a href="#[20f]">&gt;&gt;</a>&nbsp;&nbsp;&nbsp;_printf_core
</UL>

<P><STRONG><a name="[1ab]"></a>__aeabi_memcpy</STRONG> (Thumb, 36 bytes, Stack size 0 bytes, memcpya.o(.text))
<BR><BR>[Called By]<UL><LI><a href="#[107]">&gt;&gt;</a>&nbsp;&nbsp;&nbsp;usart_sendCommand
<LI><a href="#[25c]">&gt;&gt;</a>&nbsp;&nbsp;&nbsp;usbd_hid_get_report_trigger
<LI><a href="#[1f1]">&gt;&gt;</a>&nbsp;&nbsp;&nbsp;usbd_hid_set_report
<LI><a href="#[1ef]">&gt;&gt;</a>&nbsp;&nbsp;&nbsp;usbd_hid_get_report
<LI><a href="#[190]">&gt;&gt;</a>&nbsp;&nbsp;&nbsp;USBD_CDC_ACM_DataRead
</UL>

<P><STRONG><a name="[264]"></a>__aeabi_memcpy4</STRONG> (Thumb, 0 bytes, Stack size 0 bytes, memcpya.o(.text), UNUSED)

<P><STRONG><a name="[265]"></a>__aeabi_memcpy8</STRONG> (Thumb, 0 bytes, Stack size 0 bytes, memcpya.o(.text), UNUSED)

<P><STRONG><a name="[83]"></a>__aeabi_memset</STRONG> (Thumb, 14 bytes, Stack size 0 bytes, memseta.o(.text))
<BR><BR>[Called By]<UL><LI><a href="#[100]">&gt;&gt;</a>&nbsp;&nbsp;&nbsp;FLASH_HEX_SWD
<LI><a href="#[84]">&gt;&gt;</a>&nbsp;&nbsp;&nbsp;_memset$wrapper
<LI><a href="#[82]">&gt;&gt;</a>&nbsp;&nbsp;&nbsp;__aeabi_memclr
</UL>

<P><STRONG><a name="[266]"></a>__aeabi_memset4</STRONG> (Thumb, 0 bytes, Stack size 0 bytes, memseta.o(.text), UNUSED)

<P><STRONG><a name="[267]"></a>__aeabi_memset8</STRONG> (Thumb, 0 bytes, Stack size 0 bytes, memseta.o(.text), UNUSED)

<P><STRONG><a name="[82]"></a>__aeabi_memclr</STRONG> (Thumb, 4 bytes, Stack size 0 bytes, memseta.o(.text))
<BR><BR>[Calls]<UL><LI><a href="#[83]">&gt;&gt;</a>&nbsp;&nbsp;&nbsp;__aeabi_memset
</UL>
<BR>[Called By]<UL><LI><a href="#[107]">&gt;&gt;</a>&nbsp;&nbsp;&nbsp;usart_sendCommand
<LI><a href="#[41]">&gt;&gt;</a>&nbsp;&nbsp;&nbsp;USART1_IRQHandler
<LI><a href="#[131]">&gt;&gt;</a>&nbsp;&nbsp;&nbsp;Set_System
<LI><a href="#[7]">&gt;&gt;</a>&nbsp;&nbsp;&nbsp;MASS_Status_In
</UL>

<P><STRONG><a name="[1a8]"></a>__aeabi_memclr4</STRONG> (Thumb, 0 bytes, Stack size 0 bytes, memseta.o(.text))
<BR><BR>[Called By]<UL><LI><a href="#[238]">&gt;&gt;</a>&nbsp;&nbsp;&nbsp;swd_flash_syscall_exec
<LI><a href="#[19e]">&gt;&gt;</a>&nbsp;&nbsp;&nbsp;USART_Initialize
</UL>

<P><STRONG><a name="[268]"></a>__aeabi_memclr8</STRONG> (Thumb, 0 bytes, Stack size 0 bytes, memseta.o(.text), UNUSED)

<P><STRONG><a name="[84]"></a>_memset$wrapper</STRONG> (Thumb, 18 bytes, Stack size 8 bytes, memseta.o(.text), UNUSED)
<BR><BR>[Calls]<UL><LI><a href="#[83]">&gt;&gt;</a>&nbsp;&nbsp;&nbsp;__aeabi_memset
</UL>

<P><STRONG><a name="[fe]"></a>strstr</STRONG> (Thumb, 36 bytes, Stack size 12 bytes, strstr.o(.text))
<BR><BR>[Stack]<UL><LI>Max Depth = 12<LI>Call Chain = strstr
</UL>
<BR>[Called By]<UL><LI><a href="#[f4]">&gt;&gt;</a>&nbsp;&nbsp;&nbsp;Draw_Main
</UL>

<P><STRONG><a name="[fa]"></a>strncpy</STRONG> (Thumb, 24 bytes, Stack size 8 bytes, strncpy.o(.text))
<BR><BR>[Stack]<UL><LI>Max Depth = 8<LI>Call Chain = strncpy
</UL>
<BR>[Called By]<UL><LI><a href="#[f4]">&gt;&gt;</a>&nbsp;&nbsp;&nbsp;Draw_Main
</UL>

<P><STRONG><a name="[f8]"></a>strlen</STRONG> (Thumb, 14 bytes, Stack size 0 bytes, strlen.o(.text))
<BR><BR>[Called By]<UL><LI><a href="#[100]">&gt;&gt;</a>&nbsp;&nbsp;&nbsp;FLASH_HEX_SWD
<LI><a href="#[f4]">&gt;&gt;</a>&nbsp;&nbsp;&nbsp;Draw_Main
</UL>

<P><STRONG><a name="[85]"></a>__aeabi_dmul</STRONG> (Thumb, 228 bytes, Stack size 48 bytes, dmul.o(.text))
<BR><BR>[Stack]<UL><LI>Max Depth = 88<LI>Call Chain = __aeabi_dmul &rArr; _double_epilogue &rArr; _double_round
</UL>
<BR>[Calls]<UL><LI><a href="#[86]">&gt;&gt;</a>&nbsp;&nbsp;&nbsp;_double_epilogue
</UL>
<BR>[Called By]<UL><LI><a href="#[101]">&gt;&gt;</a>&nbsp;&nbsp;&nbsp;FLASH_SWD
<LI><a href="#[100]">&gt;&gt;</a>&nbsp;&nbsp;&nbsp;FLASH_HEX_SWD
</UL>

<P><STRONG><a name="[87]"></a>__aeabi_ddiv</STRONG> (Thumb, 222 bytes, Stack size 32 bytes, ddiv.o(.text))
<BR><BR>[Stack]<UL><LI>Max Depth = 40<LI>Call Chain = __aeabi_ddiv &rArr; _double_round
</UL>
<BR>[Calls]<UL><LI><a href="#[88]">&gt;&gt;</a>&nbsp;&nbsp;&nbsp;_double_round
</UL>
<BR>[Called By]<UL><LI><a href="#[101]">&gt;&gt;</a>&nbsp;&nbsp;&nbsp;FLASH_SWD
<LI><a href="#[100]">&gt;&gt;</a>&nbsp;&nbsp;&nbsp;FLASH_HEX_SWD
</UL>

<P><STRONG><a name="[89]"></a>__aeabi_ui2d</STRONG> (Thumb, 26 bytes, Stack size 16 bytes, dfltui.o(.text))
<BR><BR>[Stack]<UL><LI>Max Depth = 56<LI>Call Chain = __aeabi_ui2d &rArr; _double_epilogue &rArr; _double_round
</UL>
<BR>[Calls]<UL><LI><a href="#[86]">&gt;&gt;</a>&nbsp;&nbsp;&nbsp;_double_epilogue
</UL>
<BR>[Called By]<UL><LI><a href="#[101]">&gt;&gt;</a>&nbsp;&nbsp;&nbsp;FLASH_SWD
<LI><a href="#[100]">&gt;&gt;</a>&nbsp;&nbsp;&nbsp;FLASH_HEX_SWD
</UL>

<P><STRONG><a name="[8a]"></a>__aeabi_d2uiz</STRONG> (Thumb, 50 bytes, Stack size 8 bytes, dfixui.o(.text))
<BR><BR>[Stack]<UL><LI>Max Depth = 8<LI>Call Chain = __aeabi_d2uiz
</UL>
<BR>[Calls]<UL><LI><a href="#[80]">&gt;&gt;</a>&nbsp;&nbsp;&nbsp;__aeabi_llsr
</UL>
<BR>[Called By]<UL><LI><a href="#[101]">&gt;&gt;</a>&nbsp;&nbsp;&nbsp;FLASH_SWD
<LI><a href="#[100]">&gt;&gt;</a>&nbsp;&nbsp;&nbsp;FLASH_HEX_SWD
</UL>

<P><STRONG><a name="[81]"></a>__aeabi_llsl</STRONG> (Thumb, 30 bytes, Stack size 0 bytes, llshl.o(.text))
<BR><BR>[Called By]<UL><LI><a href="#[7f]">&gt;&gt;</a>&nbsp;&nbsp;&nbsp;__aeabi_uldivmod
<LI><a href="#[86]">&gt;&gt;</a>&nbsp;&nbsp;&nbsp;_double_epilogue
</UL>

<P><STRONG><a name="[269]"></a>_ll_shift_l</STRONG> (Thumb, 0 bytes, Stack size 0 bytes, llshl.o(.text), UNUSED)

<P><STRONG><a name="[80]"></a>__aeabi_llsr</STRONG> (Thumb, 32 bytes, Stack size 0 bytes, llushr.o(.text))
<BR><BR>[Called By]<UL><LI><a href="#[8a]">&gt;&gt;</a>&nbsp;&nbsp;&nbsp;__aeabi_d2uiz
<LI><a href="#[7f]">&gt;&gt;</a>&nbsp;&nbsp;&nbsp;__aeabi_uldivmod
<LI><a href="#[86]">&gt;&gt;</a>&nbsp;&nbsp;&nbsp;_double_epilogue
</UL>

<P><STRONG><a name="[26a]"></a>_ll_ushift_r</STRONG> (Thumb, 0 bytes, Stack size 0 bytes, llushr.o(.text), UNUSED)

<P><STRONG><a name="[26b]"></a>__I$use$fp</STRONG> (Thumb, 0 bytes, Stack size 8 bytes, iusefp.o(.text), UNUSED)

<P><STRONG><a name="[88]"></a>_double_round</STRONG> (Thumb, 30 bytes, Stack size 8 bytes, depilogue.o(.text))
<BR><BR>[Stack]<UL><LI>Max Depth = 8<LI>Call Chain = _double_round
</UL>
<BR>[Called By]<UL><LI><a href="#[87]">&gt;&gt;</a>&nbsp;&nbsp;&nbsp;__aeabi_ddiv
<LI><a href="#[86]">&gt;&gt;</a>&nbsp;&nbsp;&nbsp;_double_epilogue
</UL>

<P><STRONG><a name="[86]"></a>_double_epilogue</STRONG> (Thumb, 156 bytes, Stack size 32 bytes, depilogue.o(.text))
<BR><BR>[Stack]<UL><LI>Max Depth = 40<LI>Call Chain = _double_epilogue &rArr; _double_round
</UL>
<BR>[Calls]<UL><LI><a href="#[80]">&gt;&gt;</a>&nbsp;&nbsp;&nbsp;__aeabi_llsr
<LI><a href="#[81]">&gt;&gt;</a>&nbsp;&nbsp;&nbsp;__aeabi_llsl
<LI><a href="#[88]">&gt;&gt;</a>&nbsp;&nbsp;&nbsp;_double_round
</UL>
<BR>[Called By]<UL><LI><a href="#[89]">&gt;&gt;</a>&nbsp;&nbsp;&nbsp;__aeabi_ui2d
<LI><a href="#[85]">&gt;&gt;</a>&nbsp;&nbsp;&nbsp;__aeabi_dmul
</UL>

<P><STRONG><a name="[7e]"></a>__scatterload</STRONG> (Thumb, 28 bytes, Stack size 0 bytes, init.o(.text))
<BR><BR>[Calls]<UL><LI><a href="#[8b]">&gt;&gt;</a>&nbsp;&nbsp;&nbsp;__main_after_scatterload
</UL>
<BR>[Called By]<UL><LI><a href="#[7d]">&gt;&gt;</a>&nbsp;&nbsp;&nbsp;_main_scatterload
</UL>

<P><STRONG><a name="[26c]"></a>__scatterload_rt2</STRONG> (Thumb, 0 bytes, Stack size 0 bytes, init.o(.text), UNUSED)

<P><STRONG><a name="[26d]"></a>__decompress</STRONG> (Thumb, 0 bytes, Stack size unknown bytes, __dczerorl2.o(.text), UNUSED)

<P><STRONG><a name="[26e]"></a>__decompress1</STRONG> (Thumb, 86 bytes, Stack size unknown bytes, __dczerorl2.o(.text), UNUSED)

<P><STRONG><a name="[8c]"></a>Bot_Abort</STRONG> (Thumb, 64 bytes, Stack size 8 bytes, usb_bot.o(i.Bot_Abort))
<BR><BR>[Stack]<UL><LI>Max Depth = 20<LI>Call Chain = Bot_Abort &rArr; SetEPTxStatus
</UL>
<BR>[Calls]<UL><LI><a href="#[8d]">&gt;&gt;</a>&nbsp;&nbsp;&nbsp;SetEPTxStatus
<LI><a href="#[8e]">&gt;&gt;</a>&nbsp;&nbsp;&nbsp;SetEPRxStatus
</UL>
<BR>[Called By]<UL><LI><a href="#[16e]">&gt;&gt;</a>&nbsp;&nbsp;&nbsp;SCSI_Address_Management
<LI><a href="#[10]">&gt;&gt;</a>&nbsp;&nbsp;&nbsp;Mass_Storage_ClearFeature
<LI><a href="#[9b]">&gt;&gt;</a>&nbsp;&nbsp;&nbsp;SCSI_Write10_Cmd
<LI><a href="#[9c]">&gt;&gt;</a>&nbsp;&nbsp;&nbsp;SCSI_Verify10_Cmd
<LI><a href="#[99]">&gt;&gt;</a>&nbsp;&nbsp;&nbsp;SCSI_TestUnitReady_Cmd
<LI><a href="#[97]">&gt;&gt;</a>&nbsp;&nbsp;&nbsp;SCSI_ReadFormatCapacity_Cmd
<LI><a href="#[98]">&gt;&gt;</a>&nbsp;&nbsp;&nbsp;SCSI_ReadCapacity10_Cmd
<LI><a href="#[9a]">&gt;&gt;</a>&nbsp;&nbsp;&nbsp;SCSI_Read10_Cmd
<LI><a href="#[9e]">&gt;&gt;</a>&nbsp;&nbsp;&nbsp;SCSI_Invalid_Cmd
<LI><a href="#[9d]">&gt;&gt;</a>&nbsp;&nbsp;&nbsp;SCSI_Format_Cmd
<LI><a href="#[104]">&gt;&gt;</a>&nbsp;&nbsp;&nbsp;Mass_Storage_Out
<LI><a href="#[8f]">&gt;&gt;</a>&nbsp;&nbsp;&nbsp;CBW_Decode
</UL>

<P><STRONG><a name="[18f]"></a>ByteSwap</STRONG> (Thumb, 12 bytes, Stack size 0 bytes, usb_regs.o(i.ByteSwap))
<BR><BR>[Called By]<UL><LI><a href="#[a1]">&gt;&gt;</a>&nbsp;&nbsp;&nbsp;Setup0_Process
</UL>

<P><STRONG><a name="[8f]"></a>CBW_Decode</STRONG> (Thumb, 676 bytes, Stack size 8 bytes, usb_bot.o(i.CBW_Decode))
<BR><BR>[Stack]<UL><LI>Max Depth = 192<LI>Call Chain = CBW_Decode &rArr; SCSI_Write10_Cmd &rArr; Write_Memory &rArr; MAL_Write &rArr; W25QXX_Write &rArr; W25QXX_Write_NoCheck &rArr; W25QXX_Write_Page &rArr; W25QXX_Wait_Busy &rArr; W25QXX_ReadSR &rArr; SPI2_ReadWriteByte
</UL>
<BR>[Calls]<UL><LI><a href="#[90]">&gt;&gt;</a>&nbsp;&nbsp;&nbsp;Set_Scsi_Sense_Data
<LI><a href="#[9b]">&gt;&gt;</a>&nbsp;&nbsp;&nbsp;SCSI_Write10_Cmd
<LI><a href="#[9c]">&gt;&gt;</a>&nbsp;&nbsp;&nbsp;SCSI_Verify10_Cmd
<LI><a href="#[99]">&gt;&gt;</a>&nbsp;&nbsp;&nbsp;SCSI_TestUnitReady_Cmd
<LI><a href="#[94]">&gt;&gt;</a>&nbsp;&nbsp;&nbsp;SCSI_Start_Stop_Unit_Cmd
<LI><a href="#[92]">&gt;&gt;</a>&nbsp;&nbsp;&nbsp;SCSI_RequestSense_Cmd
<LI><a href="#[97]">&gt;&gt;</a>&nbsp;&nbsp;&nbsp;SCSI_ReadFormatCapacity_Cmd
<LI><a href="#[98]">&gt;&gt;</a>&nbsp;&nbsp;&nbsp;SCSI_ReadCapacity10_Cmd
<LI><a href="#[9a]">&gt;&gt;</a>&nbsp;&nbsp;&nbsp;SCSI_Read10_Cmd
<LI><a href="#[95]">&gt;&gt;</a>&nbsp;&nbsp;&nbsp;SCSI_ModeSense6_Cmd
<LI><a href="#[96]">&gt;&gt;</a>&nbsp;&nbsp;&nbsp;SCSI_ModeSense10_Cmd
<LI><a href="#[9e]">&gt;&gt;</a>&nbsp;&nbsp;&nbsp;SCSI_Invalid_Cmd
<LI><a href="#[93]">&gt;&gt;</a>&nbsp;&nbsp;&nbsp;SCSI_Inquiry_Cmd
<LI><a href="#[9d]">&gt;&gt;</a>&nbsp;&nbsp;&nbsp;SCSI_Format_Cmd
<LI><a href="#[8c]">&gt;&gt;</a>&nbsp;&nbsp;&nbsp;Bot_Abort
<LI><a href="#[91]">&gt;&gt;</a>&nbsp;&nbsp;&nbsp;Set_CSW
</UL>
<BR>[Called By]<UL><LI><a href="#[104]">&gt;&gt;</a>&nbsp;&nbsp;&nbsp;Mass_Storage_Out
</UL>

<P><STRONG><a name="[1fe]"></a>CTR_HP</STRONG> (Thumb, 174 bytes, Stack size 8 bytes, usb_int.o(i.CTR_HP))
<BR><BR>[Stack]<UL><LI>Max Depth = 8<LI>Call Chain = CTR_HP
</UL>
<BR>[Called By]<UL><LI><a href="#[2f]">&gt;&gt;</a>&nbsp;&nbsp;&nbsp;USB_HP_CAN1_TX_IRQHandler
</UL>

<P><STRONG><a name="[9f]"></a>CTR_LP</STRONG> (Thumb, 616 bytes, Stack size 8 bytes, usb_int.o(i.CTR_LP))
<BR><BR>[Stack]<UL><LI>Max Depth = 116<LI>Call Chain = CTR_LP &rArr; Setup0_Process &rArr; Data_Setup0 &rArr; DataStageIn &rArr; UserToPMABufferCopy
</UL>
<BR>[Calls]<UL><LI><a href="#[a1]">&gt;&gt;</a>&nbsp;&nbsp;&nbsp;Setup0_Process
<LI><a href="#[a2]">&gt;&gt;</a>&nbsp;&nbsp;&nbsp;Out0_Process
<LI><a href="#[a0]">&gt;&gt;</a>&nbsp;&nbsp;&nbsp;In0_Process
</UL>
<BR>[Called By]<UL><LI><a href="#[201]">&gt;&gt;</a>&nbsp;&nbsp;&nbsp;USB_Istr
</UL>

<P><STRONG><a name="[a3]"></a>Char2toByte</STRONG> (Thumb, 26 bytes, Stack size 4 bytes, hex2bin.o(i.Char2toByte))
<BR><BR>[Stack]<UL><LI>Max Depth = 4<LI>Call Chain = Char2toByte
</UL>
<BR>[Calls]<UL><LI><a href="#[a4]">&gt;&gt;</a>&nbsp;&nbsp;&nbsp;ChartoByte
</UL>
<BR>[Called By]<UL><LI><a href="#[100]">&gt;&gt;</a>&nbsp;&nbsp;&nbsp;FLASH_HEX_SWD
</UL>

<P><STRONG><a name="[a4]"></a>ChartoByte</STRONG> (Thumb, 38 bytes, Stack size 0 bytes, hex2bin.o(i.ChartoByte))
<BR><BR>[Called By]<UL><LI><a href="#[a3]">&gt;&gt;</a>&nbsp;&nbsp;&nbsp;Char2toByte
</UL>

<P><STRONG><a name="[159]"></a>ClearDTOG_RX</STRONG> (Thumb, 48 bytes, Stack size 0 bytes, usb_regs.o(i.ClearDTOG_RX))
<BR><BR>[Called By]<UL><LI><a href="#[f]">&gt;&gt;</a>&nbsp;&nbsp;&nbsp;Mass_Storage_SetConfiguration
<LI><a href="#[15d]">&gt;&gt;</a>&nbsp;&nbsp;&nbsp;Standard_ClearFeature
</UL>

<P><STRONG><a name="[158]"></a>ClearDTOG_TX</STRONG> (Thumb, 48 bytes, Stack size 0 bytes, usb_regs.o(i.ClearDTOG_TX))
<BR><BR>[Called By]<UL><LI><a href="#[f]">&gt;&gt;</a>&nbsp;&nbsp;&nbsp;Mass_Storage_SetConfiguration
<LI><a href="#[15d]">&gt;&gt;</a>&nbsp;&nbsp;&nbsp;Standard_ClearFeature
</UL>

<P><STRONG><a name="[152]"></a>Clear_Status_Out</STRONG> (Thumb, 34 bytes, Stack size 0 bytes, usb_regs.o(i.Clear_Status_Out))
<BR><BR>[Called By]<UL><LI><a href="#[6]">&gt;&gt;</a>&nbsp;&nbsp;&nbsp;MASS_Reset
</UL>

<P><STRONG><a name="[66]"></a>DAP_ProcessCommand</STRONG> (Thumb, 374 bytes, Stack size 16 bytes, dap.o(i.DAP_ProcessCommand))
<BR><BR>[Stack]<UL><LI>Max Depth = 152<LI>Call Chain = DAP_ProcessCommand &rArr; DAP_Transfer &rArr; DAP_SWD_Transfer &rArr; SWD_Transfer &rArr; SWD_TransferSlow
</UL>
<BR>[Calls]<UL><LI><a href="#[c2]">&gt;&gt;</a>&nbsp;&nbsp;&nbsp;SWO_Transport
<LI><a href="#[c6]">&gt;&gt;</a>&nbsp;&nbsp;&nbsp;SWO_Status
<LI><a href="#[c3]">&gt;&gt;</a>&nbsp;&nbsp;&nbsp;SWO_Mode
<LI><a href="#[c7]">&gt;&gt;</a>&nbsp;&nbsp;&nbsp;SWO_Data
<LI><a href="#[c5]">&gt;&gt;</a>&nbsp;&nbsp;&nbsp;SWO_Control
<LI><a href="#[c4]">&gt;&gt;</a>&nbsp;&nbsp;&nbsp;SWO_Baudrate
<LI><a href="#[c1]">&gt;&gt;</a>&nbsp;&nbsp;&nbsp;DAP_WriteAbort
<LI><a href="#[be]">&gt;&gt;</a>&nbsp;&nbsp;&nbsp;DAP_TransferConfigure
<LI><a href="#[c0]">&gt;&gt;</a>&nbsp;&nbsp;&nbsp;DAP_TransferBlock
<LI><a href="#[bf]">&gt;&gt;</a>&nbsp;&nbsp;&nbsp;DAP_Transfer
<LI><a href="#[bb]">&gt;&gt;</a>&nbsp;&nbsp;&nbsp;DAP_SWJ_Sequence
<LI><a href="#[b9]">&gt;&gt;</a>&nbsp;&nbsp;&nbsp;DAP_SWJ_Pins
<LI><a href="#[ba]">&gt;&gt;</a>&nbsp;&nbsp;&nbsp;DAP_SWJ_Clock
<LI><a href="#[bc]">&gt;&gt;</a>&nbsp;&nbsp;&nbsp;DAP_SWD_Configure
<LI><a href="#[b8]">&gt;&gt;</a>&nbsp;&nbsp;&nbsp;DAP_ResetTarget
<LI><a href="#[ad]">&gt;&gt;</a>&nbsp;&nbsp;&nbsp;DAP_JTAG_Sequence
<LI><a href="#[aa]">&gt;&gt;</a>&nbsp;&nbsp;&nbsp;DAP_JTAG_IDCode
<LI><a href="#[bd]">&gt;&gt;</a>&nbsp;&nbsp;&nbsp;DAP_JTAG_Configure
<LI><a href="#[b5]">&gt;&gt;</a>&nbsp;&nbsp;&nbsp;DAP_Info
<LI><a href="#[b6]">&gt;&gt;</a>&nbsp;&nbsp;&nbsp;DAP_HostStatus
<LI><a href="#[a8]">&gt;&gt;</a>&nbsp;&nbsp;&nbsp;DAP_Disconnect
<LI><a href="#[b7]">&gt;&gt;</a>&nbsp;&nbsp;&nbsp;DAP_Delay
<LI><a href="#[a5]">&gt;&gt;</a>&nbsp;&nbsp;&nbsp;DAP_Connect
<LI><a href="#[b4]">&gt;&gt;</a>&nbsp;&nbsp;&nbsp;DAP_ProcessVendorCommand
</UL>
<BR>[Address Reference Count : 1]<UL><LI> cmsis-dap.o(.constdata)
</UL>
<P><STRONG><a name="[b4]"></a>DAP_ProcessVendorCommand</STRONG> (Thumb, 128 bytes, Stack size 8 bytes, dap_vendor.o(i.DAP_ProcessVendorCommand))
<BR><BR>[Stack]<UL><LI>Max Depth = 8<LI>Call Chain = DAP_ProcessVendorCommand
</UL>
<BR>[Called By]<UL><LI><a href="#[66]">&gt;&gt;</a>&nbsp;&nbsp;&nbsp;DAP_ProcessCommand
</UL>

<P><STRONG><a name="[d1]"></a>DAP_Setup</STRONG> (Thumb, 68 bytes, Stack size 8 bytes, dap.o(i.DAP_Setup))
<BR><BR>[Stack]<UL><LI>Max Depth = 40<LI>Call Chain = DAP_Setup &rArr; PORT_OFF &rArr; GPIO_Init
</UL>
<BR>[Calls]<UL><LI><a href="#[a9]">&gt;&gt;</a>&nbsp;&nbsp;&nbsp;PORT_OFF
</UL>
<BR>[Called By]<UL><LI><a href="#[65]">&gt;&gt;</a>&nbsp;&nbsp;&nbsp;UserAppInit
<LI><a href="#[23c]">&gt;&gt;</a>&nbsp;&nbsp;&nbsp;swd_init
</UL>

<P><STRONG><a name="[d3]"></a>DMA1_Channel1_Event</STRONG> (Thumb, 2 bytes, Stack size 0 bytes, dma_stm32f10x.o(i.DMA1_Channel1_Event))
<BR><BR>[Called By]<UL><LI><a href="#[27]">&gt;&gt;</a>&nbsp;&nbsp;&nbsp;DMA1_Channel1_IRQHandler
</UL>

<P><STRONG><a name="[27]"></a>DMA1_Channel1_IRQHandler</STRONG> (Thumb, 22 bytes, Stack size 8 bytes, dma_stm32f10x.o(i.DMA1_Channel1_IRQHandler))
<BR><BR>[Stack]<UL><LI>Max Depth = 8<LI>Call Chain = DMA1_Channel1_IRQHandler
</UL>
<BR>[Calls]<UL><LI><a href="#[d3]">&gt;&gt;</a>&nbsp;&nbsp;&nbsp;DMA1_Channel1_Event
</UL>
<BR>[Address Reference Count : 1]<UL><LI> startup_stm32f10x_hd.o(RESET)
</UL>
<P><STRONG><a name="[d4]"></a>DMA1_Channel2_Event</STRONG> (Thumb, 2 bytes, Stack size 0 bytes, dma_stm32f10x.o(i.DMA1_Channel2_Event))
<BR><BR>[Called By]<UL><LI><a href="#[28]">&gt;&gt;</a>&nbsp;&nbsp;&nbsp;DMA1_Channel2_IRQHandler
</UL>

<P><STRONG><a name="[28]"></a>DMA1_Channel2_IRQHandler</STRONG> (Thumb, 24 bytes, Stack size 8 bytes, dma_stm32f10x.o(i.DMA1_Channel2_IRQHandler))
<BR><BR>[Stack]<UL><LI>Max Depth = 8<LI>Call Chain = DMA1_Channel2_IRQHandler
</UL>
<BR>[Calls]<UL><LI><a href="#[d4]">&gt;&gt;</a>&nbsp;&nbsp;&nbsp;DMA1_Channel2_Event
</UL>
<BR>[Address Reference Count : 1]<UL><LI> startup_stm32f10x_hd.o(RESET)
</UL>
<P><STRONG><a name="[d5]"></a>DMA1_Channel3_Event</STRONG> (Thumb, 2 bytes, Stack size 0 bytes, dma_stm32f10x.o(i.DMA1_Channel3_Event))
<BR><BR>[Called By]<UL><LI><a href="#[29]">&gt;&gt;</a>&nbsp;&nbsp;&nbsp;DMA1_Channel3_IRQHandler
</UL>

<P><STRONG><a name="[29]"></a>DMA1_Channel3_IRQHandler</STRONG> (Thumb, 24 bytes, Stack size 8 bytes, dma_stm32f10x.o(i.DMA1_Channel3_IRQHandler))
<BR><BR>[Stack]<UL><LI>Max Depth = 8<LI>Call Chain = DMA1_Channel3_IRQHandler
</UL>
<BR>[Calls]<UL><LI><a href="#[d5]">&gt;&gt;</a>&nbsp;&nbsp;&nbsp;DMA1_Channel3_Event
</UL>
<BR>[Address Reference Count : 1]<UL><LI> startup_stm32f10x_hd.o(RESET)
</UL>
<P><STRONG><a name="[d6]"></a>DMA1_Channel4_Event</STRONG> (Thumb, 2 bytes, Stack size 0 bytes, dma_stm32f10x.o(i.DMA1_Channel4_Event))
<BR><BR>[Called By]<UL><LI><a href="#[2a]">&gt;&gt;</a>&nbsp;&nbsp;&nbsp;DMA1_Channel4_IRQHandler
</UL>

<P><STRONG><a name="[2a]"></a>DMA1_Channel4_IRQHandler</STRONG> (Thumb, 24 bytes, Stack size 8 bytes, dma_stm32f10x.o(i.DMA1_Channel4_IRQHandler))
<BR><BR>[Stack]<UL><LI>Max Depth = 8<LI>Call Chain = DMA1_Channel4_IRQHandler
</UL>
<BR>[Calls]<UL><LI><a href="#[d6]">&gt;&gt;</a>&nbsp;&nbsp;&nbsp;DMA1_Channel4_Event
</UL>
<BR>[Address Reference Count : 1]<UL><LI> startup_stm32f10x_hd.o(RESET)
</UL>
<P><STRONG><a name="[d7]"></a>DMA1_Channel5_Event</STRONG> (Thumb, 2 bytes, Stack size 0 bytes, dma_stm32f10x.o(i.DMA1_Channel5_Event))
<BR><BR>[Called By]<UL><LI><a href="#[2b]">&gt;&gt;</a>&nbsp;&nbsp;&nbsp;DMA1_Channel5_IRQHandler
</UL>

<P><STRONG><a name="[2b]"></a>DMA1_Channel5_IRQHandler</STRONG> (Thumb, 24 bytes, Stack size 8 bytes, dma_stm32f10x.o(i.DMA1_Channel5_IRQHandler))
<BR><BR>[Stack]<UL><LI>Max Depth = 8<LI>Call Chain = DMA1_Channel5_IRQHandler
</UL>
<BR>[Calls]<UL><LI><a href="#[d7]">&gt;&gt;</a>&nbsp;&nbsp;&nbsp;DMA1_Channel5_Event
</UL>
<BR>[Address Reference Count : 1]<UL><LI> startup_stm32f10x_hd.o(RESET)
</UL>
<P><STRONG><a name="[d8]"></a>DMA1_Channel6_Event</STRONG> (Thumb, 12 bytes, Stack size 8 bytes, usart_stm32f10x.o(i.DMA1_Channel6_Event))
<BR><BR>[Stack]<UL><LI>Max Depth = 24<LI>Call Chain = DMA1_Channel6_Event &rArr; USART_RX_DMA_Complete
</UL>
<BR>[Calls]<UL><LI><a href="#[d9]">&gt;&gt;</a>&nbsp;&nbsp;&nbsp;USART_RX_DMA_Complete
</UL>
<BR>[Called By]<UL><LI><a href="#[2c]">&gt;&gt;</a>&nbsp;&nbsp;&nbsp;DMA1_Channel6_IRQHandler
</UL>

<P><STRONG><a name="[2c]"></a>DMA1_Channel6_IRQHandler</STRONG> (Thumb, 24 bytes, Stack size 8 bytes, dma_stm32f10x.o(i.DMA1_Channel6_IRQHandler))
<BR><BR>[Stack]<UL><LI>Max Depth = 32<LI>Call Chain = DMA1_Channel6_IRQHandler &rArr; DMA1_Channel6_Event &rArr; USART_RX_DMA_Complete
</UL>
<BR>[Calls]<UL><LI><a href="#[d8]">&gt;&gt;</a>&nbsp;&nbsp;&nbsp;DMA1_Channel6_Event
</UL>
<BR>[Address Reference Count : 1]<UL><LI> startup_stm32f10x_hd.o(RESET)
</UL>
<P><STRONG><a name="[da]"></a>DMA1_Channel7_Event</STRONG> (Thumb, 12 bytes, Stack size 8 bytes, usart_stm32f10x.o(i.DMA1_Channel7_Event))
<BR><BR>[Stack]<UL><LI>Max Depth = 16<LI>Call Chain = DMA1_Channel7_Event &rArr; USART_TX_DMA_Complete
</UL>
<BR>[Calls]<UL><LI><a href="#[db]">&gt;&gt;</a>&nbsp;&nbsp;&nbsp;USART_TX_DMA_Complete
</UL>
<BR>[Called By]<UL><LI><a href="#[2d]">&gt;&gt;</a>&nbsp;&nbsp;&nbsp;DMA1_Channel7_IRQHandler
</UL>

<P><STRONG><a name="[2d]"></a>DMA1_Channel7_IRQHandler</STRONG> (Thumb, 24 bytes, Stack size 8 bytes, dma_stm32f10x.o(i.DMA1_Channel7_IRQHandler))
<BR><BR>[Stack]<UL><LI>Max Depth = 24<LI>Call Chain = DMA1_Channel7_IRQHandler &rArr; DMA1_Channel7_Event &rArr; USART_TX_DMA_Complete
</UL>
<BR>[Calls]<UL><LI><a href="#[da]">&gt;&gt;</a>&nbsp;&nbsp;&nbsp;DMA1_Channel7_Event
</UL>
<BR>[Address Reference Count : 1]<UL><LI> startup_stm32f10x_hd.o(RESET)
</UL>
<P><STRONG><a name="[dc]"></a>DMA2_Channel1_Event</STRONG> (Thumb, 2 bytes, Stack size 0 bytes, dma_stm32f10x.o(i.DMA2_Channel1_Event))
<BR><BR>[Called By]<UL><LI><a href="#[54]">&gt;&gt;</a>&nbsp;&nbsp;&nbsp;DMA2_Channel1_IRQHandler
</UL>

<P><STRONG><a name="[54]"></a>DMA2_Channel1_IRQHandler</STRONG> (Thumb, 24 bytes, Stack size 8 bytes, dma_stm32f10x.o(i.DMA2_Channel1_IRQHandler))
<BR><BR>[Stack]<UL><LI>Max Depth = 8<LI>Call Chain = DMA2_Channel1_IRQHandler
</UL>
<BR>[Calls]<UL><LI><a href="#[dc]">&gt;&gt;</a>&nbsp;&nbsp;&nbsp;DMA2_Channel1_Event
</UL>
<BR>[Address Reference Count : 1]<UL><LI> startup_stm32f10x_hd.o(RESET)
</UL>
<P><STRONG><a name="[dd]"></a>DMA2_Channel2_Event</STRONG> (Thumb, 2 bytes, Stack size 0 bytes, dma_stm32f10x.o(i.DMA2_Channel2_Event))
<BR><BR>[Called By]<UL><LI><a href="#[55]">&gt;&gt;</a>&nbsp;&nbsp;&nbsp;DMA2_Channel2_IRQHandler
</UL>

<P><STRONG><a name="[55]"></a>DMA2_Channel2_IRQHandler</STRONG> (Thumb, 26 bytes, Stack size 8 bytes, dma_stm32f10x.o(i.DMA2_Channel2_IRQHandler))
<BR><BR>[Stack]<UL><LI>Max Depth = 8<LI>Call Chain = DMA2_Channel2_IRQHandler
</UL>
<BR>[Calls]<UL><LI><a href="#[dd]">&gt;&gt;</a>&nbsp;&nbsp;&nbsp;DMA2_Channel2_Event
</UL>
<BR>[Address Reference Count : 1]<UL><LI> startup_stm32f10x_hd.o(RESET)
</UL>
<P><STRONG><a name="[de]"></a>DMA2_Channel3_Event</STRONG> (Thumb, 2 bytes, Stack size 0 bytes, dma_stm32f10x.o(i.DMA2_Channel3_Event))
<BR><BR>[Called By]<UL><LI><a href="#[56]">&gt;&gt;</a>&nbsp;&nbsp;&nbsp;DMA2_Channel3_IRQHandler
</UL>

<P><STRONG><a name="[56]"></a>DMA2_Channel3_IRQHandler</STRONG> (Thumb, 26 bytes, Stack size 8 bytes, dma_stm32f10x.o(i.DMA2_Channel3_IRQHandler))
<BR><BR>[Stack]<UL><LI>Max Depth = 8<LI>Call Chain = DMA2_Channel3_IRQHandler
</UL>
<BR>[Calls]<UL><LI><a href="#[de]">&gt;&gt;</a>&nbsp;&nbsp;&nbsp;DMA2_Channel3_Event
</UL>
<BR>[Address Reference Count : 1]<UL><LI> startup_stm32f10x_hd.o(RESET)
</UL>
<P><STRONG><a name="[57]"></a>DMA2_Channel4_5_IRQHandler</STRONG> (Thumb, 52 bytes, Stack size 8 bytes, dma_stm32f10x.o(i.DMA2_Channel4_5_IRQHandler))
<BR><BR>[Stack]<UL><LI>Max Depth = 8<LI>Call Chain = DMA2_Channel4_5_IRQHandler
</UL>
<BR>[Calls]<UL><LI><a href="#[e0]">&gt;&gt;</a>&nbsp;&nbsp;&nbsp;DMA2_Channel5_Event
<LI><a href="#[df]">&gt;&gt;</a>&nbsp;&nbsp;&nbsp;DMA2_Channel4_Event
</UL>
<BR>[Address Reference Count : 1]<UL><LI> startup_stm32f10x_hd.o(RESET)
</UL>
<P><STRONG><a name="[df]"></a>DMA2_Channel4_Event</STRONG> (Thumb, 2 bytes, Stack size 0 bytes, dma_stm32f10x.o(i.DMA2_Channel4_Event))
<BR><BR>[Called By]<UL><LI><a href="#[57]">&gt;&gt;</a>&nbsp;&nbsp;&nbsp;DMA2_Channel4_5_IRQHandler
</UL>

<P><STRONG><a name="[e0]"></a>DMA2_Channel5_Event</STRONG> (Thumb, 2 bytes, Stack size 0 bytes, dma_stm32f10x.o(i.DMA2_Channel5_Event))
<BR><BR>[Called By]<UL><LI><a href="#[57]">&gt;&gt;</a>&nbsp;&nbsp;&nbsp;DMA2_Channel4_5_IRQHandler
</UL>

<P><STRONG><a name="[e1]"></a>DMA_ChannelInitialize</STRONG> (Thumb, 444 bytes, Stack size 16 bytes, dma_stm32f10x.o(i.DMA_ChannelInitialize))
<BR><BR>[Stack]<UL><LI>Max Depth = 16<LI>Call Chain = DMA_ChannelInitialize
</UL>
<BR>[Calls]<UL><LI><a href="#[e3]">&gt;&gt;</a>&nbsp;&nbsp;&nbsp;NVIC_EnableIRQ
<LI><a href="#[e2]">&gt;&gt;</a>&nbsp;&nbsp;&nbsp;NVIC_ClearPendingIRQ
</UL>
<BR>[Called By]<UL><LI><a href="#[19f]">&gt;&gt;</a>&nbsp;&nbsp;&nbsp;USART_PowerControl
</UL>

<P><STRONG><a name="[e4]"></a>DMA_ChannelUninitialize</STRONG> (Thumb, 334 bytes, Stack size 16 bytes, dma_stm32f10x.o(i.DMA_ChannelUninitialize))
<BR><BR>[Stack]<UL><LI>Max Depth = 16<LI>Call Chain = DMA_ChannelUninitialize
</UL>
<BR>[Calls]<UL><LI><a href="#[e5]">&gt;&gt;</a>&nbsp;&nbsp;&nbsp;NVIC_DisableIRQ
</UL>
<BR>[Called By]<UL><LI><a href="#[19f]">&gt;&gt;</a>&nbsp;&nbsp;&nbsp;USART_PowerControl
</UL>

<P><STRONG><a name="[256]"></a>DMA_ClearFlag</STRONG> (Thumb, 18 bytes, Stack size 0 bytes, stm32f10x_dma.o(i.DMA_ClearFlag))
<BR><BR>[Called By]<UL><LI><a href="#[153]">&gt;&gt;</a>&nbsp;&nbsp;&nbsp;uart_init
</UL>

<P><STRONG><a name="[24e]"></a>DMA_Cmd</STRONG> (Thumb, 24 bytes, Stack size 0 bytes, stm32f10x_dma.o(i.DMA_Cmd))
<BR><BR>[Called By]<UL><LI><a href="#[107]">&gt;&gt;</a>&nbsp;&nbsp;&nbsp;usart_sendCommand
<LI><a href="#[153]">&gt;&gt;</a>&nbsp;&nbsp;&nbsp;uart_init
<LI><a href="#[196]">&gt;&gt;</a>&nbsp;&nbsp;&nbsp;uart1_dma_enable
</UL>

<P><STRONG><a name="[254]"></a>DMA_DeInit</STRONG> (Thumb, 324 bytes, Stack size 0 bytes, stm32f10x_dma.o(i.DMA_DeInit))
<BR><BR>[Called By]<UL><LI><a href="#[153]">&gt;&gt;</a>&nbsp;&nbsp;&nbsp;uart_init
</UL>

<P><STRONG><a name="[193]"></a>DMA_GetCurrDataCounter</STRONG> (Thumb, 8 bytes, Stack size 0 bytes, stm32f10x_dma.o(i.DMA_GetCurrDataCounter))
<BR><BR>[Called By]<UL><LI><a href="#[41]">&gt;&gt;</a>&nbsp;&nbsp;&nbsp;USART1_IRQHandler
</UL>

<P><STRONG><a name="[257]"></a>DMA_ITConfig</STRONG> (Thumb, 18 bytes, Stack size 0 bytes, stm32f10x_dma.o(i.DMA_ITConfig))
<BR><BR>[Called By]<UL><LI><a href="#[153]">&gt;&gt;</a>&nbsp;&nbsp;&nbsp;uart_init
</UL>

<P><STRONG><a name="[255]"></a>DMA_Init</STRONG> (Thumb, 60 bytes, Stack size 8 bytes, stm32f10x_dma.o(i.DMA_Init))
<BR><BR>[Stack]<UL><LI>Max Depth = 8<LI>Call Chain = DMA_Init
</UL>
<BR>[Called By]<UL><LI><a href="#[153]">&gt;&gt;</a>&nbsp;&nbsp;&nbsp;uart_init
</UL>

<P><STRONG><a name="[24f]"></a>DMA_SetCurrDataCounter</STRONG> (Thumb, 4 bytes, Stack size 0 bytes, stm32f10x_dma.o(i.DMA_SetCurrDataCounter))
<BR><BR>[Called By]<UL><LI><a href="#[107]">&gt;&gt;</a>&nbsp;&nbsp;&nbsp;usart_sendCommand
<LI><a href="#[196]">&gt;&gt;</a>&nbsp;&nbsp;&nbsp;uart1_dma_enable
</UL>

<P><STRONG><a name="[11f]"></a>Delayms</STRONG> (Thumb, 40 bytes, Stack size 0 bytes, dap.o(i.Delayms))
<BR><BR>[Called By]<UL><LI><a href="#[a6]">&gt;&gt;</a>&nbsp;&nbsp;&nbsp;PORT_SWD_SETUP
<LI><a href="#[a7]">&gt;&gt;</a>&nbsp;&nbsp;&nbsp;PORT_JTAG_SETUP
<LI><a href="#[14]">&gt;&gt;</a>&nbsp;&nbsp;&nbsp;HardFault_Handler
</UL>

<P><STRONG><a name="[ee]"></a>Do_DAPUSB</STRONG> (Thumb, 8 bytes, Stack size 0 bytes, cmsis-dap.o(i.Do_DAPUSB))
<BR><BR>[Stack]<UL><LI>Max Depth = 120<LI>Call Chain = Do_DAPUSB &rArr; usbd_hid_process &rArr; usbd_hid_get_report_trigger &rArr; USBD_HID_EP_INTIN_Event &rArr; USBD_WriteEP &rArr; EP_Status
</UL>
<BR>[Calls]<UL><LI><a href="#[ef]">&gt;&gt;</a>&nbsp;&nbsp;&nbsp;usbd_hid_process
</UL>
<BR>[Called By]<UL><LI><a href="#[129]">&gt;&gt;</a>&nbsp;&nbsp;&nbsp;Init_device
</UL>

<P><STRONG><a name="[f0]"></a>Draw_Logo</STRONG> (Thumb, 54 bytes, Stack size 8 bytes, main.o(i.Draw_Logo))
<BR><BR>[Stack]<UL><LI>Max Depth = 72<LI>Call Chain = Draw_Logo &rArr; OLED_ShowChar &rArr; OLED_Set_Pos &rArr; OLED_WR_Byte
</UL>
<BR>[Calls]<UL><LI><a href="#[f2]">&gt;&gt;</a>&nbsp;&nbsp;&nbsp;delay_ms
<LI><a href="#[f1]">&gt;&gt;</a>&nbsp;&nbsp;&nbsp;OLED_ShowChar
<LI><a href="#[f3]">&gt;&gt;</a>&nbsp;&nbsp;&nbsp;OLED_Clear
</UL>
<BR>[Called By]<UL><LI><a href="#[58]">&gt;&gt;</a>&nbsp;&nbsp;&nbsp;main
<LI><a href="#[129]">&gt;&gt;</a>&nbsp;&nbsp;&nbsp;Init_device
</UL>

<P><STRONG><a name="[f4]"></a>Draw_Main</STRONG> (Thumb, 5578 bytes, Stack size 24 bytes, main.o(i.Draw_Main))
<BR><BR>[Stack]<UL><LI>Max Depth = 616<LI>Call Chain = Draw_Main &rArr; FLASH_HEX_SWD &rArr; f_open &rArr; dir_register &rArr; dir_find &rArr; dir_next &rArr; create_chain &rArr; put_fat &rArr; move_window &rArr; disk_write &rArr; W25QXX_Write &rArr; W25QXX_Write_NoCheck &rArr; W25QXX_Write_Page &rArr; W25QXX_Wait_Busy &rArr; W25QXX_ReadSR &rArr; SPI2_ReadWriteByte
</UL>
<BR>[Calls]<UL><LI><a href="#[fd]">&gt;&gt;</a>&nbsp;&nbsp;&nbsp;usart_config
<LI><a href="#[f5]">&gt;&gt;</a>&nbsp;&nbsp;&nbsp;f_unlink
<LI><a href="#[f7]">&gt;&gt;</a>&nbsp;&nbsp;&nbsp;f_readdir
<LI><a href="#[f6]">&gt;&gt;</a>&nbsp;&nbsp;&nbsp;f_opendir
<LI><a href="#[ff]">&gt;&gt;</a>&nbsp;&nbsp;&nbsp;f_open
<LI><a href="#[f2]">&gt;&gt;</a>&nbsp;&nbsp;&nbsp;delay_ms
<LI><a href="#[f9]">&gt;&gt;</a>&nbsp;&nbsp;&nbsp;OLED_ShowString
<LI><a href="#[f1]">&gt;&gt;</a>&nbsp;&nbsp;&nbsp;OLED_ShowChar
<LI><a href="#[fc]">&gt;&gt;</a>&nbsp;&nbsp;&nbsp;OLED_DrawBMP
<LI><a href="#[f3]">&gt;&gt;</a>&nbsp;&nbsp;&nbsp;OLED_Clear
<LI><a href="#[fb]">&gt;&gt;</a>&nbsp;&nbsp;&nbsp;Scan_Key
<LI><a href="#[101]">&gt;&gt;</a>&nbsp;&nbsp;&nbsp;FLASH_SWD
<LI><a href="#[100]">&gt;&gt;</a>&nbsp;&nbsp;&nbsp;FLASH_HEX_SWD
<LI><a href="#[f8]">&gt;&gt;</a>&nbsp;&nbsp;&nbsp;strlen
<LI><a href="#[fa]">&gt;&gt;</a>&nbsp;&nbsp;&nbsp;strncpy
<LI><a href="#[fe]">&gt;&gt;</a>&nbsp;&nbsp;&nbsp;strstr
</UL>
<BR>[Called By]<UL><LI><a href="#[102]">&gt;&gt;</a>&nbsp;&nbsp;&nbsp;Draw_Menu
</UL>

<P><STRONG><a name="[102]"></a>Draw_Menu</STRONG> (Thumb, 396 bytes, Stack size 16 bytes, main.o(i.Draw_Menu))
<BR><BR>[Stack]<UL><LI>Max Depth = 632<LI>Call Chain = Draw_Menu &rArr; Draw_Main &rArr; FLASH_HEX_SWD &rArr; f_open &rArr; dir_register &rArr; dir_find &rArr; dir_next &rArr; create_chain &rArr; put_fat &rArr; move_window &rArr; disk_write &rArr; W25QXX_Write &rArr; W25QXX_Write_NoCheck &rArr; W25QXX_Write_Page &rArr; W25QXX_Wait_Busy &rArr; W25QXX_ReadSR &rArr; SPI2_ReadWriteByte
</UL>
<BR>[Calls]<UL><LI><a href="#[ff]">&gt;&gt;</a>&nbsp;&nbsp;&nbsp;f_open
<LI><a href="#[f2]">&gt;&gt;</a>&nbsp;&nbsp;&nbsp;delay_ms
<LI><a href="#[f9]">&gt;&gt;</a>&nbsp;&nbsp;&nbsp;OLED_ShowString
<LI><a href="#[f1]">&gt;&gt;</a>&nbsp;&nbsp;&nbsp;OLED_ShowChar
<LI><a href="#[fc]">&gt;&gt;</a>&nbsp;&nbsp;&nbsp;OLED_DrawBMP
<LI><a href="#[f3]">&gt;&gt;</a>&nbsp;&nbsp;&nbsp;OLED_Clear
<LI><a href="#[fb]">&gt;&gt;</a>&nbsp;&nbsp;&nbsp;Scan_Key
<LI><a href="#[101]">&gt;&gt;</a>&nbsp;&nbsp;&nbsp;FLASH_SWD
<LI><a href="#[f4]">&gt;&gt;</a>&nbsp;&nbsp;&nbsp;Draw_Main
</UL>
<BR>[Called By]<UL><LI><a href="#[58]">&gt;&gt;</a>&nbsp;&nbsp;&nbsp;main
</UL>

<P><STRONG><a name="[0]"></a>EP1_IN_Callback</STRONG> (Thumb, 8 bytes, Stack size 8 bytes, usb_endp.o(i.EP1_IN_Callback))
<BR><BR>[Stack]<UL><LI>Max Depth = 116<LI>Call Chain = EP1_IN_Callback &rArr; Mass_Storage_In &rArr; SCSI_Read10_Cmd &rArr; SCSI_Address_Management &rArr; Set_CSW &rArr; USB_SIL_Write &rArr; UserToPMABufferCopy
</UL>
<BR>[Calls]<UL><LI><a href="#[103]">&gt;&gt;</a>&nbsp;&nbsp;&nbsp;Mass_Storage_In
</UL>
<BR>[Address Reference Count : 1]<UL><LI> usb_istr.o(.data)
</UL>
<P><STRONG><a name="[3]"></a>EP2_OUT_Callback</STRONG> (Thumb, 8 bytes, Stack size 8 bytes, usb_endp.o(i.EP2_OUT_Callback))
<BR><BR>[Stack]<UL><LI>Max Depth = 208<LI>Call Chain = EP2_OUT_Callback &rArr; Mass_Storage_Out &rArr; CBW_Decode &rArr; SCSI_Write10_Cmd &rArr; Write_Memory &rArr; MAL_Write &rArr; W25QXX_Write &rArr; W25QXX_Write_NoCheck &rArr; W25QXX_Write_Page &rArr; W25QXX_Wait_Busy &rArr; W25QXX_ReadSR &rArr; SPI2_ReadWriteByte
</UL>
<BR>[Calls]<UL><LI><a href="#[104]">&gt;&gt;</a>&nbsp;&nbsp;&nbsp;Mass_Storage_Out
</UL>
<BR>[Address Reference Count : 1]<UL><LI> usb_istr.o(.data)
</UL>
<P><STRONG><a name="[2]"></a>EP4_IN_Callback</STRONG> (Thumb, 8 bytes, Stack size 0 bytes, usb_endp.o(i.EP4_IN_Callback))
<BR>[Address Reference Count : 1]<UL><LI> usb_istr.o(.data)
</UL>
<P><STRONG><a name="[4]"></a>EP6_OUT_Callback</STRONG> (Thumb, 76 bytes, Stack size 8 bytes, usb_endp.o(i.EP6_OUT_Callback))
<BR><BR>[Stack]<UL><LI>Max Depth = 28<LI>Call Chain = EP6_OUT_Callback &rArr; PMAToUserBufferCopy
</UL>
<BR>[Calls]<UL><LI><a href="#[107]">&gt;&gt;</a>&nbsp;&nbsp;&nbsp;usart_sendCommand
<LI><a href="#[106]">&gt;&gt;</a>&nbsp;&nbsp;&nbsp;SetEPRxValid
<LI><a href="#[ec]">&gt;&gt;</a>&nbsp;&nbsp;&nbsp;PMAToUserBufferCopy
<LI><a href="#[105]">&gt;&gt;</a>&nbsp;&nbsp;&nbsp;GetEPRxCount
</UL>
<BR>[Address Reference Count : 1]<UL><LI> usb_istr.o(.data)
</UL>
<P><STRONG><a name="[1c0]"></a>EP_Reset</STRONG> (Thumb, 58 bytes, Stack size 12 bytes, usbd_stm32f103.o(i.EP_Reset))
<BR><BR>[Stack]<UL><LI>Max Depth = 12<LI>Call Chain = EP_Reset
</UL>
<BR>[Called By]<UL><LI><a href="#[1fc]">&gt;&gt;</a>&nbsp;&nbsp;&nbsp;USBD_ResetEP
<LI><a href="#[1bf]">&gt;&gt;</a>&nbsp;&nbsp;&nbsp;USBD_ClrStallEP
</UL>

<P><STRONG><a name="[1c1]"></a>EP_Status</STRONG> (Thumb, 70 bytes, Stack size 16 bytes, usbd_stm32f103.o(i.EP_Status))
<BR><BR>[Stack]<UL><LI>Max Depth = 16<LI>Call Chain = EP_Status
</UL>
<BR>[Called By]<UL><LI><a href="#[1af]">&gt;&gt;</a>&nbsp;&nbsp;&nbsp;USBD_WriteEP
<LI><a href="#[1d9]">&gt;&gt;</a>&nbsp;&nbsp;&nbsp;USBD_SetStallEP
<LI><a href="#[1b2]">&gt;&gt;</a>&nbsp;&nbsp;&nbsp;USBD_ReadEP
<LI><a href="#[1c6]">&gt;&gt;</a>&nbsp;&nbsp;&nbsp;USBD_EnableEP
<LI><a href="#[1c5]">&gt;&gt;</a>&nbsp;&nbsp;&nbsp;USBD_DisableEP
<LI><a href="#[1bf]">&gt;&gt;</a>&nbsp;&nbsp;&nbsp;USBD_ClrStallEP
</UL>

<P><STRONG><a name="[1fd]"></a>EXTI_ClearITPendingBit</STRONG> (Thumb, 6 bytes, Stack size 0 bytes, stm32f10x_exti.o(i.EXTI_ClearITPendingBit))
<BR><BR>[Called By]<UL><LI><a href="#[133]">&gt;&gt;</a>&nbsp;&nbsp;&nbsp;USB_Interrupts_Config
<LI><a href="#[46]">&gt;&gt;</a>&nbsp;&nbsp;&nbsp;USBWakeUp_IRQHandler
</UL>

<P><STRONG><a name="[1ff]"></a>EXTI_Init</STRONG> (Thumb, 142 bytes, Stack size 0 bytes, stm32f10x_exti.o(i.EXTI_Init))
<BR><BR>[Called By]<UL><LI><a href="#[133]">&gt;&gt;</a>&nbsp;&nbsp;&nbsp;USB_Interrupts_Config
</UL>

<P><STRONG><a name="[108]"></a>FLASH_ErasePage</STRONG> (Thumb, 72 bytes, Stack size 12 bytes, stm32f10x_flash.o(i.FLASH_ErasePage))
<BR><BR>[Stack]<UL><LI>Max Depth = 16<LI>Call Chain = FLASH_ErasePage &rArr; FLASH_WaitForLastOperation
</UL>
<BR>[Calls]<UL><LI><a href="#[109]">&gt;&gt;</a>&nbsp;&nbsp;&nbsp;FLASH_WaitForLastOperation
</UL>
<BR>[Called By]<UL><LI><a href="#[11a]">&gt;&gt;</a>&nbsp;&nbsp;&nbsp;HID_ProcessCommand
</UL>

<P><STRONG><a name="[116]"></a>FLASH_GetBank1Status</STRONG> (Thumb, 48 bytes, Stack size 0 bytes, stm32f10x_flash.o(i.FLASH_GetBank1Status))
<BR><BR>[Called By]<UL><LI><a href="#[109]">&gt;&gt;</a>&nbsp;&nbsp;&nbsp;FLASH_WaitForLastOperation
</UL>

<P><STRONG><a name="[100]"></a>FLASH_HEX_SWD</STRONG> (Thumb, 1366 bytes, Stack size 152 bytes, main.o(i.FLASH_HEX_SWD))
<BR><BR>[Stack]<UL><LI>Max Depth = 592<LI>Call Chain = FLASH_HEX_SWD &rArr; f_open &rArr; dir_register &rArr; dir_find &rArr; dir_next &rArr; create_chain &rArr; put_fat &rArr; move_window &rArr; disk_write &rArr; W25QXX_Write &rArr; W25QXX_Write_NoCheck &rArr; W25QXX_Write_Page &rArr; W25QXX_Wait_Busy &rArr; W25QXX_ReadSR &rArr; SPI2_ReadWriteByte
</UL>
<BR>[Calls]<UL><LI><a href="#[10d]">&gt;&gt;</a>&nbsp;&nbsp;&nbsp;target_opt_uninit
<LI><a href="#[10b]">&gt;&gt;</a>&nbsp;&nbsp;&nbsp;target_opt_init
<LI><a href="#[10c]">&gt;&gt;</a>&nbsp;&nbsp;&nbsp;target_opt_erase_chip
<LI><a href="#[113]">&gt;&gt;</a>&nbsp;&nbsp;&nbsp;target_flash_uninit
<LI><a href="#[110]">&gt;&gt;</a>&nbsp;&nbsp;&nbsp;target_flash_program_page
<LI><a href="#[10e]">&gt;&gt;</a>&nbsp;&nbsp;&nbsp;target_flash_init
<LI><a href="#[10f]">&gt;&gt;</a>&nbsp;&nbsp;&nbsp;target_flash_erase_chip
<LI><a href="#[112]">&gt;&gt;</a>&nbsp;&nbsp;&nbsp;swd_set_target_reset
<LI><a href="#[10a]">&gt;&gt;</a>&nbsp;&nbsp;&nbsp;swd_init_debug
<LI><a href="#[ff]">&gt;&gt;</a>&nbsp;&nbsp;&nbsp;f_open
<LI><a href="#[111]">&gt;&gt;</a>&nbsp;&nbsp;&nbsp;f_gets
<LI><a href="#[f2]">&gt;&gt;</a>&nbsp;&nbsp;&nbsp;delay_ms
<LI><a href="#[89]">&gt;&gt;</a>&nbsp;&nbsp;&nbsp;__aeabi_ui2d
<LI><a href="#[85]">&gt;&gt;</a>&nbsp;&nbsp;&nbsp;__aeabi_dmul
<LI><a href="#[87]">&gt;&gt;</a>&nbsp;&nbsp;&nbsp;__aeabi_ddiv
<LI><a href="#[8a]">&gt;&gt;</a>&nbsp;&nbsp;&nbsp;__aeabi_d2uiz
<LI><a href="#[f9]">&gt;&gt;</a>&nbsp;&nbsp;&nbsp;OLED_ShowString
<LI><a href="#[a3]">&gt;&gt;</a>&nbsp;&nbsp;&nbsp;Char2toByte
<LI><a href="#[f8]">&gt;&gt;</a>&nbsp;&nbsp;&nbsp;strlen
<LI><a href="#[83]">&gt;&gt;</a>&nbsp;&nbsp;&nbsp;__aeabi_memset
<LI><a href="#[7f]">&gt;&gt;</a>&nbsp;&nbsp;&nbsp;__aeabi_uldivmod
</UL>
<BR>[Called By]<UL><LI><a href="#[f4]">&gt;&gt;</a>&nbsp;&nbsp;&nbsp;Draw_Main
</UL>

<P><STRONG><a name="[11c]"></a>FLASH_Lock</STRONG> (Thumb, 14 bytes, Stack size 0 bytes, stm32f10x_flash.o(i.FLASH_Lock))
<BR><BR>[Called By]<UL><LI><a href="#[11a]">&gt;&gt;</a>&nbsp;&nbsp;&nbsp;HID_ProcessCommand
</UL>

<P><STRONG><a name="[114]"></a>FLASH_ProgramHalfWord</STRONG> (Thumb, 60 bytes, Stack size 16 bytes, stm32f10x_flash.o(i.FLASH_ProgramHalfWord))
<BR><BR>[Stack]<UL><LI>Max Depth = 20<LI>Call Chain = FLASH_ProgramHalfWord &rArr; FLASH_WaitForLastOperation
</UL>
<BR>[Calls]<UL><LI><a href="#[109]">&gt;&gt;</a>&nbsp;&nbsp;&nbsp;FLASH_WaitForLastOperation
</UL>
<BR>[Called By]<UL><LI><a href="#[11a]">&gt;&gt;</a>&nbsp;&nbsp;&nbsp;HID_ProcessCommand
</UL>

<P><STRONG><a name="[101]"></a>FLASH_SWD</STRONG> (Thumb, 882 bytes, Stack size 48 bytes, main.o(i.FLASH_SWD))
<BR><BR>[Stack]<UL><LI>Max Depth = 488<LI>Call Chain = FLASH_SWD &rArr; f_open &rArr; dir_register &rArr; dir_find &rArr; dir_next &rArr; create_chain &rArr; put_fat &rArr; move_window &rArr; disk_write &rArr; W25QXX_Write &rArr; W25QXX_Write_NoCheck &rArr; W25QXX_Write_Page &rArr; W25QXX_Wait_Busy &rArr; W25QXX_ReadSR &rArr; SPI2_ReadWriteByte
</UL>
<BR>[Calls]<UL><LI><a href="#[10d]">&gt;&gt;</a>&nbsp;&nbsp;&nbsp;target_opt_uninit
<LI><a href="#[10b]">&gt;&gt;</a>&nbsp;&nbsp;&nbsp;target_opt_init
<LI><a href="#[10c]">&gt;&gt;</a>&nbsp;&nbsp;&nbsp;target_opt_erase_chip
<LI><a href="#[113]">&gt;&gt;</a>&nbsp;&nbsp;&nbsp;target_flash_uninit
<LI><a href="#[110]">&gt;&gt;</a>&nbsp;&nbsp;&nbsp;target_flash_program_page
<LI><a href="#[10e]">&gt;&gt;</a>&nbsp;&nbsp;&nbsp;target_flash_init
<LI><a href="#[10f]">&gt;&gt;</a>&nbsp;&nbsp;&nbsp;target_flash_erase_chip
<LI><a href="#[112]">&gt;&gt;</a>&nbsp;&nbsp;&nbsp;swd_set_target_reset
<LI><a href="#[10a]">&gt;&gt;</a>&nbsp;&nbsp;&nbsp;swd_init_debug
<LI><a href="#[115]">&gt;&gt;</a>&nbsp;&nbsp;&nbsp;f_read
<LI><a href="#[ff]">&gt;&gt;</a>&nbsp;&nbsp;&nbsp;f_open
<LI><a href="#[f2]">&gt;&gt;</a>&nbsp;&nbsp;&nbsp;delay_ms
<LI><a href="#[89]">&gt;&gt;</a>&nbsp;&nbsp;&nbsp;__aeabi_ui2d
<LI><a href="#[85]">&gt;&gt;</a>&nbsp;&nbsp;&nbsp;__aeabi_dmul
<LI><a href="#[87]">&gt;&gt;</a>&nbsp;&nbsp;&nbsp;__aeabi_ddiv
<LI><a href="#[8a]">&gt;&gt;</a>&nbsp;&nbsp;&nbsp;__aeabi_d2uiz
<LI><a href="#[f9]">&gt;&gt;</a>&nbsp;&nbsp;&nbsp;OLED_ShowString
</UL>
<BR>[Called By]<UL><LI><a href="#[102]">&gt;&gt;</a>&nbsp;&nbsp;&nbsp;Draw_Menu
<LI><a href="#[f4]">&gt;&gt;</a>&nbsp;&nbsp;&nbsp;Draw_Main
</UL>

<P><STRONG><a name="[11b]"></a>FLASH_Unlock</STRONG> (Thumb, 12 bytes, Stack size 0 bytes, stm32f10x_flash.o(i.FLASH_Unlock))
<BR><BR>[Called By]<UL><LI><a href="#[11a]">&gt;&gt;</a>&nbsp;&nbsp;&nbsp;HID_ProcessCommand
</UL>

<P><STRONG><a name="[109]"></a>FLASH_WaitForLastOperation</STRONG> (Thumb, 38 bytes, Stack size 4 bytes, stm32f10x_flash.o(i.FLASH_WaitForLastOperation))
<BR><BR>[Stack]<UL><LI>Max Depth = 4<LI>Call Chain = FLASH_WaitForLastOperation
</UL>
<BR>[Calls]<UL><LI><a href="#[116]">&gt;&gt;</a>&nbsp;&nbsp;&nbsp;FLASH_GetBank1Status
</UL>
<BR>[Called By]<UL><LI><a href="#[114]">&gt;&gt;</a>&nbsp;&nbsp;&nbsp;FLASH_ProgramHalfWord
<LI><a href="#[108]">&gt;&gt;</a>&nbsp;&nbsp;&nbsp;FLASH_ErasePage
</UL>

<P><STRONG><a name="[1a9]"></a>GPIO_AFConfigure</STRONG> (Thumb, 146 bytes, Stack size 12 bytes, gpio_stm32f10x.o(i.GPIO_AFConfigure))
<BR><BR>[Stack]<UL><LI>Max Depth = 12<LI>Call Chain = GPIO_AFConfigure
</UL>
<BR>[Called By]<UL><LI><a href="#[1a4]">&gt;&gt;</a>&nbsp;&nbsp;&nbsp;USART_Uninitialize
<LI><a href="#[19e]">&gt;&gt;</a>&nbsp;&nbsp;&nbsp;USART_Initialize
</UL>

<P><STRONG><a name="[118]"></a>GPIO_GetPortClockState</STRONG> (Thumb, 118 bytes, Stack size 0 bytes, gpio_stm32f10x.o(i.GPIO_GetPortClockState))
<BR><BR>[Called By]<UL><LI><a href="#[117]">&gt;&gt;</a>&nbsp;&nbsp;&nbsp;GPIO_PinConfigure
</UL>

<P><STRONG><a name="[144]"></a>GPIO_Init</STRONG> (Thumb, 278 bytes, Stack size 24 bytes, stm32f10x_gpio.o(i.GPIO_Init))
<BR><BR>[Stack]<UL><LI>Max Depth = 24<LI>Call Chain = GPIO_Init
</UL>
<BR>[Called By]<UL><LI><a href="#[172]">&gt;&gt;</a>&nbsp;&nbsp;&nbsp;SPI2_Init
<LI><a href="#[153]">&gt;&gt;</a>&nbsp;&nbsp;&nbsp;uart_init
<LI><a href="#[164]">&gt;&gt;</a>&nbsp;&nbsp;&nbsp;PORT_USB_CONNECT_SETUP
<LI><a href="#[a6]">&gt;&gt;</a>&nbsp;&nbsp;&nbsp;PORT_SWD_SETUP
<LI><a href="#[a9]">&gt;&gt;</a>&nbsp;&nbsp;&nbsp;PORT_OFF
<LI><a href="#[a7]">&gt;&gt;</a>&nbsp;&nbsp;&nbsp;PORT_JTAG_SETUP
<LI><a href="#[11d]">&gt;&gt;</a>&nbsp;&nbsp;&nbsp;LEDS_SETUP
<LI><a href="#[12d]">&gt;&gt;</a>&nbsp;&nbsp;&nbsp;W25QXX_Init
<LI><a href="#[12f]">&gt;&gt;</a>&nbsp;&nbsp;&nbsp;OLED_Init
<LI><a href="#[130]">&gt;&gt;</a>&nbsp;&nbsp;&nbsp;LED_Init
<LI><a href="#[12c]">&gt;&gt;</a>&nbsp;&nbsp;&nbsp;Key_Init
</UL>

<P><STRONG><a name="[117]"></a>GPIO_PinConfigure</STRONG> (Thumb, 120 bytes, Stack size 24 bytes, gpio_stm32f10x.o(i.GPIO_PinConfigure))
<BR><BR>[Stack]<UL><LI>Max Depth = 24<LI>Call Chain = GPIO_PinConfigure
</UL>
<BR>[Calls]<UL><LI><a href="#[119]">&gt;&gt;</a>&nbsp;&nbsp;&nbsp;GPIO_PortClock
<LI><a href="#[118]">&gt;&gt;</a>&nbsp;&nbsp;&nbsp;GPIO_GetPortClockState
</UL>
<BR>[Called By]<UL><LI><a href="#[1a4]">&gt;&gt;</a>&nbsp;&nbsp;&nbsp;USART_Uninitialize
<LI><a href="#[197]">&gt;&gt;</a>&nbsp;&nbsp;&nbsp;USART_Control
</UL>

<P><STRONG><a name="[145]"></a>GPIO_PinRemapConfig</STRONG> (Thumb, 138 bytes, Stack size 20 bytes, stm32f10x_gpio.o(i.GPIO_PinRemapConfig))
<BR><BR>[Stack]<UL><LI>Max Depth = 20<LI>Call Chain = GPIO_PinRemapConfig
</UL>
<BR>[Called By]<UL><LI><a href="#[130]">&gt;&gt;</a>&nbsp;&nbsp;&nbsp;LED_Init
</UL>

<P><STRONG><a name="[119]"></a>GPIO_PortClock</STRONG> (Thumb, 284 bytes, Stack size 0 bytes, gpio_stm32f10x.o(i.GPIO_PortClock))
<BR><BR>[Called By]<UL><LI><a href="#[19e]">&gt;&gt;</a>&nbsp;&nbsp;&nbsp;USART_Initialize
<LI><a href="#[117]">&gt;&gt;</a>&nbsp;&nbsp;&nbsp;GPIO_PinConfigure
</UL>

<P><STRONG><a name="[163]"></a>GPIO_ResetBits</STRONG> (Thumb, 4 bytes, Stack size 0 bytes, stm32f10x_gpio.o(i.GPIO_ResetBits))
<BR><BR>[Called By]<UL><LI><a href="#[12f]">&gt;&gt;</a>&nbsp;&nbsp;&nbsp;OLED_Init
<LI><a href="#[160]">&gt;&gt;</a>&nbsp;&nbsp;&nbsp;OLED_WR_Byte
</UL>

<P><STRONG><a name="[162]"></a>GPIO_SetBits</STRONG> (Thumb, 4 bytes, Stack size 0 bytes, stm32f10x_gpio.o(i.GPIO_SetBits))
<BR><BR>[Called By]<UL><LI><a href="#[172]">&gt;&gt;</a>&nbsp;&nbsp;&nbsp;SPI2_Init
<LI><a href="#[12d]">&gt;&gt;</a>&nbsp;&nbsp;&nbsp;W25QXX_Init
<LI><a href="#[12f]">&gt;&gt;</a>&nbsp;&nbsp;&nbsp;OLED_Init
<LI><a href="#[160]">&gt;&gt;</a>&nbsp;&nbsp;&nbsp;OLED_WR_Byte
</UL>

<P><STRONG><a name="[eb]"></a>GetEPRxAddr</STRONG> (Thumb, 24 bytes, Stack size 0 bytes, usb_regs.o(i.GetEPRxAddr))
<BR><BR>[Called By]<UL><LI><a href="#[ea]">&gt;&gt;</a>&nbsp;&nbsp;&nbsp;DataStageOut
<LI><a href="#[157]">&gt;&gt;</a>&nbsp;&nbsp;&nbsp;USB_SIL_Read
</UL>

<P><STRONG><a name="[105]"></a>GetEPRxCount</STRONG> (Thumb, 26 bytes, Stack size 0 bytes, usb_regs.o(i.GetEPRxCount))
<BR><BR>[Called By]<UL><LI><a href="#[4]">&gt;&gt;</a>&nbsp;&nbsp;&nbsp;EP6_OUT_Callback
<LI><a href="#[157]">&gt;&gt;</a>&nbsp;&nbsp;&nbsp;USB_SIL_Read
</UL>

<P><STRONG><a name="[e7]"></a>GetEPTxAddr</STRONG> (Thumb, 22 bytes, Stack size 0 bytes, usb_regs.o(i.GetEPTxAddr))
<BR><BR>[Called By]<UL><LI><a href="#[e6]">&gt;&gt;</a>&nbsp;&nbsp;&nbsp;DataStageIn
<LI><a href="#[16d]">&gt;&gt;</a>&nbsp;&nbsp;&nbsp;USB_SIL_Write
</UL>

<P><STRONG><a name="[154]"></a>Get_SerialNum</STRONG> (Thumb, 62 bytes, Stack size 8 bytes, hw_config.o(i.Get_SerialNum))
<BR><BR>[Stack]<UL><LI>Max Depth = 8<LI>Call Chain = Get_SerialNum
</UL>
<BR>[Called By]<UL><LI><a href="#[5]">&gt;&gt;</a>&nbsp;&nbsp;&nbsp;MASS_init
</UL>

<P><STRONG><a name="[11a]"></a>HID_ProcessCommand</STRONG> (Thumb, 400 bytes, Stack size 32 bytes, usbd_user_hid.o(i.HID_ProcessCommand))
<BR><BR>[Stack]<UL><LI>Max Depth = 52<LI>Call Chain = HID_ProcessCommand &rArr; FLASH_ProgramHalfWord &rArr; FLASH_WaitForLastOperation
</UL>
<BR>[Calls]<UL><LI><a href="#[11b]">&gt;&gt;</a>&nbsp;&nbsp;&nbsp;FLASH_Unlock
<LI><a href="#[114]">&gt;&gt;</a>&nbsp;&nbsp;&nbsp;FLASH_ProgramHalfWord
<LI><a href="#[11c]">&gt;&gt;</a>&nbsp;&nbsp;&nbsp;FLASH_Lock
<LI><a href="#[108]">&gt;&gt;</a>&nbsp;&nbsp;&nbsp;FLASH_ErasePage
</UL>
<BR>[Called By]<UL><LI><a href="#[ef]">&gt;&gt;</a>&nbsp;&nbsp;&nbsp;usbd_hid_process
</UL>

<P><STRONG><a name="[16]"></a>BusFault_Handler</STRONG> (Thumb, 0 bytes, Stack size 0 bytes, cmsis-dap.o(i.HardFault_Handler))
<BR>[Address Reference Count : 1]<UL><LI> startup_stm32f10x_hd.o(RESET)
</UL>
<P><STRONG><a name="[19]"></a>DebugMon_Handler</STRONG> (Thumb, 0 bytes, Stack size 0 bytes, cmsis-dap.o(i.HardFault_Handler))
<BR>[Address Reference Count : 1]<UL><LI> startup_stm32f10x_hd.o(RESET)
</UL>
<P><STRONG><a name="[14]"></a>HardFault_Handler</STRONG> (Thumb, 122 bytes, Stack size 0 bytes, cmsis-dap.o(i.HardFault_Handler))
<BR><BR>[Stack]<UL><LI>Max Depth = 32<LI>Call Chain = HardFault_Handler &rArr; LEDS_SETUP &rArr; GPIO_Init
</UL>
<BR>[Calls]<UL><LI><a href="#[11f]">&gt;&gt;</a>&nbsp;&nbsp;&nbsp;Delayms
<LI><a href="#[11e]">&gt;&gt;</a>&nbsp;&nbsp;&nbsp;LedRunningOn
<LI><a href="#[120]">&gt;&gt;</a>&nbsp;&nbsp;&nbsp;LedRunningOff
<LI><a href="#[121]">&gt;&gt;</a>&nbsp;&nbsp;&nbsp;LedConnectedOn
<LI><a href="#[122]">&gt;&gt;</a>&nbsp;&nbsp;&nbsp;LedConnectedOff
<LI><a href="#[11d]">&gt;&gt;</a>&nbsp;&nbsp;&nbsp;LEDS_SETUP
</UL>
<BR>[Address Reference Count : 1]<UL><LI> startup_stm32f10x_hd.o(RESET)
</UL>
<P><STRONG><a name="[15]"></a>MemManage_Handler</STRONG> (Thumb, 0 bytes, Stack size 0 bytes, cmsis-dap.o(i.HardFault_Handler))
<BR>[Address Reference Count : 1]<UL><LI> startup_stm32f10x_hd.o(RESET)
</UL>
<P><STRONG><a name="[13]"></a>NMI_Handler</STRONG> (Thumb, 0 bytes, Stack size 0 bytes, cmsis-dap.o(i.HardFault_Handler))
<BR>[Address Reference Count : 1]<UL><LI> startup_stm32f10x_hd.o(RESET)
</UL>
<P><STRONG><a name="[1a]"></a>PendSV_Handler</STRONG> (Thumb, 0 bytes, Stack size 0 bytes, cmsis-dap.o(i.HardFault_Handler))
<BR>[Address Reference Count : 1]<UL><LI> startup_stm32f10x_hd.o(RESET)
</UL>
<P><STRONG><a name="[18]"></a>SVC_Handler</STRONG> (Thumb, 0 bytes, Stack size 0 bytes, cmsis-dap.o(i.HardFault_Handler))
<BR>[Address Reference Count : 1]<UL><LI> startup_stm32f10x_hd.o(RESET)
</UL>
<P><STRONG><a name="[17]"></a>UsageFault_Handler</STRONG> (Thumb, 0 bytes, Stack size 0 bytes, cmsis-dap.o(i.HardFault_Handler))
<BR>[Address Reference Count : 1]<UL><LI> startup_stm32f10x_hd.o(RESET)
</UL>
<P><STRONG><a name="[a0]"></a>In0_Process</STRONG> (Thumb, 98 bytes, Stack size 8 bytes, usb_core.o(i.In0_Process))
<BR><BR>[Stack]<UL><LI>Max Depth = 60<LI>Call Chain = In0_Process &rArr; DataStageIn &rArr; UserToPMABufferCopy
</UL>
<BR>[Calls]<UL><LI><a href="#[e6]">&gt;&gt;</a>&nbsp;&nbsp;&nbsp;DataStageIn
<LI><a href="#[123]">&gt;&gt;</a>&nbsp;&nbsp;&nbsp;SetDeviceAddress
<LI><a href="#[124]">&gt;&gt;</a>&nbsp;&nbsp;&nbsp;Post0_Process
</UL>
<BR>[Called By]<UL><LI><a href="#[9f]">&gt;&gt;</a>&nbsp;&nbsp;&nbsp;CTR_LP
</UL>

<P><STRONG><a name="[125]"></a>Init_DAPUSB</STRONG> (Thumb, 46 bytes, Stack size 8 bytes, cmsis-dap.o(i.Init_DAPUSB))
<BR><BR>[Stack]<UL><LI>Max Depth = 56<LI>Call Chain = Init_DAPUSB &rArr; usbd_init &rArr; USBD_Init &rArr; PORT_USB_CONNECT_SETUP &rArr; GPIO_Init
</UL>
<BR>[Calls]<UL><LI><a href="#[126]">&gt;&gt;</a>&nbsp;&nbsp;&nbsp;usbd_init
<LI><a href="#[127]">&gt;&gt;</a>&nbsp;&nbsp;&nbsp;usbd_connect
<LI><a href="#[128]">&gt;&gt;</a>&nbsp;&nbsp;&nbsp;usbd_configured
</UL>
<BR>[Called By]<UL><LI><a href="#[129]">&gt;&gt;</a>&nbsp;&nbsp;&nbsp;Init_device
</UL>

<P><STRONG><a name="[129]"></a>Init_device</STRONG> (Thumb, 114 bytes, Stack size 8 bytes, main.o(i.Init_device))
<BR><BR>[Stack]<UL><LI>Max Depth = 164<LI>Call Chain = Init_device &rArr; Set_System &rArr; uart_init &rArr; USART_Init &rArr; RCC_GetClocksFreq
</UL>
<BR>[Calls]<UL><LI><a href="#[12e]">&gt;&gt;</a>&nbsp;&nbsp;&nbsp;f_mount
<LI><a href="#[12b]">&gt;&gt;</a>&nbsp;&nbsp;&nbsp;delay_init
<LI><a href="#[12d]">&gt;&gt;</a>&nbsp;&nbsp;&nbsp;W25QXX_Init
<LI><a href="#[133]">&gt;&gt;</a>&nbsp;&nbsp;&nbsp;USB_Interrupts_Config
<LI><a href="#[134]">&gt;&gt;</a>&nbsp;&nbsp;&nbsp;USB_Init
<LI><a href="#[132]">&gt;&gt;</a>&nbsp;&nbsp;&nbsp;Set_USBClock
<LI><a href="#[131]">&gt;&gt;</a>&nbsp;&nbsp;&nbsp;Set_System
<LI><a href="#[f9]">&gt;&gt;</a>&nbsp;&nbsp;&nbsp;OLED_ShowString
<LI><a href="#[12f]">&gt;&gt;</a>&nbsp;&nbsp;&nbsp;OLED_Init
<LI><a href="#[fc]">&gt;&gt;</a>&nbsp;&nbsp;&nbsp;OLED_DrawBMP
<LI><a href="#[f3]">&gt;&gt;</a>&nbsp;&nbsp;&nbsp;OLED_Clear
<LI><a href="#[12a]">&gt;&gt;</a>&nbsp;&nbsp;&nbsp;NVIC_PriorityGroupConfig
<LI><a href="#[130]">&gt;&gt;</a>&nbsp;&nbsp;&nbsp;LED_Init
<LI><a href="#[12c]">&gt;&gt;</a>&nbsp;&nbsp;&nbsp;Key_Init
<LI><a href="#[125]">&gt;&gt;</a>&nbsp;&nbsp;&nbsp;Init_DAPUSB
<LI><a href="#[ee]">&gt;&gt;</a>&nbsp;&nbsp;&nbsp;Do_DAPUSB
<LI><a href="#[fb]">&gt;&gt;</a>&nbsp;&nbsp;&nbsp;Scan_Key
<LI><a href="#[f0]">&gt;&gt;</a>&nbsp;&nbsp;&nbsp;Draw_Logo
</UL>
<BR>[Called By]<UL><LI><a href="#[58]">&gt;&gt;</a>&nbsp;&nbsp;&nbsp;main
</UL>

<P><STRONG><a name="[ab]"></a>JTAG_IR</STRONG> (Thumb, 26 bytes, Stack size 8 bytes, jtag_dp.o(i.JTAG_IR))
<BR><BR>[Stack]<UL><LI>Max Depth = 24<LI>Call Chain = JTAG_IR &rArr; JTAG_IR_Slow
</UL>
<BR>[Calls]<UL><LI><a href="#[13a]">&gt;&gt;</a>&nbsp;&nbsp;&nbsp;JTAG_IR_Slow
<LI><a href="#[139]">&gt;&gt;</a>&nbsp;&nbsp;&nbsp;JTAG_IR_Fast
</UL>
<BR>[Called By]<UL><LI><a href="#[b2]">&gt;&gt;</a>&nbsp;&nbsp;&nbsp;DAP_JTAG_WriteAbort
<LI><a href="#[b1]">&gt;&gt;</a>&nbsp;&nbsp;&nbsp;DAP_JTAG_TransferBlock
<LI><a href="#[af]">&gt;&gt;</a>&nbsp;&nbsp;&nbsp;DAP_JTAG_Transfer
<LI><a href="#[aa]">&gt;&gt;</a>&nbsp;&nbsp;&nbsp;DAP_JTAG_IDCode
</UL>

<P><STRONG><a name="[139]"></a>JTAG_IR_Fast</STRONG> (Thumb, 318 bytes, Stack size 16 bytes, jtag_dp.o(i.JTAG_IR_Fast))
<BR><BR>[Stack]<UL><LI>Max Depth = 16<LI>Call Chain = JTAG_IR_Fast
</UL>
<BR>[Calls]<UL><LI><a href="#[13f]">&gt;&gt;</a>&nbsp;&nbsp;&nbsp;PIN_TDI_OUT
<LI><a href="#[13b]">&gt;&gt;</a>&nbsp;&nbsp;&nbsp;PIN_SWDIO_TMS_SET
<LI><a href="#[13e]">&gt;&gt;</a>&nbsp;&nbsp;&nbsp;PIN_SWDIO_TMS_CLR
<LI><a href="#[13d]">&gt;&gt;</a>&nbsp;&nbsp;&nbsp;PIN_SWCLK_TCK_SET
<LI><a href="#[13c]">&gt;&gt;</a>&nbsp;&nbsp;&nbsp;PIN_SWCLK_TCK_CLR
</UL>
<BR>[Called By]<UL><LI><a href="#[ab]">&gt;&gt;</a>&nbsp;&nbsp;&nbsp;JTAG_IR
</UL>

<P><STRONG><a name="[13a]"></a>JTAG_IR_Slow</STRONG> (Thumb, 652 bytes, Stack size 16 bytes, jtag_dp.o(i.JTAG_IR_Slow))
<BR><BR>[Stack]<UL><LI>Max Depth = 16<LI>Call Chain = JTAG_IR_Slow
</UL>
<BR>[Calls]<UL><LI><a href="#[13f]">&gt;&gt;</a>&nbsp;&nbsp;&nbsp;PIN_TDI_OUT
<LI><a href="#[13b]">&gt;&gt;</a>&nbsp;&nbsp;&nbsp;PIN_SWDIO_TMS_SET
<LI><a href="#[13e]">&gt;&gt;</a>&nbsp;&nbsp;&nbsp;PIN_SWDIO_TMS_CLR
<LI><a href="#[13d]">&gt;&gt;</a>&nbsp;&nbsp;&nbsp;PIN_SWCLK_TCK_SET
<LI><a href="#[13c]">&gt;&gt;</a>&nbsp;&nbsp;&nbsp;PIN_SWCLK_TCK_CLR
</UL>
<BR>[Called By]<UL><LI><a href="#[ab]">&gt;&gt;</a>&nbsp;&nbsp;&nbsp;JTAG_IR
</UL>

<P><STRONG><a name="[ac]"></a>JTAG_ReadIDCode</STRONG> (Thumb, 420 bytes, Stack size 16 bytes, jtag_dp.o(i.JTAG_ReadIDCode))
<BR><BR>[Stack]<UL><LI>Max Depth = 16<LI>Call Chain = JTAG_ReadIDCode
</UL>
<BR>[Calls]<UL><LI><a href="#[140]">&gt;&gt;</a>&nbsp;&nbsp;&nbsp;PIN_TDO_IN
<LI><a href="#[13b]">&gt;&gt;</a>&nbsp;&nbsp;&nbsp;PIN_SWDIO_TMS_SET
<LI><a href="#[13e]">&gt;&gt;</a>&nbsp;&nbsp;&nbsp;PIN_SWDIO_TMS_CLR
[...]
<BR><BR>[Stack]<UL><LI>Max Depth = 36<LI>Call Chain = USART2_Initialize &rArr; USART_Initialize &rArr; GPIO_AFConfigure
</UL>
<BR>[Calls]<UL><LI><a href="#[19e]">&gt;&gt;</a>&nbsp;&nbsp;&nbsp;USART_Initialize
</UL>
<BR>[Address Reference Count : 1]<UL><LI> usart_stm32f10x.o(.constdata)
</UL>
<P><STRONG><a name="[73]"></a>USART2_PowerControl</STRONG> (Thumb, 14 bytes, Stack size 8 bytes, usart_stm32f10x.o(i.USART2_PowerControl))
<BR><BR>[Stack]<UL><LI>Max Depth = 40<LI>Call Chain = USART2_PowerControl &rArr; USART_PowerControl &rArr; DMA_ChannelUninitialize
</UL>
<BR>[Calls]<UL><LI><a href="#[19f]">&gt;&gt;</a>&nbsp;&nbsp;&nbsp;USART_PowerControl
</UL>
<BR>[Address Reference Count : 1]<UL><LI> usart_stm32f10x.o(.constdata)
</UL>
<P><STRONG><a name="[75]"></a>USART2_Receive</STRONG> (Thumb, 18 bytes, Stack size 16 bytes, usart_stm32f10x.o(i.USART2_Receive))
<BR><BR>[Stack]<UL><LI>Max Depth = 80<LI>Call Chain = USART2_Receive &rArr; USART_Receive &rArr; USART_Send &rArr;  USART_Receive (Cycle)
</UL>
<BR>[Calls]<UL><LI><a href="#[1a0]">&gt;&gt;</a>&nbsp;&nbsp;&nbsp;USART_Receive
</UL>
<BR>[Address Reference Count : 1]<UL><LI> usart_stm32f10x.o(.constdata)
</UL>
<P><STRONG><a name="[74]"></a>USART2_Send</STRONG> (Thumb, 18 bytes, Stack size 16 bytes, usart_stm32f10x.o(i.USART2_Send))
<BR><BR>[Stack]<UL><LI>Max Depth = 48<LI>Call Chain = USART2_Send &rArr; USART_Send &rArr;  USART_Receive (Cycle)
</UL>
<BR>[Calls]<UL><LI><a href="#[1a1]">&gt;&gt;</a>&nbsp;&nbsp;&nbsp;USART_Send
</UL>
<BR>[Address Reference Count : 1]<UL><LI> usart_stm32f10x.o(.constdata)
</UL>
<P><STRONG><a name="[7b]"></a>USART2_SetModemControl</STRONG> (Thumb, 14 bytes, Stack size 8 bytes, usart_stm32f10x.o(i.USART2_SetModemControl))
<BR><BR>[Stack]<UL><LI>Max Depth = 24<LI>Call Chain = USART2_SetModemControl &rArr; USART_SetModemControl
</UL>
<BR>[Calls]<UL><LI><a href="#[1a2]">&gt;&gt;</a>&nbsp;&nbsp;&nbsp;USART_SetModemControl
</UL>
<BR>[Address Reference Count : 1]<UL><LI> usart_stm32f10x.o(.constdata)
</UL>
<P><STRONG><a name="[76]"></a>USART2_Transfer</STRONG> (Thumb, 22 bytes, Stack size 16 bytes, usart_stm32f10x.o(i.USART2_Transfer))
<BR><BR>[Stack]<UL><LI>Max Depth = 104<LI>Call Chain = USART2_Transfer &rArr; USART_Transfer &rArr; USART_Receive &rArr; USART_Send &rArr;  USART_Receive (Cycle)
</UL>
<BR>[Calls]<UL><LI><a href="#[1a3]">&gt;&gt;</a>&nbsp;&nbsp;&nbsp;USART_Transfer
</UL>
<BR>[Address Reference Count : 1]<UL><LI> usart_stm32f10x.o(.constdata)
</UL>
<P><STRONG><a name="[72]"></a>USART2_Uninitialize</STRONG> (Thumb, 10 bytes, Stack size 8 bytes, usart_stm32f10x.o(i.USART2_Uninitialize))
<BR><BR>[Stack]<UL><LI>Max Depth = 40<LI>Call Chain = USART2_Uninitialize &rArr; USART_Uninitialize &rArr; GPIO_PinConfigure
</UL>
<BR>[Calls]<UL><LI><a href="#[1a4]">&gt;&gt;</a>&nbsp;&nbsp;&nbsp;USART_Uninitialize
</UL>
<BR>[Address Reference Count : 1]<UL><LI> usart_stm32f10x.o(.constdata)
</UL>
<P><STRONG><a name="[197]"></a>USART_Control</STRONG> (Thumb, 2082 bytes, Stack size 48 bytes, usart_stm32f10x.o(i.USART_Control))
<BR><BR>[Stack]<UL><LI>Max Depth = 72<LI>Call Chain = USART_Control &rArr; GPIO_PinConfigure
</UL>
<BR>[Calls]<UL><LI><a href="#[117]">&gt;&gt;</a>&nbsp;&nbsp;&nbsp;GPIO_PinConfigure
</UL>
<BR>[Called By]<UL><LI><a href="#[79]">&gt;&gt;</a>&nbsp;&nbsp;&nbsp;USART2_Control
</UL>

<P><STRONG><a name="[198]"></a>USART_GetCapabilities</STRONG> (Thumb, 6 bytes, Stack size 0 bytes, usart_stm32f10x.o(i.USART_GetCapabilities))
<BR><BR>[Called By]<UL><LI><a href="#[70]">&gt;&gt;</a>&nbsp;&nbsp;&nbsp;USART2_GetCapabilities
</UL>

<P><STRONG><a name="[199]"></a>USART_GetModemStatus</STRONG> (Thumb, 144 bytes, Stack size 12 bytes, usart_stm32f10x.o(i.USART_GetModemStatus))
<BR><BR>[Stack]<UL><LI>Max Depth = 12<LI>Call Chain = USART_GetModemStatus
</UL>
<BR>[Called By]<UL><LI><a href="#[7c]">&gt;&gt;</a>&nbsp;&nbsp;&nbsp;USART2_GetModemStatus
</UL>

<P><STRONG><a name="[19a]"></a>USART_GetRxCount</STRONG> (Thumb, 26 bytes, Stack size 0 bytes, usart_stm32f10x.o(i.USART_GetRxCount))
<BR><BR>[Called By]<UL><LI><a href="#[78]">&gt;&gt;</a>&nbsp;&nbsp;&nbsp;USART2_GetRxCount
</UL>

<P><STRONG><a name="[19b]"></a>USART_GetStatus</STRONG> (Thumb, 212 bytes, Stack size 12 bytes, usart_stm32f10x.o(i.USART_GetStatus))
<BR><BR>[Stack]<UL><LI>Max Depth = 12<LI>Call Chain = USART_GetStatus
</UL>
<BR>[Called By]<UL><LI><a href="#[7a]">&gt;&gt;</a>&nbsp;&nbsp;&nbsp;USART2_GetStatus
</UL>

<P><STRONG><a name="[19c]"></a>USART_GetTxCount</STRONG> (Thumb, 26 bytes, Stack size 0 bytes, usart_stm32f10x.o(i.USART_GetTxCount))
<BR><BR>[Called By]<UL><LI><a href="#[77]">&gt;&gt;</a>&nbsp;&nbsp;&nbsp;USART2_GetTxCount
</UL>

<P><STRONG><a name="[19e]"></a>USART_Initialize</STRONG> (Thumb, 162 bytes, Stack size 16 bytes, usart_stm32f10x.o(i.USART_Initialize))
<BR><BR>[Stack]<UL><LI>Max Depth = 28<LI>Call Chain = USART_Initialize &rArr; GPIO_AFConfigure
</UL>
<BR>[Calls]<UL><LI><a href="#[119]">&gt;&gt;</a>&nbsp;&nbsp;&nbsp;GPIO_PortClock
<LI><a href="#[1a9]">&gt;&gt;</a>&nbsp;&nbsp;&nbsp;GPIO_AFConfigure
<LI><a href="#[1a8]">&gt;&gt;</a>&nbsp;&nbsp;&nbsp;__aeabi_memclr4
</UL>
<BR>[Called By]<UL><LI><a href="#[71]">&gt;&gt;</a>&nbsp;&nbsp;&nbsp;USART2_Initialize
</UL>

<P><STRONG><a name="[1aa]"></a>USART_PeripheralReset</STRONG> (Thumb, 190 bytes, Stack size 0 bytes, usart_stm32f10x.o(i.USART_PeripheralReset))
<BR><BR>[Called By]<UL><LI><a href="#[19f]">&gt;&gt;</a>&nbsp;&nbsp;&nbsp;USART_PowerControl
</UL>

<P><STRONG><a name="[19f]"></a>USART_PowerControl</STRONG> (Thumb, 530 bytes, Stack size 16 bytes, usart_stm32f10x.o(i.USART_PowerControl))
<BR><BR>[Stack]<UL><LI>Max Depth = 32<LI>Call Chain = USART_PowerControl &rArr; DMA_ChannelUninitialize
</UL>
<BR>[Calls]<UL><LI><a href="#[1aa]">&gt;&gt;</a>&nbsp;&nbsp;&nbsp;USART_PeripheralReset
<LI><a href="#[e4]">&gt;&gt;</a>&nbsp;&nbsp;&nbsp;DMA_ChannelUninitialize
<LI><a href="#[e1]">&gt;&gt;</a>&nbsp;&nbsp;&nbsp;DMA_ChannelInitialize
</UL>
<BR>[Called By]<UL><LI><a href="#[73]">&gt;&gt;</a>&nbsp;&nbsp;&nbsp;USART2_PowerControl
</UL>

<P><STRONG><a name="[1a0]"></a>USART_Receive</STRONG> (Thumb, 290 bytes, Stack size 32 bytes, usart_stm32f10x.o(i.USART_Receive))
<BR><BR>[Stack]<UL><LI>Max Depth = 64<LI>Call Chain = USART_Receive &rArr; USART_Send &rArr;  USART_Receive (Cycle)
</UL>
<BR>[Calls]<UL><LI><a href="#[1a1]">&gt;&gt;</a>&nbsp;&nbsp;&nbsp;USART_Send
</UL>
<BR>[Called By]<UL><LI><a href="#[1a3]">&gt;&gt;</a>&nbsp;&nbsp;&nbsp;USART_Transfer
<LI><a href="#[1a1]">&gt;&gt;</a>&nbsp;&nbsp;&nbsp;USART_Send
<LI><a href="#[75]">&gt;&gt;</a>&nbsp;&nbsp;&nbsp;USART2_Receive
</UL>

<P><STRONG><a name="[1a1]"></a>USART_Send</STRONG> (Thumb, 246 bytes, Stack size 32 bytes, usart_stm32f10x.o(i.USART_Send))
<BR><BR>[Stack]<UL><LI>Max Depth = 32 + In Cycle
<LI>Call Chain = USART_Send &rArr;  USART_Receive (Cycle)
</UL>
<BR>[Calls]<UL><LI><a href="#[1a0]">&gt;&gt;</a>&nbsp;&nbsp;&nbsp;USART_Receive
</UL>
<BR>[Called By]<UL><LI><a href="#[1a3]">&gt;&gt;</a>&nbsp;&nbsp;&nbsp;USART_Transfer
<LI><a href="#[1a0]">&gt;&gt;</a>&nbsp;&nbsp;&nbsp;USART_Receive
<LI><a href="#[74]">&gt;&gt;</a>&nbsp;&nbsp;&nbsp;USART2_Send
</UL>

<P><STRONG><a name="[1a2]"></a>USART_SetModemControl</STRONG> (Thumb, 156 bytes, Stack size 16 bytes, usart_stm32f10x.o(i.USART_SetModemControl))
<BR><BR>[Stack]<UL><LI>Max Depth = 16<LI>Call Chain = USART_SetModemControl
</UL>
<BR>[Called By]<UL><LI><a href="#[7b]">&gt;&gt;</a>&nbsp;&nbsp;&nbsp;USART2_SetModemControl
</UL>

<P><STRONG><a name="[1a3]"></a>USART_Transfer</STRONG> (Thumb, 106 bytes, Stack size 24 bytes, usart_stm32f10x.o(i.USART_Transfer))
<BR><BR>[Stack]<UL><LI>Max Depth = 88<LI>Call Chain = USART_Transfer &rArr; USART_Receive &rArr; USART_Send &rArr;  USART_Receive (Cycle)
</UL>
<BR>[Calls]<UL><LI><a href="#[1a1]">&gt;&gt;</a>&nbsp;&nbsp;&nbsp;USART_Send
<LI><a href="#[1a0]">&gt;&gt;</a>&nbsp;&nbsp;&nbsp;USART_Receive
</UL>
<BR>[Called By]<UL><LI><a href="#[76]">&gt;&gt;</a>&nbsp;&nbsp;&nbsp;USART2_Transfer
</UL>

<P><STRONG><a name="[1a4]"></a>USART_Uninitialize</STRONG> (Thumb, 108 bytes, Stack size 8 bytes, usart_stm32f10x.o(i.USART_Uninitialize))
<BR><BR>[Stack]<UL><LI>Max Depth = 32<LI>Call Chain = USART_Uninitialize &rArr; GPIO_PinConfigure
</UL>
<BR>[Calls]<UL><LI><a href="#[117]">&gt;&gt;</a>&nbsp;&nbsp;&nbsp;GPIO_PinConfigure
<LI><a href="#[1a9]">&gt;&gt;</a>&nbsp;&nbsp;&nbsp;GPIO_AFConfigure
</UL>
<BR>[Called By]<UL><LI><a href="#[72]">&gt;&gt;</a>&nbsp;&nbsp;&nbsp;USART2_Uninitialize
</UL>

<P><STRONG><a name="[6f]"></a>USARTx_GetVersion</STRONG> (Thumb, 10 bytes, Stack size 8 bytes, usart_stm32f10x.o(i.USARTx_GetVersion))
<BR><BR>[Stack]<UL><LI>Max Depth = 8<LI>Call Chain = USARTx_GetVersion
</UL>
<BR>[Address Reference Count : 1]<UL><LI> usart_stm32f10x.o(.constdata)
</UL>
<P><STRONG><a name="[135]"></a>JTAG2SWD</STRONG> (Thumb, 56 bytes, Stack size 8 bytes, swd_host.o(i.JTAG2SWD))
<BR><BR>[Stack]<UL><LI>Max Depth = 136<LI>Call Chain = JTAG2SWD &rArr; swd_read_idcode &rArr; swd_read_dp &rArr; swd_transfer_retry &rArr; SWD_Transfer &rArr; SWD_TransferSlow
</UL>
<BR>[Calls]<UL><LI><a href="#[137]">&gt;&gt;</a>&nbsp;&nbsp;&nbsp;swd_switch
<LI><a href="#[136]">&gt;&gt;</a>&nbsp;&nbsp;&nbsp;swd_reset
<LI><a href="#[138]">&gt;&gt;</a>&nbsp;&nbsp;&nbsp;swd_read_idcode
</UL>
<BR>[Called By]<UL><LI><a href="#[10a]">&gt;&gt;</a>&nbsp;&nbsp;&nbsp;swd_init_debug
<LI><a href="#[246]">&gt;&gt;</a>&nbsp;&nbsp;&nbsp;swd_set_target_state_hw
</UL>

<P><STRONG><a name="[243]"></a>int2array</STRONG> (Thumb, 28 bytes, Stack size 8 bytes, swd_host.o(i.int2array))
<BR><BR>[Stack]<UL><LI>Max Depth = 8<LI>Call Chain = int2array
</UL>
<BR>[Called By]<UL><LI><a href="#[23d]">&gt;&gt;</a>&nbsp;&nbsp;&nbsp;swd_write_dp
<LI><a href="#[245]">&gt;&gt;</a>&nbsp;&nbsp;&nbsp;swd_write_ap
<LI><a href="#[24a]">&gt;&gt;</a>&nbsp;&nbsp;&nbsp;swd_write_data
<LI><a href="#[248]">&gt;&gt;</a>&nbsp;&nbsp;&nbsp;swd_write_block
<LI><a href="#[242]">&gt;&gt;</a>&nbsp;&nbsp;&nbsp;swd_read_data
</UL>

<P><STRONG><a name="[23b]"></a>swd_read_core_register</STRONG> (Thumb, 94 bytes, Stack size 24 bytes, swd_host.o(i.swd_read_core_register))
<BR><BR>[Stack]<UL><LI>Max Depth = 176<LI>Call Chain = swd_read_core_register &rArr; swd_write_word &rArr; swd_write_ap &rArr; swd_write_dp &rArr; swd_transfer_retry &rArr; SWD_Transfer &rArr; SWD_TransferSlow
</UL>
<BR>[Calls]<UL><LI><a href="#[240]">&gt;&gt;</a>&nbsp;&nbsp;&nbsp;swd_write_word
<LI><a href="#[241]">&gt;&gt;</a>&nbsp;&nbsp;&nbsp;swd_read_word
</UL>
<BR>[Called By]<UL><LI><a href="#[238]">&gt;&gt;</a>&nbsp;&nbsp;&nbsp;swd_flash_syscall_exec
</UL>

<P><STRONG><a name="[242]"></a>swd_read_data</STRONG> (Thumb, 136 bytes, Stack size 32 bytes, swd_host.o(i.swd_read_data))
<BR><BR>[Stack]<UL><LI>Max Depth = 112<LI>Call Chain = swd_read_data &rArr; swd_transfer_retry &rArr; SWD_Transfer &rArr; SWD_TransferSlow
</UL>
<BR>[Calls]<UL><LI><a href="#[244]">&gt;&gt;</a>&nbsp;&nbsp;&nbsp;swd_transfer_retry
<LI><a href="#[243]">&gt;&gt;</a>&nbsp;&nbsp;&nbsp;int2array
</UL>
<BR>[Called By]<UL><LI><a href="#[241]">&gt;&gt;</a>&nbsp;&nbsp;&nbsp;swd_read_word
</UL>

<P><STRONG><a name="[138]"></a>swd_read_idcode</STRONG> (Thumb, 66 bytes, Stack size 16 bytes, swd_host.o(i.swd_read_idcode))
<BR><BR>[Stack]<UL><LI>Max Depth = 128<LI>Call Chain = swd_read_idcode &rArr; swd_read_dp &rArr; swd_transfer_retry &rArr; SWD_Transfer &rArr; SWD_TransferSlow
</UL>
<BR>[Calls]<UL><LI><a href="#[d0]">&gt;&gt;</a>&nbsp;&nbsp;&nbsp;SWJ_Sequence
<LI><a href="#[23e]">&gt;&gt;</a>&nbsp;&nbsp;&nbsp;swd_read_dp
</UL>
<BR>[Called By]<UL><LI><a href="#[135]">&gt;&gt;</a>&nbsp;&nbsp;&nbsp;JTAG2SWD
</UL>

<P><STRONG><a name="[241]"></a>swd_read_word</STRONG> (Thumb, 38 bytes, Stack size 16 bytes, swd_host.o(i.swd_read_word))
<BR><BR>[Stack]<UL><LI>Max Depth = 152<LI>Call Chain = swd_read_word &rArr; swd_write_ap &rArr; swd_write_dp &rArr; swd_transfer_retry &rArr; SWD_Transfer &rArr; SWD_TransferSlow
</UL>
<BR>[Calls]<UL><LI><a href="#[245]">&gt;&gt;</a>&nbsp;&nbsp;&nbsp;swd_write_ap
<LI><a href="#[242]">&gt;&gt;</a>&nbsp;&nbsp;&nbsp;swd_read_data
</UL>
<BR>[Called By]<UL><LI><a href="#[24b]">&gt;&gt;</a>&nbsp;&nbsp;&nbsp;swd_write_core_register
<LI><a href="#[23a]">&gt;&gt;</a>&nbsp;&nbsp;&nbsp;swd_wait_until_halted
<LI><a href="#[23b]">&gt;&gt;</a>&nbsp;&nbsp;&nbsp;swd_read_core_register
<LI><a href="#[246]">&gt;&gt;</a>&nbsp;&nbsp;&nbsp;swd_set_target_state_hw
</UL>

<P><STRONG><a name="[136]"></a>swd_reset</STRONG> (Thumb, 34 bytes, Stack size 16 bytes, swd_host.o(i.swd_reset))
<BR><BR>[Stack]<UL><LI>Max Depth = 40<LI>Call Chain = swd_reset &rArr; SWJ_Sequence
</UL>
<BR>[Calls]<UL><LI><a href="#[d0]">&gt;&gt;</a>&nbsp;&nbsp;&nbsp;SWJ_Sequence
</UL>
<BR>[Called By]<UL><LI><a href="#[135]">&gt;&gt;</a>&nbsp;&nbsp;&nbsp;JTAG2SWD
</UL>

<P><STRONG><a name="[137]"></a>swd_switch</STRONG> (Thumb, 28 bytes, Stack size 16 bytes, swd_host.o(i.swd_switch))
<BR><BR>[Stack]<UL><LI>Max Depth = 40<LI>Call Chain = swd_switch &rArr; SWJ_Sequence
</UL>
<BR>[Calls]<UL><LI><a href="#[d0]">&gt;&gt;</a>&nbsp;&nbsp;&nbsp;SWJ_Sequence
</UL>
<BR>[Called By]<UL><LI><a href="#[135]">&gt;&gt;</a>&nbsp;&nbsp;&nbsp;JTAG2SWD
</UL>

<P><STRONG><a name="[244]"></a>swd_transfer_retry</STRONG> (Thumb, 44 bytes, Stack size 24 bytes, swd_host.o(i.swd_transfer_retry))
<BR><BR>[Stack]<UL><LI>Max Depth = 80<LI>Call Chain = swd_transfer_retry &rArr; SWD_Transfer &rArr; SWD_TransferSlow
</UL>
<BR>[Calls]<UL><LI><a href="#[c9]">&gt;&gt;</a>&nbsp;&nbsp;&nbsp;SWD_Transfer
</UL>
<BR>[Called By]<UL><LI><a href="#[23d]">&gt;&gt;</a>&nbsp;&nbsp;&nbsp;swd_write_dp
<LI><a href="#[245]">&gt;&gt;</a>&nbsp;&nbsp;&nbsp;swd_write_ap
<LI><a href="#[23e]">&gt;&gt;</a>&nbsp;&nbsp;&nbsp;swd_read_dp
<LI><a href="#[24a]">&gt;&gt;</a>&nbsp;&nbsp;&nbsp;swd_write_data
<LI><a href="#[248]">&gt;&gt;</a>&nbsp;&nbsp;&nbsp;swd_write_block
<LI><a href="#[242]">&gt;&gt;</a>&nbsp;&nbsp;&nbsp;swd_read_data
</UL>

<P><STRONG><a name="[23a]"></a>swd_wait_until_halted</STRONG> (Thumb, 44 bytes, Stack size 16 bytes, swd_host.o(i.swd_wait_until_halted))
<BR><BR>[Stack]<UL><LI>Max Depth = 168<LI>Call Chain = swd_wait_until_halted &rArr; swd_read_word &rArr; swd_write_ap &rArr; swd_write_dp &rArr; swd_transfer_retry &rArr; SWD_Transfer &rArr; SWD_TransferSlow
</UL>
<BR>[Calls]<UL><LI><a href="#[241]">&gt;&gt;</a>&nbsp;&nbsp;&nbsp;swd_read_word
</UL>
<BR>[Called By]<UL><LI><a href="#[238]">&gt;&gt;</a>&nbsp;&nbsp;&nbsp;swd_flash_syscall_exec
</UL>

<P><STRONG><a name="[248]"></a>swd_write_block</STRONG> (Thumb, 124 bytes, Stack size 40 bytes, swd_host.o(i.swd_write_block))
<BR><BR>[Stack]<UL><LI>Max Depth = 176<LI>Call Chain = swd_write_block &rArr; swd_write_ap &rArr; swd_write_dp &rArr; swd_transfer_retry &rArr; SWD_Transfer &rArr; SWD_TransferSlow
</UL>
<BR>[Calls]<UL><LI><a href="#[245]">&gt;&gt;</a>&nbsp;&nbsp;&nbsp;swd_write_ap
<LI><a href="#[244]">&gt;&gt;</a>&nbsp;&nbsp;&nbsp;swd_transfer_retry
<LI><a href="#[243]">&gt;&gt;</a>&nbsp;&nbsp;&nbsp;int2array
</UL>
<BR>[Called By]<UL><LI><a href="#[24c]">&gt;&gt;</a>&nbsp;&nbsp;&nbsp;swd_write_memory
</UL>

<P><STRONG><a name="[249]"></a>swd_write_byte</STRONG> (Thumb, 46 bytes, Stack size 16 bytes, swd_host.o(i.swd_write_byte))
<BR><BR>[Stack]<UL><LI>Max Depth = 152<LI>Call Chain = swd_write_byte &rArr; swd_write_ap &rArr; swd_write_dp &rArr; swd_transfer_retry &rArr; SWD_Transfer &rArr; SWD_TransferSlow
</UL>
<BR>[Calls]<UL><LI><a href="#[245]">&gt;&gt;</a>&nbsp;&nbsp;&nbsp;swd_write_ap
<LI><a href="#[24a]">&gt;&gt;</a>&nbsp;&nbsp;&nbsp;swd_write_data
</UL>
<BR>[Called By]<UL><LI><a href="#[24c]">&gt;&gt;</a>&nbsp;&nbsp;&nbsp;swd_write_memory
</UL>

<P><STRONG><a name="[24b]"></a>swd_write_core_register</STRONG> (Thumb, 82 bytes, Stack size 24 bytes, swd_host.o(i.swd_write_core_register))
<BR><BR>[Stack]<UL><LI>Max Depth = 176<LI>Call Chain = swd_write_core_register &rArr; swd_write_word &rArr; swd_write_ap &rArr; swd_write_dp &rArr; swd_transfer_retry &rArr; SWD_Transfer &rArr; SWD_TransferSlow
</UL>
<BR>[Calls]<UL><LI><a href="#[240]">&gt;&gt;</a>&nbsp;&nbsp;&nbsp;swd_write_word
<LI><a href="#[241]">&gt;&gt;</a>&nbsp;&nbsp;&nbsp;swd_read_word
</UL>
<BR>[Called By]<UL><LI><a href="#[239]">&gt;&gt;</a>&nbsp;&nbsp;&nbsp;swd_write_debug_state
</UL>

<P><STRONG><a name="[24a]"></a>swd_write_data</STRONG> (Thumb, 84 bytes, Stack size 24 bytes, swd_host.o(i.swd_write_data))
<BR><BR>[Stack]<UL><LI>Max Depth = 104<LI>Call Chain = swd_write_data &rArr; swd_transfer_retry &rArr; SWD_Transfer &rArr; SWD_TransferSlow
</UL>
<BR>[Calls]<UL><LI><a href="#[244]">&gt;&gt;</a>&nbsp;&nbsp;&nbsp;swd_transfer_retry
<LI><a href="#[243]">&gt;&gt;</a>&nbsp;&nbsp;&nbsp;int2array
</UL>
<BR>[Called By]<UL><LI><a href="#[240]">&gt;&gt;</a>&nbsp;&nbsp;&nbsp;swd_write_word
<LI><a href="#[249]">&gt;&gt;</a>&nbsp;&nbsp;&nbsp;swd_write_byte
</UL>

<P><STRONG><a name="[239]"></a>swd_write_debug_state</STRONG> (Thumb, 142 bytes, Stack size 16 bytes, swd_host.o(i.swd_write_debug_state))
<BR><BR>[Stack]<UL><LI>Max Depth = 192<LI>Call Chain = swd_write_debug_state &rArr; swd_write_core_register &rArr; swd_write_word &rArr; swd_write_ap &rArr; swd_write_dp &rArr; swd_transfer_retry &rArr; SWD_Transfer &rArr; SWD_TransferSlow
</UL>
<BR>[Calls]<UL><LI><a href="#[23d]">&gt;&gt;</a>&nbsp;&nbsp;&nbsp;swd_write_dp
<LI><a href="#[23e]">&gt;&gt;</a>&nbsp;&nbsp;&nbsp;swd_read_dp
<LI><a href="#[240]">&gt;&gt;</a>&nbsp;&nbsp;&nbsp;swd_write_word
<LI><a href="#[24b]">&gt;&gt;</a>&nbsp;&nbsp;&nbsp;swd_write_core_register
</UL>
<BR>[Called By]<UL><LI><a href="#[238]">&gt;&gt;</a>&nbsp;&nbsp;&nbsp;swd_flash_syscall_exec
</UL>

<P><STRONG><a name="[240]"></a>swd_write_word</STRONG> (Thumb, 38 bytes, Stack size 16 bytes, swd_host.o(i.swd_write_word))
<BR><BR>[Stack]<UL><LI>Max Depth = 152<LI>Call Chain = swd_write_word &rArr; swd_write_ap &rArr; swd_write_dp &rArr; swd_transfer_retry &rArr; SWD_Transfer &rArr; SWD_TransferSlow
</UL>
<BR>[Calls]<UL><LI><a href="#[245]">&gt;&gt;</a>&nbsp;&nbsp;&nbsp;swd_write_ap
<LI><a href="#[24a]">&gt;&gt;</a>&nbsp;&nbsp;&nbsp;swd_write_data
</UL>
<BR>[Called By]<UL><LI><a href="#[112]">&gt;&gt;</a>&nbsp;&nbsp;&nbsp;swd_set_target_reset
<LI><a href="#[239]">&gt;&gt;</a>&nbsp;&nbsp;&nbsp;swd_write_debug_state
<LI><a href="#[24b]">&gt;&gt;</a>&nbsp;&nbsp;&nbsp;swd_write_core_register
<LI><a href="#[23b]">&gt;&gt;</a>&nbsp;&nbsp;&nbsp;swd_read_core_register
<LI><a href="#[246]">&gt;&gt;</a>&nbsp;&nbsp;&nbsp;swd_set_target_state_hw
</UL>

<P><STRONG><a name="[1ae]"></a>USBD_CDC_ACM_EP_BULKIN_HandleData</STRONG> (Thumb, 144 bytes, Stack size 32 bytes, usbd_cdc_acm.o(i.USBD_CDC_ACM_EP_BULKIN_HandleData))
<BR><BR>[Stack]<UL><LI>Max Depth = 80<LI>Call Chain = USBD_CDC_ACM_EP_BULKIN_HandleData &rArr; USBD_WriteEP &rArr; EP_Status
</UL>
<BR>[Calls]<UL><LI><a href="#[1af]">&gt;&gt;</a>&nbsp;&nbsp;&nbsp;USBD_WriteEP
</UL>
<BR>[Called By]<UL><LI><a href="#[1bb]">&gt;&gt;</a>&nbsp;&nbsp;&nbsp;USBD_CDC_ACM_SOF_Event
<LI><a href="#[1ad]">&gt;&gt;</a>&nbsp;&nbsp;&nbsp;USBD_CDC_ACM_EP_BULKIN_Event
</UL>

<P><STRONG><a name="[1b1]"></a>USBD_CDC_ACM_EP_BULKOUT_HandleData</STRONG> (Thumb, 78 bytes, Stack size 8 bytes, usbd_cdc_acm.o(i.USBD_CDC_ACM_EP_BULKOUT_HandleData))
<BR><BR>[Stack]<UL><LI>Max Depth = 52<LI>Call Chain = USBD_CDC_ACM_EP_BULKOUT_HandleData &rArr; USBD_ReadEP &rArr; EP_Status
</UL>
<BR>[Calls]<UL><LI><a href="#[1b2]">&gt;&gt;</a>&nbsp;&nbsp;&nbsp;USBD_ReadEP
</UL>
<BR>[Called By]<UL><LI><a href="#[1bb]">&gt;&gt;</a>&nbsp;&nbsp;&nbsp;USBD_CDC_ACM_SOF_Event
<LI><a href="#[1b0]">&gt;&gt;</a>&nbsp;&nbsp;&nbsp;USBD_CDC_ACM_EP_BULKOUT_Event
</UL>

<P><STRONG><a name="[20f]"></a>_printf_core</STRONG> (Thumb, 658 bytes, Stack size 104 bytes, printf5.o(i._printf_core), UNUSED)
<BR><BR>[Calls]<UL><LI><a href="#[7f]">&gt;&gt;</a>&nbsp;&nbsp;&nbsp;__aeabi_uldivmod
</UL>
<BR>[Called By]<UL><LI><a href="#[20e]">&gt;&gt;</a>&nbsp;&nbsp;&nbsp;__0printf$5
</UL>
<P>
<H3>
Undefined Global Symbols
</H3><HR></body></html>
