Component: ARM Compiler 5.06 update 5 (build 528) Tool: armlink [4d35e2]

==============================================================================

Section Cross References

    main.o(i.Draw_Logo) refers to oled.o(i.OLED_ShowChar) for OLED_ShowChar
    main.o(i.Draw_Logo) refers to delay.o(i.delay_ms) for delay_ms
    main.o(i.Draw_Logo) refers to oled.o(i.OLED_Clear) for OLED_Clear
    main.o(i.Draw_Logo) refers to main.o(.data) for Logo
    main.o(i.Draw_Main) refers to ff.o(i.f_unlink) for f_unlink
    main.o(i.Draw_Main) refers to ff.o(i.f_opendir) for f_opendir
    main.o(i.Draw_Main) refers to ff.o(i.f_readdir) for f_readdir
    main.o(i.Draw_Main) refers to oled.o(i.OLED_ShowString) for OLED_ShowString
    main.o(i.Draw_Main) refers to main.o(i.Scan_Key) for Scan_Key
    main.o(i.Draw_Main) refers to oled.o(i.OLED_Clear) for OLED_Clear
    main.o(i.Draw_Main) refers to oled.o(i.OLED_DrawBMP) for OLED_DrawBMP
    main.o(i.Draw_Main) refers to delay.o(i.delay_ms) for delay_ms
    main.o(i.Draw_Main) refers to main.o(.bss) for DirInfo
    main.o(i.Draw_Main) refers to main.o(.data) for select
    main.o(i.Draw_Main) refers to strstr.o(.text) for strstr
    main.o(i.Draw_Main) refers to ff.o(i.f_open) for f_open
    main.o(i.Draw_Main) refers to hex2bin.o(i.HexFormatUncode) for HexFormatUncode
    main.o(i.Draw_Main) refers to oled.o(i.OLED_ShowChar) for OLED_ShowChar
    main.o(i.Draw_Main) refers to main.o(i.FLASH_SWD) for FLASH_SWD
    main.o(i.Draw_Menu) refers to oled.o(i.OLED_DrawBMP) for OLED_DrawBMP
    main.o(i.Draw_Menu) refers to oled.o(i.OLED_ShowString) for OLED_ShowString
    main.o(i.Draw_Menu) refers to ff.o(i.f_open) for f_open
    main.o(i.Draw_Menu) refers to oled.o(i.OLED_ShowChar) for OLED_ShowChar
    main.o(i.Draw_Menu) refers to delay.o(i.delay_ms) for delay_ms
    main.o(i.Draw_Menu) refers to main.o(i.FLASH_SWD) for FLASH_SWD
    main.o(i.Draw_Menu) refers to main.o(i.Scan_Key) for Scan_Key
    main.o(i.Draw_Menu) refers to oled.o(i.OLED_Clear) for OLED_Clear
    main.o(i.Draw_Menu) refers to main.o(i.Draw_Main) for Draw_Main
    main.o(i.Draw_Menu) refers to usb_pwr.o(.data) for bDeviceState
    main.o(i.Draw_Menu) refers to main.o(.data) for USBLogo
    main.o(i.Draw_Menu) refers to main.o(.bss) for fnew
    main.o(i.FLASH_SWD) refers to ff.o(i.f_open) for f_open
    main.o(i.FLASH_SWD) refers to swd_host.o(i.swd_init_debug) for swd_init_debug
    main.o(i.FLASH_SWD) refers to swd_opt.o(i.target_opt_init) for target_opt_init
    main.o(i.FLASH_SWD) refers to swd_opt.o(i.target_opt_erase_chip) for target_opt_erase_chip
    main.o(i.FLASH_SWD) refers to swd_opt.o(i.target_opt_uninit) for target_opt_uninit
    main.o(i.FLASH_SWD) refers to swd_flash.o(i.target_flash_init) for target_flash_init
    main.o(i.FLASH_SWD) refers to swd_flash.o(i.target_flash_erase_chip) for target_flash_erase_chip
    main.o(i.FLASH_SWD) refers to ff.o(i.f_read) for f_read
    main.o(i.FLASH_SWD) refers to swd_flash.o(i.target_flash_program_page) for target_flash_program_page
    main.o(i.FLASH_SWD) refers to dflt_clz.o(x$fpl$dfltu) for __aeabi_ui2d
    main.o(i.FLASH_SWD) refers to ddiv.o(x$fpl$ddiv) for __aeabi_ddiv
    main.o(i.FLASH_SWD) refers to dmul.o(x$fpl$dmul) for __aeabi_dmul
    main.o(i.FLASH_SWD) refers to dfixu.o(x$fpl$dfixu) for __aeabi_d2uiz
    main.o(i.FLASH_SWD) refers to oled.o(i.OLED_ShowString) for OLED_ShowString
    main.o(i.FLASH_SWD) refers to swd_host.o(i.swd_set_target_reset) for swd_set_target_reset
    main.o(i.FLASH_SWD) refers to delay.o(i.delay_ms) for delay_ms
    main.o(i.FLASH_SWD) refers to swd_flash.o(i.target_flash_uninit) for target_flash_uninit
    main.o(i.FLASH_SWD) refers to main.o(.bss) for fnew
    main.o(i.FLASH_SWD) refers to main.o(.data) for Res
    main.o(i.Init_device) refers to misc.o(i.NVIC_PriorityGroupConfig) for NVIC_PriorityGroupConfig
    main.o(i.Init_device) refers to delay.o(i.delay_init) for delay_init
    main.o(i.Init_device) refers to key.o(i.Key_Init) for Key_Init
    main.o(i.Init_device) refers to w25qxx.o(i.W25QXX_Init) for W25QXX_Init
    main.o(i.Init_device) refers to ff.o(i.f_mount) for f_mount
    main.o(i.Init_device) refers to oled.o(i.OLED_Init) for OLED_Init
    main.o(i.Init_device) refers to oled.o(i.OLED_Clear) for OLED_Clear
    main.o(i.Init_device) refers to led.o(i.LED_Init) for LED_Init
    main.o(i.Init_device) refers to main.o(i.Scan_Key) for Scan_Key
    main.o(i.Init_device) refers to main.o(i.Draw_Logo) for Draw_Logo
    main.o(i.Init_device) refers to oled.o(i.OLED_DrawBMP) for OLED_DrawBMP
    main.o(i.Init_device) refers to oled.o(i.OLED_ShowString) for OLED_ShowString
    main.o(i.Init_device) refers to cmsis-dap.o(i.Init_DAPUSB) for Init_DAPUSB
    main.o(i.Init_device) refers to cmsis-dap.o(i.Do_DAPUSB) for Do_DAPUSB
    main.o(i.Init_device) refers to hw_config.o(i.Set_System) for Set_System
    main.o(i.Init_device) refers to hw_config.o(i.Set_USBClock) for Set_USBClock
[...]
    TransferState                            0x20000264   Data           1  memory.o(.data)
    Page00_Inquiry_Data                      0x20000278   Data           5  scsi_data.o(.data)
    Standard_Inquiry_Data                    0x2000027d   Data          22  scsi_data.o(.data)
    Standard_Inquiry_Data2                   0x20000293   Data          36  scsi_data.o(.data)
    Mode_Sense6_data                         0x200002b7   Data           4  scsi_data.o(.data)
    Mode_Sense10_data                        0x200002bb   Data           8  scsi_data.o(.data)
    Scsi_Sense_Data                          0x200002c3   Data          18  scsi_data.o(.data)
    ReadCapacity10_Data                      0x200002d5   Data           8  scsi_data.o(.data)
    ReadFormatCapacity_Data                  0x200002dd   Data          12  scsi_data.o(.data)
    Bot_State                                0x200002ec   Data           1  usb_bot.o(.data)
    Data_Len                                 0x200002ee   Data           2  usb_bot.o(.data)
    SCSI_LBA                                 0x200002f0   Data           4  usb_bot.o(.data)
    SCSI_BlkLen                              0x200002f4   Data           4  usb_bot.o(.data)
    MASS_StringSerial                        0x200002f8   Data          26  usb_desc.o(.data)
    count_out                                0x20000314   Data           4  usb_endp.o(.data)
    count_in                                 0x20000318   Data           4  usb_endp.o(.data)
    temp_cnt                                 0x2000031c   Data           1  usb_endp.o(.data)
    wIstr                                    0x20000320   Data           2  usb_istr.o(.data)
    bIntPackSOF                              0x20000322   Data           1  usb_istr.o(.data)
    pEpInt_IN                                0x20000324   Data          28  usb_istr.o(.data)
    pEpInt_OUT                               0x20000340   Data          28  usb_istr.o(.data)
    Max_Lun                                  0x2000035c   Data           4  usb_prop.o(.data)
    Request                                  0x20000360   Data           1  usb_prop.o(.data)
    linecoding                               0x20000364   Data           8  usb_prop.o(.data)
    Device_Table                             0x2000036c   Data           2  usb_prop.o(.data)
    Device_Property                          0x20000370   Data          48  usb_prop.o(.data)
    User_Standard_Requests                   0x200003a0   Data          36  usb_prop.o(.data)
    Device_Descriptor                        0x200003c4   Data           8  usb_prop.o(.data)
    Config_Descriptor                        0x200003cc   Data           8  usb_prop.o(.data)
    String_Descriptor                        0x200003d4   Data          40  usb_prop.o(.data)
    bDeviceState                             0x200003fc   Data           4  usb_pwr.o(.data)
    fSuspendEnabled                          0x20000400   Data           1  usb_pwr.o(.data)
    ResumeS                                  0x20000401   Data           2  usb_pwr.o(.data)
    StatusInfo                               0x20000404   Data           2  usb_core.o(.data)
    Data_Mul_MaxPacketSize                   0x20000406   Data           1  usb_core.o(.data)
    EPindex                                  0x20000408   Data           1  usb_init.o(.data)
    pInformation                             0x2000040c   Data           4  usb_init.o(.data)
    pProperty                                0x20000410   Data           4  usb_init.o(.data)
    SaveState                                0x20000414   Data           2  usb_init.o(.data)
    wInterrupt_Mask                          0x20000416   Data           2  usb_init.o(.data)
    pUser_Standard_Requests                  0x20000418   Data           4  usb_init.o(.data)
    SaveRState                               0x2000041c   Data           2  usb_int.o(.data)
    SaveTState                               0x2000041e   Data           2  usb_int.o(.data)
    DAP_TransferAbort                        0x20000420   Data           1  dap.o(.data)
    USBD_AltSetting                          0x20000438   Data           3  usb_config.o(.data)
    USBD_HID_PollingCnt                      0x2000043c   Data           2  usb_config.o(.data)
    USBD_HID_IdleCnt                         0x2000043e   Data           1  usb_config.o(.data)
    USBD_HID_IdleReload                      0x2000043f   Data           1  usb_config.o(.data)
    USBD_HID_IdleSet                         0x20000440   Data           1  usb_config.o(.data)
    USBD_HID_FeatReport                      0x20000441   Data           2  usb_config.o(.data)
    pBUF_DSCR                                0x20000444   Data           4  usbd_stm32f103.o(.data)
    FreeBufAddr                              0x20000448   Data           2  usbd_stm32f103.o(.data)
    W25QXX_TYPE                              0x20000480   Data           2  w25qxx.o(.data)
    USBD_DeviceAddress                       0x20000484   Data           1  usbd_core.o(.data)
    USBD_Configuration                       0x20000485   Data           1  usbd_core.o(.data)
    USBD_NumInterfaces                       0x20000486   Data           1  usbd_core.o(.data)
    USBD_HighSpeed                           0x20000487   Data           1  usbd_core.o(.data)
    USBD_ZLP                                 0x20000488   Data           1  usbd_core.o(.data)
    USBD_DeviceStatus                        0x2000048a   Data           2  usbd_core.o(.data)
    USBD_EndPointMask                        0x2000048c   Data           4  usbd_core.o(.data)
    USBD_EndPointHalt                        0x20000490   Data           4  usbd_core.o(.data)
    USBD_EndPointNoHaltClr                   0x20000494   Data           4  usbd_core.o(.data)
    USBD_RTX_CoreTask                        0x20000498   Data           4  usbd_core.o(.data)
    USBD_EP0Data                             0x2000049c   Data           8  usbd_core.o(.data)
    USBD_SetupPacket                         0x200004a4   Data           8  usbd_core.o(.data)
    control_line_state                       0x200004ac   Data           2  usbd_cdc_acm.o(.data)
    data_send_access                         0x200004b0   Data           4  usbd_cdc_acm.o(.data)
    data_send_active                         0x200004b4   Data           4  usbd_cdc_acm.o(.data)
    data_send_zlp                            0x200004b8   Data           4  usbd_cdc_acm.o(.data)
    data_to_send_wr                          0x200004bc   Data           4  usbd_cdc_acm.o(.data)
    data_to_send_rd                          0x200004c0   Data           4  usbd_cdc_acm.o(.data)
    ptr_data_to_send                         0x200004c4   Data           4  usbd_cdc_acm.o(.data)
    ptr_data_sent                            0x200004c8   Data           4  usbd_cdc_acm.o(.data)
    data_read_access                         0x200004cc   Data           4  usbd_cdc_acm.o(.data)
    data_receive_int_access                  0x200004d0   Data           4  usbd_cdc_acm.o(.data)
    data_received_pending_pckts              0x200004d4   Data           4  usbd_cdc_acm.o(.data)
    data_no_space_for_receive                0x200004d8   Data           4  usbd_cdc_acm.o(.data)
    ptr_data_received                        0x200004dc   Data           4  usbd_cdc_acm.o(.data)
    ptr_data_read                            0x200004e0   Data           4  usbd_cdc_acm.o(.data)
    line_coding                              0x200004e4   Data           7  usbd_cdc_acm.o(.data)
    USBD_HID_Protocol                        0x200004ed   Data           1  usbd_hid.o(.data)
    DataOutToSendLen                         0x200004ee   Data           2  usbd_hid.o(.data)
    DataOutSentLen                           0x200004f0   Data           2  usbd_hid.o(.data)
    DataInReceLen                            0x200004f2   Data           2  usbd_hid.o(.data)
    DataFeatReceLen                          0x200004f4   Data           2  usbd_hid.o(.data)
    DataOutAsyncReq                          0x200004f8   Data           4  usbd_hid.o(.data)
    DataOutUpdateReqMask                     0x200004fc   Data           4  usbd_hid.o(.data)
    DataOutProcessing                        0x20000500   Data           4  usbd_hid.o(.data)
    DataOutProcessPending                    0x20000504   Data           4  usbd_hid.o(.data)
    ptrDataOut                               0x20000508   Data           4  usbd_hid.o(.data)
    DataOutEndWithShortPacket                0x2000050c   Data           4  usbd_hid.o(.data)
    DataOutInProgress                        0x20000510   Data           4  usbd_hid.o(.data)
    ptrDataIn                                0x20000514   Data           4  usbd_hid.o(.data)
    ptrDataFeat                              0x20000518   Data           4  usbd_hid.o(.data)
    fnew                                     0x2000051c   Data         548  main.o(.bss)
    FileInfo                                 0x20000740   Data          24  main.o(.bss)
    DirInfo                                  0x20000758   Data          28  main.o(.bss)
    fs                                       0x20000774   Data         560  main.o(.bss)
    rData                                    0x200009a4   Data        1024  main.o(.bss)
    USART_RX_BUF                             0x20000da4   Data         200  usart.o(.bss)
    USART_TX_BUF                             0x20000e6c   Data         200  usart.o(.bss)
    usart_rx_data                            0x20000f34   Data          60  usart.o(.bss)
    Data_Buffer                              0x20000f70   Data         512  memory.o(.bss)
    Bulk_Data_Buff                           0x20001170   Data          64  usb_bot.o(.bss)
    CBW                                      0x200011b0   Data          32  usb_bot.o(.bss)
    CSW                                      0x200011d0   Data          16  usb_bot.o(.bss)
    buffer_out                               0x200011e0   Data          64  usb_endp.o(.bss)
    temp                                     0x20001220   Data          60  usb_endp.o(.bss)
    Device_Info                              0x2000125c   Data          28  usb_init.o(.bss)
    DAP_Data                                 0x20001278   Data          64  dap.o(.bss)
    USBD_EP0Buf                              0x200022b8   Data          64  usb_config.o(.bss)
    USBD_HID_InReport                        0x200022f8   Data          65  usb_config.o(.bss)
    USBD_HID_OutReport                       0x20002339   Data          65  usb_config.o(.bss)
    USBD_CDC_ACM_SendBuf                     0x2000237a   Data          64  usb_config.o(.bss)
    USBD_CDC_ACM_ReceiveBuf                  0x200023ba   Data          64  usb_config.o(.bss)
    USBD_CDC_ACM_NotifyBuf                   0x200023fa   Data          10  usb_config.o(.bss)
    W25QXX_BUFFER                            0x20004c3c   Data        4096  w25qxx.o(.bss)
    __libspace_start                         0x20005c3c   Data          96  libspace.o(.bss)
    __temporary_stack_top$libspace           0x20005c9c   Data           0  libspace.o(.bss)



==============================================================================

Memory Map of the image

  Image Entry point : 0x08000131

  Load Region LR_IROM1 (Base: 0x08000000, Size: 0x00010f38, Max: 0x00080000, ABSOLUTE, COMPRESSED[0x00010c20])

    Execution Region ER_IROM1 (Exec base: 0x08000000, Load base: 0x08000000, Size: 0x00010a1c, Max: 0x00080000, ABSOLUTE)

    Exec Addr    Load Addr    Size         Type   Attr      Idx    E Section Name        Object

    0x08000000   0x08000000   0x00000130   Data   RO          751    RESET               startup_stm32f10x_hd.o
    0x08000130   0x08000130   0x00000008   Code   RO         6717  * !!!main             c_w.l(__main.o)
    0x08000138   0x08000138   0x00000034   Code   RO         6909    !!!scatter          c_w.l(__scatter.o)
    0x0800016c   0x0800016c   0x0000005a   Code   RO         6907    !!dczerorl2         c_w.l(__dczerorl2.o)
    0x080001c6   0x080001c6   0x00000002   PAD
    0x080001c8   0x080001c8   0x0000001c   Code   RO         6911    !!handler_zi        c_w.l(__scatter_zi.o)
    0x080001e4   0x080001e4   0x00000000   Code   RO         6704    .ARM.Collect$$_printf_percent$$00000000  c_w.l(_printf_percent.o)
    0x080001e4   0x080001e4   0x00000006   Code   RO         6703    .ARM.Collect$$_printf_percent$$0000000C  c_w.l(_printf_x.o)
    0x080001ea   0x080001ea   0x00000004   Code   RO         6742    .ARM.Collect$$_printf_percent$$00000017  c_w.l(_printf_percent_end.o)
    0x080001ee   0x080001ee   0x00000002   Code   RO         6782    .ARM.Collect$$libinit$$00000000  c_w.l(libinit.o)
    0x080001f0   0x080001f0   0x00000000   Code   RO         6789    .ARM.Collect$$libinit$$00000002  c_w.l(libinit2.o)
    0x080001f0   0x080001f0   0x00000000   Code   RO         6791    .ARM.Collect$$libinit$$00000004  c_w.l(libinit2.o)
    0x080001f0   0x080001f0   0x00000000   Code   RO         6794    .ARM.Collect$$libinit$$0000000A  c_w.l(libinit2.o)
    0x080001f0   0x080001f0   0x00000000   Code   RO         6796    .ARM.Collect$$libinit$$0000000C  c_w.l(libinit2.o)
    0x080001f0   0x080001f0   0x00000000   Code   RO         6798    .ARM.Collect$$libinit$$0000000E  c_w.l(libinit2.o)
    0x080001f0   0x080001f0   0x00000000   Code   RO         6801    .ARM.Collect$$libinit$$00000011  c_w.l(libinit2.o)
    0x080001f0   0x080001f0   0x00000000   Code   RO         6803    .ARM.Collect$$libinit$$00000013  c_w.l(libinit2.o)
    0x080001f0   0x080001f0   0x00000000   Code   RO         6805    .ARM.Collect$$libinit$$00000015  c_w.l(libinit2.o)
    0x080001f0   0x080001f0   0x00000000   Code   RO         6807    .ARM.Collect$$libinit$$00000017  c_w.l(libinit2.o)
    0x080001f0   0x080001f0   0x00000000   Code   RO         6809    .ARM.Collect$$libinit$$00000019  c_w.l(libinit2.o)
    0x080001f0   0x080001f0   0x00000000   Code   RO         6811    .ARM.Collect$$libinit$$0000001B  c_w.l(libinit2.o)
    0x080001f0   0x080001f0   0x00000000   Code   RO         6813    .ARM.Collect$$libinit$$0000001D  c_w.l(libinit2.o)
    0x080001f0   0x080001f0   0x00000000   Code   RO         6815    .ARM.Collect$$libinit$$0000001F  c_w.l(libinit2.o)
    0x080001f0   0x080001f0   0x00000000   Code   RO         6817    .ARM.Collect$$libinit$$00000021  c_w.l(libinit2.o)
    0x080001f0   0x080001f0   0x00000000   Code   RO         6819    .ARM.Collect$$libinit$$00000023  c_w.l(libinit2.o)
    0x080001f0   0x080001f0   0x00000000   Code   RO         6821    .ARM.Collect$$libinit$$00000025  c_w.l(libinit2.o)
    0x080001f0   0x080001f0   0x00000000   Code   RO         6825    .ARM.Collect$$libinit$$0000002C  c_w.l(libinit2.o)
    0x080001f0   0x080001f0   0x00000000   Code   RO         6827    .ARM.Collect$$libinit$$0000002E  c_w.l(libinit2.o)
    0x080001f0   0x080001f0   0x00000000   Code   RO         6829    .ARM.Collect$$libinit$$00000030  c_w.l(libinit2.o)
    0x080001f0   0x080001f0   0x00000000   Code   RO         6831    .ARM.Collect$$libinit$$00000032  c_w.l(libinit2.o)
    0x080001f0   0x080001f0   0x00000002   Code   RO         6832    .ARM.Collect$$libinit$$00000033  c_w.l(libinit2.o)
    0x080001f2   0x080001f2   0x00000002   Code   RO         6850    .ARM.Collect$$libshutdown$$00000000  c_w.l(libshutdown.o)
    0x080001f4   0x080001f4   0x00000000   Code   RO         6860    .ARM.Collect$$libshutdown$$00000002  c_w.l(libshutdown2.o)
    0x080001f4   0x080001f4   0x00000000   Code   RO         6862    .ARM.Collect$$libshutdown$$00000004  c_w.l(libshutdown2.o)
    0x080001f4   0x080001f4   0x00000000   Code   RO         6865    .ARM.Collect$$libshutdown$$00000007  c_w.l(libshutdown2.o)
    0x080001f4   0x080001f4   0x00000000   Code   RO         6868    .ARM.Collect$$libshutdown$$0000000A  c_w.l(libshutdown2.o)
    0x080001f4   0x080001f4   0x00000000   Code   RO         6870    .ARM.Collect$$libshutdown$$0000000C  c_w.l(libshutdown2.o)
    0x080001f4   0x080001f4   0x00000000   Code   RO         6873    .ARM.Collect$$libshutdown$$0000000F  c_w.l(libshutdown2.o)
    0x080001f4   0x080001f4   0x00000002   Code   RO         6874    .ARM.Collect$$libshutdown$$00000010  c_w.l(libshutdown2.o)
    0x080001f6   0x080001f6   0x00000000   Code   RO         6737    .ARM.Collect$$rtentry$$00000000  c_w.l(__rtentry.o)
    0x080001f6   0x080001f6   0x00000000   Code   RO         6751    .ARM.Collect$$rtentry$$00000002  c_w.l(__rtentry2.o)
    0x080001f6   0x080001f6   0x00000006   Code   RO         6763    .ARM.Collect$$rtentry$$00000004  c_w.l(__rtentry4.o)
    0x080001fc   0x080001fc   0x00000000   Code   RO         6753    .ARM.Collect$$rtentry$$00000009  c_w.l(__rtentry2.o)
    0x080001fc   0x080001fc   0x00000004   Code   RO         6754    .ARM.Collect$$rtentry$$0000000A  c_w.l(__rtentry2.o)
    0x08000200   0x08000200   0x00000000   Code   RO         6756    .ARM.Collect$$rtentry$$0000000C  c_w.l(__rtentry2.o)
    0x08000200   0x08000200   0x00000008   Code   RO         6757    .ARM.Collect$$rtentry$$0000000D  c_w.l(__rtentry2.o)
    0x08000208   0x08000208   0x00000002   Code   RO         6786    .ARM.Collect$$rtexit$$00000000  c_w.l(rtexit.o)
    0x0800020a   0x0800020a   0x00000000   Code   RO         6834    .ARM.Collect$$rtexit$$00000002  c_w.l(rtexit2.o)
    0x0800020a   0x0800020a   0x00000004   Code   RO         6835    .ARM.Collect$$rtexit$$00000003  c_w.l(rtexit2.o)
    0x0800020e   0x0800020e   0x00000006   Code   RO         6836    .ARM.Collect$$rtexit$$00000004  c_w.l(rtexit2.o)
    0x08000214   0x08000214   0x00000040   Code   RO          752    .text               startup_stm32f10x_hd.o
    0x08000254   0x08000254   0x00000002   Code   RO         6654    .text               c_w.l(use_no_semi_2.o)
    0x08000256   0x08000256   0x00000002   PAD
    0x08000258   0x08000258   0x00000018   Code   RO         6658    .text               c_w.l(noretval__2printf.o)
    0x08000270   0x08000270   0x00000068   Code   RO         6660    .text               c_w.l(__printf.o)
    0x080002d8   0x080002d8   0x00000058   Code   RO         6665    .text               c_w.l(_printf_hex_int.o)
    0x08000330   0x08000330   0x00000024   Code   RO         6705    .text               c_w.l(strstr.o)
    0x08000354   0x08000354   0x0000003e   Code   RO         6707    .text               c_w.l(strlen.o)
    0x08000392   0x08000392   0x0000008a   Code   RO         6709    .text               c_w.l(rt_memcpy_v6.o)
    0x0800041c   0x0800041c   0x00000044   Code   RO         6711    .text               c_w.l(rt_memclr.o)
    0x08000460   0x08000460   0x0000004e   Code   RO         6713    .text               c_w.l(rt_memclr_w.o)
    0x080004ae   0x080004ae   0x00000006   Code   RO         6715    .text               c_w.l(heapauxi.o)
    0x080004b4   0x080004b4   0x00000002   Code   RO         6735    .text               c_w.l(use_no_semi.o)
    0x080004b6   0x080004b6   0x000000b2   Code   RO         6738    .text               c_w.l(_printf_intcommon.o)
    0x08000568   0x08000568   0x00000024   Code   RO         6740    .text               c_w.l(_printf_char_file.o)
    0x0800058c   0x0800058c   0x00000064   Code   RO         6743    .text               c_w.l(rt_memcpy_w.o)
    0x080005f0   0x080005f0   0x00000030   Code   RO         6765    .text               c_w.l(_printf_char_common.o)
    0x08000620   0x08000620   0x00000008   Code   RO         6767    .text               c_w.l(ferror.o)
    0x08000628   0x08000628   0x0000004a   Code   RO         6771    .text               c_w.l(sys_stackheap_outer.o)
    0x08000672   0x08000672   0x00000012   Code   RO         6775    .text               c_w.l(exit.o)
    0x08000684   0x08000684   0x00000008   Code   RO         6783    .text               c_w.l(libspace.o)
    0x0800068c   0x0800068c   0x00000040   Code   RO         3279    i.Bot_Abort         usb_bot.o
    0x080006cc   0x080006cc   0x0000000c   Code   RO         3993    i.ByteSwap          usb_regs.o
    0x080006d8   0x080006d8   0x000002c4   Code   RO         3280    i.CBW_Decode        usb_bot.o
    0x0800099c   0x0800099c   0x000000c8   Code   RO         3921    i.CTR_HP            usb_int.o
    0x08000a64   0x08000a64   0x00000288   Code   RO         3922    i.CTR_LP            usb_int.o
    0x08000cec   0x08000cec   0x0000001a   Code   RO         2625    i.Char2toByte       hex2bin.o
    0x08000d06   0x08000d06   0x00000026   Code   RO         2626    i.ChartoByte        hex2bin.o
    0x08000d2c   0x08000d2c   0x00000034   Code   RO         3994    i.ClearDTOG_RX      usb_regs.o
    0x08000d60   0x08000d60   0x00000034   Code   RO         3995    i.ClearDTOG_TX      usb_regs.o
    0x08000d94   0x08000d94   0x00000030   Code   RO         4817    i.ClearTrace        swo.o
    0x08000dc4   0x08000dc4   0x00000028   Code   RO         4000    i.Clear_Status_Out  usb_regs.o
    0x08000dec   0x08000dec   0x00000044   Code   RO         4401    i.DAP_Connect       dap.o
    0x08000e30   0x08000e30   0x00000048   Code   RO         4402    i.DAP_Delay         dap.o
    0x08000e78   0x08000e78   0x0000001c   Code   RO         4403    i.DAP_Disconnect    dap.o
    0x08000e94   0x08000e94   0x00000038   Code   RO         4404    i.DAP_Dummy_Transfer  dap.o
    0x08000ecc   0x08000ecc   0x0000004c   Code   RO         4406    i.DAP_HostStatus    dap.o
    0x08000f18   0x08000f18   0x0000007c   Code   RO         4407    i.DAP_Info          dap.o
    0x08000f94   0x08000f94   0x00000058   Code   RO         4408    i.DAP_JTAG_Configure  dap.o
    0x08000fec   0x08000fec   0x00000058   Code   RO         4409    i.DAP_JTAG_IDCode   dap.o
    0x08001044   0x08001044   0x0000005a   Code   RO         4410    i.DAP_JTAG_Sequence  dap.o
    0x0800109e   0x0800109e   0x00000002   PAD
    0x080010a0   0x080010a0   0x000003b0   Code   RO         4411    i.DAP_JTAG_Transfer  dap.o
    0x08001450   0x08001450   0x000001a0   Code   RO         4412    i.DAP_JTAG_TransferBlock  dap.o
    0x080015f0   0x080015f0   0x0000004c   Code   RO         4413    i.DAP_JTAG_WriteAbort  dap.o
    0x0800163c   0x0800163c   0x00000176   Code   RO         4414    i.DAP_ProcessCommand  dap.o
    0x080017b2   0x080017b2   0x00000080   Code   RO         4683    i.DAP_ProcessVendorCommand  dap_vendor.o
    0x08001832   0x08001832   0x00000010   Code   RO         4416    i.DAP_ResetTarget   dap.o
    0x08001842   0x08001842   0x00000002   PAD
    0x08001844   0x08001844   0x00000028   Code   RO         4417    i.DAP_SWD_Configure  dap.o
    0x0800186c   0x0800186c   0x000003a0   Code   RO         4418    i.DAP_SWD_Transfer  dap.o
    0x08001c0c   0x08001c0c   0x00000178   Code   RO         4419    i.DAP_SWD_TransferBlock  dap.o
    0x08001d84   0x08001d84   0x0000002c   Code   RO         4420    i.DAP_SWD_WriteAbort  dap.o
    0x08001db0   0x08001db0   0x00000078   Code   RO         4421    i.DAP_SWJ_Clock     dap.o
    0x08001e28   0x08001e28   0x00000200   Code   RO         4422    i.DAP_SWJ_Pins      dap.o
    0x08002028   0x08002028   0x00000028   Code   RO         4423    i.DAP_SWJ_Sequence  dap.o
    0x08002050   0x08002050   0x00000050   Code   RO         4424    i.DAP_Setup         dap.o
    0x080020a0   0x080020a0   0x00000044   Code   RO         4425    i.DAP_Transfer      dap.o
    0x080020e4   0x080020e4   0x00000064   Code   RO         4426    i.DAP_TransferBlock  dap.o
    0x08002148   0x08002148   0x00000030   Code   RO         4427    i.DAP_TransferConfigure  dap.o
    0x08002178   0x08002178   0x00000040   Code   RO         4428    i.DAP_WriteAbort    dap.o
    0x080021b8   0x080021b8   0x00000002   Code   RO         5474    i.DMA1_Channel1_Event  dma_stm32f10x.o
    0x080021ba   0x080021ba   0x00000002   PAD
    0x080021bc   0x080021bc   0x0000001c   Code   RO         5475    i.DMA1_Channel1_IRQHandler  dma_stm32f10x.o
    0x080021d8   0x080021d8   0x00000002   Code   RO         5476    i.DMA1_Channel2_Event  dma_stm32f10x.o
    0x080021da   0x080021da   0x00000002   PAD
    0x080021dc   0x080021dc   0x0000001c   Code   RO         5477    i.DMA1_Channel2_IRQHandler  dma_stm32f10x.o
    0x080021f8   0x080021f8   0x00000002   Code   RO         5478    i.DMA1_Channel3_Event  dma_stm32f10x.o
    0x080021fa   0x080021fa   0x00000002   PAD
    0x080021fc   0x080021fc   0x0000001c   Code   RO         5479    i.DMA1_Channel3_IRQHandler  dma_stm32f10x.o
    0x08002218   0x08002218   0x00000002   Code   RO         5480    i.DMA1_Channel4_Event  dma_stm32f10x.o
    0x0800221a   0x0800221a   0x00000002   PAD
    0x0800221c   0x0800221c   0x0000001c   Code   RO         5481    i.DMA1_Channel4_IRQHandler  dma_stm32f10x.o
    0x08002238   0x08002238   0x00000002   Code   RO         5482    i.DMA1_Channel5_Event  dma_stm32f10x.o
    0x0800223a   0x0800223a   0x00000002   PAD
    0x0800223c   0x0800223c   0x0000001c   Code   RO         5483    i.DMA1_Channel5_IRQHandler  dma_stm32f10x.o
    0x08002258   0x08002258   0x00000010   Code   RO         5732    i.DMA1_Channel6_Event  usart_stm32f10x.o
    0x08002268   0x08002268   0x0000001c   Code   RO         5485    i.DMA1_Channel6_IRQHandler  dma_stm32f10x.o
    0x08002284   0x08002284   0x00000010   Code   RO         5733    i.DMA1_Channel7_Event  usart_stm32f10x.o
    0x08002294   0x08002294   0x0000001c   Code   RO         5487    i.DMA1_Channel7_IRQHandler  dma_stm32f10x.o
    0x080022b0   0x080022b0   0x00000002   Code   RO         5488    i.DMA2_Channel1_Event  dma_stm32f10x.o
    0x080022b2   0x080022b2   0x00000002   PAD
    0x080022b4   0x080022b4   0x0000001c   Code   RO         5489    i.DMA2_Channel1_IRQHandler  dma_stm32f10x.o
    0x080022d0   0x080022d0   0x00000002   Code   RO         5490    i.DMA2_Channel2_Event  dma_stm32f10x.o
    0x080022d2   0x080022d2   0x00000002   PAD
    0x080022d4   0x080022d4   0x00000020   Code   RO         5491    i.DMA2_Channel2_IRQHandler  dma_stm32f10x.o
    0x080022f4   0x080022f4   0x00000002   Code   RO         5492    i.DMA2_Channel3_Event  dma_stm32f10x.o
    0x080022f6   0x080022f6   0x00000002   PAD
    0x080022f8   0x080022f8   0x00000020   Code   RO         5493    i.DMA2_Channel3_IRQHandler  dma_stm32f10x.o
    0x08002318   0x08002318   0x00000038   Code   RO         5494    i.DMA2_Channel4_5_IRQHandler  dma_stm32f10x.o
    0x08002350   0x08002350   0x00000002   Code   RO         5495    i.DMA2_Channel4_Event  dma_stm32f10x.o
    0x08002352   0x08002352   0x00000002   Code   RO         5497    i.DMA2_Channel5_Event  dma_stm32f10x.o
    0x08002354   0x08002354   0x000001d0   Code   RO         5498    i.DMA_ChannelInitialize  dma_stm32f10x.o
    0x08002524   0x08002524   0x00000164   Code   RO         5499    i.DMA_ChannelUninitialize  dma_stm32f10x.o
    0x08002688   0x08002688   0x0000001c   Code   RO         1747    i.DMA_ClearFlag     stm32f10x_dma.o
    0x080026a4   0x080026a4   0x00000018   Code   RO         1749    i.DMA_Cmd           stm32f10x_dma.o
    0x080026bc   0x080026bc   0x0000014c   Code   RO         1750    i.DMA_DeInit        stm32f10x_dma.o
    0x08002808   0x08002808   0x00000008   Code   RO         1751    i.DMA_GetCurrDataCounter  stm32f10x_dma.o
    0x08002810   0x08002810   0x00000012   Code   RO         1754    i.DMA_ITConfig      stm32f10x_dma.o
    0x08002822   0x08002822   0x0000003c   Code   RO         1755    i.DMA_Init          stm32f10x_dma.o
    0x0800285e   0x0800285e   0x00000004   Code   RO         1756    i.DMA_SetCurrDataCounter  stm32f10x_dma.o
    0x08002862   0x08002862   0x00000002   PAD
    0x08002864   0x08002864   0x000000c0   Code   RO         3755    i.DataStageIn       usb_core.o
    0x08002924   0x08002924   0x000000bc   Code   RO         3756    i.DataStageOut      usb_core.o
    0x080029e0   0x080029e0   0x00000298   Code   RO         3757    i.Data_Setup0       usb_core.o
    0x08002c78   0x08002c78   0x0000002c   Code   RO         4429    i.Delayms           dap.o
    0x08002ca4   0x08002ca4   0x00000008   Code   RO          274    i.Do_DAPUSB         cmsis-dap.o
    0x08002cac   0x08002cac   0x0000003c   Code   RO            4    i.Draw_Logo         main.o
    0x08002ce8   0x08002ce8   0x00000b78   Code   RO            5    i.Draw_Main         main.o
    0x08003860   0x08003860   0x000001f8   Code   RO            6    i.Draw_Menu         main.o
    0x08003a58   0x08003a58   0x00000008   Code   RO         3363    i.EP1_IN_Callback   usb_endp.o
    0x08003a60   0x08003a60   0x00000008   Code   RO         3364    i.EP2_OUT_Callback  usb_endp.o
    0x08003a68   0x08003a68   0x0000000c   Code   RO         3365    i.EP4_IN_Callback   usb_endp.o
    0x08003a74   0x08003a74   0x00000058   Code   RO         3366    i.EP6_OUT_Callback  usb_endp.o
    0x08003acc   0x08003acc   0x00000040   Code   RO         5118    i.EP_Reset          usbd_stm32f103.o
    0x08003b0c   0x08003b0c   0x0000004c   Code   RO         5119    i.EP_Status         usbd_stm32f103.o
    0x08003b58   0x08003b58   0x0000000c   Code   RO         1682    i.EXTI_ClearITPendingBit  stm32f10x_exti.o
    0x08003b64   0x08003b64   0x00000094   Code   RO         1687    i.EXTI_Init         stm32f10x_exti.o
    0x08003bf8   0x08003bf8   0x0000004c   Code   RO         1836    i.FLASH_ErasePage   stm32f10x_flash.o
    0x08003c44   0x08003c44   0x00000034   Code   RO         1837    i.FLASH_GetBank1Status  stm32f10x_flash.o
    0x08003c78   0x08003c78   0x00000014   Code   RO         1846    i.FLASH_Lock        stm32f10x_flash.o
    0x08003c8c   0x08003c8c   0x00000040   Code   RO         1849    i.FLASH_ProgramHalfWord  stm32f10x_flash.o
    0x08003ccc   0x08003ccc   0x00000404   Code   RO            7    i.FLASH_SWD         main.o
    0x080040d0   0x080040d0   0x00000018   Code   RO         1854    i.FLASH_Unlock      stm32f10x_flash.o
    0x080040e8   0x080040e8   0x00000026   Code   RO         1858    i.FLASH_WaitForLastOperation  stm32f10x_flash.o
    0x0800410e   0x0800410e   0x00000002   PAD
    0x08004110   0x08004110   0x0000009c   Code   RO         5687    i.GPIO_AFConfigure  gpio_stm32f10x.o
    0x080041ac   0x080041ac   0x00000098   Code   RO         5688    i.GPIO_GetPortClockState  gpio_stm32f10x.o
    0x08004244   0x08004244   0x00000116   Code   RO          869    i.GPIO_Init         stm32f10x_gpio.o
    0x0800435a   0x0800435a   0x00000078   Code   RO         5689    i.GPIO_PinConfigure  gpio_stm32f10x.o
    0x080043d2   0x080043d2   0x00000002   PAD
    0x080043d4   0x080043d4   0x00000090   Code   RO          871    i.GPIO_PinRemapConfig  stm32f10x_gpio.o
    0x08004464   0x08004464   0x0000013c   Code   RO         5690    i.GPIO_PortClock    gpio_stm32f10x.o
    0x080045a0   0x080045a0   0x00000004   Code   RO          876    i.GPIO_ResetBits    stm32f10x_gpio.o
    0x080045a4   0x080045a4   0x00000004   Code   RO          877    i.GPIO_SetBits      stm32f10x_gpio.o
    0x080045a8   0x080045a8   0x00000020   Code   RO         4012    i.GetEPRxAddr       usb_regs.o
    0x080045c8   0x080045c8   0x00000024   Code   RO         4013    i.GetEPRxCount      usb_regs.o
    0x080045ec   0x080045ec   0x00000020   Code   RO         4015    i.GetEPTxAddr       usb_regs.o
    0x0800460c   0x0800460c   0x00000048   Code   RO         4818    i.GetTraceCount     swo.o
    0x08004654   0x08004654   0x0000002c   Code   RO         4819    i.GetTraceSpace     swo.o
    0x08004680   0x08004680   0x00000030   Code   RO         4820    i.GetTraceStatus    swo.o
    0x080046b0   0x080046b0   0x00000048   Code   RO         3070    i.Get_SerialNum     hw_config.o
    0x080046f8   0x080046f8   0x000001b0   Code   RO         5304    i.HID_ProcessCommand  usbd_user_hid.o
    0x080048a8   0x080048a8   0x00000088   Code   RO          275    i.HardFault_Handler  cmsis-dap.o
    0x08004930   0x08004930   0x00000158   Code   RO         2627    i.HexFormatUncode   hex2bin.o
    0x08004a88   0x08004a88   0x00000070   Code   RO         3758    i.In0_Process       usb_core.o
    0x08004af8   0x08004af8   0x0000003c   Code   RO          276    i.Init_DAPUSB       cmsis-dap.o
    0x08004b34   0x08004b34   0x00000088   Code   RO            8    i.Init_device       main.o
    0x08004bbc   0x08004bbc   0x00000038   Code   RO         5986    i.JTAG2SWD          swd_host.o
    0x08004bf4   0x08004bf4   0x00000020   Code   RO         4711    i.JTAG_IR           jtag_dp.o
    0x08004c14   0x08004c14   0x00000144   Code   RO         4712    i.JTAG_IR_Fast      jtag_dp.o
    0x08004d58   0x08004d58   0x00000290   Code   RO         4713    i.JTAG_IR_Slow      jtag_dp.o
    0x08004fe8   0x08004fe8   0x000001a8   Code   RO         4714    i.JTAG_ReadIDCode   jtag_dp.o
    0x08005190   0x08005190   0x000000a0   Code   RO         4715    i.JTAG_Sequence     jtag_dp.o
    0x08005230   0x08005230   0x00000024   Code   RO         4716    i.JTAG_Transfer     jtag_dp.o
    0x08005254   0x08005254   0x00000278   Code   RO         4717    i.JTAG_TransferFast  jtag_dp.o
    0x080054cc   0x080054cc   0x000004c8   Code   RO         4718    i.JTAG_TransferSlow  jtag_dp.o
    0x08005994   0x08005994   0x000002d4   Code   RO         4719    i.JTAG_WriteAbort   jtag_dp.o
    0x08005c68   0x08005c68   0x0000004c   Code   RO         2601    i.Key_Init          key.o
    0x08005cb4   0x08005cb4   0x00000050   Code   RO          277    i.LEDS_SETUP        cmsis-dap.o
    0x08005d04   0x08005d04   0x00000034   Code   RO         2577    i.LED_Init          led.o
    0x08005d38   0x08005d38   0x00000010   Code   RO          278    i.LedConnectedOff   cmsis-dap.o
    0x08005d48   0x08005d48   0x00000010   Code   RO          279    i.LedConnectedOn    cmsis-dap.o
    0x08005d58   0x08005d58   0x0000002c   Code   RO          280    i.LedConnectedOut   cmsis-dap.o
    0x08005d84   0x08005d84   0x00000010   Code   RO          282    i.LedRunningOff     cmsis-dap.o
    0x08005d94   0x08005d94   0x00000010   Code   RO          283    i.LedRunningOn      cmsis-dap.o
    0x08005da4   0x08005da4   0x0000004c   Code   RO          284    i.LedRunningOut     cmsis-dap.o
    0x08005df0   0x08005df0   0x0000000a   Code   RO         3073    i.MAL_Config        hw_config.o
    0x08005dfa   0x08005dfa   0x00000016   Code   RO         3165    i.MAL_GetStatus     mass_mal.o
    0x08005e10   0x08005e10   0x00000044   Code   RO         3166    i.MAL_Init          mass_mal.o
    0x08005e54   0x08005e54   0x00000026   Code   RO         3167    i.MAL_Read          mass_mal.o
    0x08005e7a   0x08005e7a   0x0000002e   Code   RO         3168    i.MAL_Write         mass_mal.o
    0x08005ea8   0x08005ea8   0x00000064   Code   RO         3446    i.MASS_Data_Setup   usb_prop.o
    0x08005f0c   0x08005f0c   0x00000014   Code   RO         3447    i.MASS_GetConfigDescriptor  usb_prop.o
    0x08005f20   0x08005f20   0x00000014   Code   RO         3448    i.MASS_GetDeviceDescriptor  usb_prop.o
    0x08005f34   0x08005f34   0x00000028   Code   RO         3449    i.MASS_GetStringDescriptor  usb_prop.o
    0x08005f5c   0x08005f5c   0x00000016   Code   RO         3450    i.MASS_Get_Interface_Setting  usb_prop.o
    0x08005f72   0x08005f72   0x00000002   PAD
    0x08005f74   0x08005f74   0x00000028   Code   RO         3451    i.MASS_NoData_Setup  usb_prop.o
    0x08005f9c   0x08005f9c   0x00000160   Code   RO         3452    i.MASS_Reset        usb_prop.o
    0x080060fc   0x080060fc   0x00000030   Code   RO         3453    i.MASS_Status_In    usb_prop.o
    0x0800612c   0x0800612c   0x00000002   Code   RO         3454    i.MASS_Status_Out   usb_prop.o
    0x0800612e   0x0800612e   0x00000002   PAD
    0x08006130   0x08006130   0x00000028   Code   RO         3455    i.MASS_init         usb_prop.o
    0x08006158   0x08006158   0x0000001c   Code   RO         3456    i.Mass_Storage_ClearFeature  usb_prop.o
    0x08006174   0x08006174   0x00000074   Code   RO         3281    i.Mass_Storage_In   usb_bot.o
    0x080061e8   0x080061e8   0x00000090   Code   RO         3282    i.Mass_Storage_Out  usb_bot.o
    0x08006278   0x08006278   0x00000030   Code   RO         3457    i.Mass_Storage_SetConfiguration  usb_prop.o
    0x080062a8   0x080062a8   0x0000000c   Code   RO         3458    i.Mass_Storage_SetDeviceAddress  usb_prop.o
    0x080062b4   0x080062b4   0x00000002   Code   RO         3759    i.NOP_Process       usb_core.o
    0x080062b6   0x080062b6   0x00000002   PAD
    0x080062b8   0x080062b8   0x00000018   Code   RO         5500    i.NVIC_ClearPendingIRQ  dma_stm32f10x.o
    0x080062d0   0x080062d0   0x00000018   Code   RO         5501    i.NVIC_DisableIRQ   dma_stm32f10x.o
    0x080062e8   0x080062e8   0x00000016   Code   RO         5502    i.NVIC_EnableIRQ    dma_stm32f10x.o
    0x080062fe   0x080062fe   0x00000002   PAD
    0x08006300   0x08006300   0x00000070   Code   RO          815    i.NVIC_Init         misc.o
    0x08006370   0x08006370   0x00000014   Code   RO          816    i.NVIC_PriorityGroupConfig  misc.o
    0x08006384   0x08006384   0x00000138   Code   RO         3760    i.NoData_Setup0     usb_core.o
    0x080064bc   0x080064bc   0x00000040   Code   RO         6254    i.OLED_Clear        oled.o
    0x080064fc   0x080064fc   0x00000076   Code   RO         6257    i.OLED_DrawBMP      oled.o
    0x08006572   0x08006572   0x00000002   PAD
    0x08006574   0x08006574   0x00000140   Code   RO         6258    i.OLED_Init         oled.o
    0x080066b4   0x080066b4   0x0000002e   Code   RO         6259    i.OLED_Set_Pos      oled.o
    0x080066e2   0x080066e2   0x00000002   PAD
    0x080066e4   0x080066e4   0x00000074   Code   RO         6260    i.OLED_ShowChar     oled.o
    0x08006758   0x08006758   0x00000064   Code   RO         6262    i.OLED_ShowString   oled.o
    0x080067bc   0x080067bc   0x00000074   Code   RO         6263    i.OLED_WR_Byte      oled.o
    0x08006830   0x08006830   0x00000050   Code   RO         3761    i.Out0_Process      usb_core.o
    0x08006880   0x08006880   0x0000001c   Code   RO          286    i.PIN_SWCLK_TCK_CLR  cmsis-dap.o
    0x0800689c   0x0800689c   0x0000001c   Code   RO         4603    i.PIN_SWCLK_TCK_CLR  sw_dp.o
    0x080068b8   0x080068b8   0x0000001c   Code   RO         4720    i.PIN_SWCLK_TCK_CLR  jtag_dp.o
    0x080068d4   0x080068d4   0x00000020   Code   RO         4430    i.PIN_SWCLK_TCK_IN  dap.o
    0x080068f4   0x080068f4   0x0000001c   Code   RO          287    i.PIN_SWCLK_TCK_SET  cmsis-dap.o
    0x08006910   0x08006910   0x0000001c   Code   RO         4604    i.PIN_SWCLK_TCK_SET  sw_dp.o
    0x0800692c   0x0800692c   0x0000001c   Code   RO         4721    i.PIN_SWCLK_TCK_SET  jtag_dp.o
    0x08006948   0x08006948   0x00000030   Code   RO          288    i.PIN_SWDIO_IN      cmsis-dap.o
    0x08006978   0x08006978   0x00000030   Code   RO         4605    i.PIN_SWDIO_IN      sw_dp.o
    0x080069a8   0x080069a8   0x00000038   Code   RO          289    i.PIN_SWDIO_OUT     cmsis-dap.o
    0x080069e0   0x080069e0   0x00000038   Code   RO         4606    i.PIN_SWDIO_OUT     sw_dp.o
    0x08006a18   0x08006a18   0x0000003c   Code   RO         4607    i.PIN_SWDIO_OUT_DISABLE  sw_dp.o
    0x08006a54   0x08006a54   0x0000003c   Code   RO          290    i.PIN_SWDIO_OUT_ENABLE  cmsis-dap.o
    0x08006a90   0x08006a90   0x0000003c   Code   RO         4608    i.PIN_SWDIO_OUT_ENABLE  sw_dp.o
    0x08006acc   0x08006acc   0x00000028   Code   RO         4722    i.PIN_SWDIO_TMS_CLR  jtag_dp.o
    0x08006af4   0x08006af4   0x00000028   Code   RO         4431    i.PIN_SWDIO_TMS_IN  dap.o
    0x08006b1c   0x08006b1c   0x00000028   Code   RO         4723    i.PIN_SWDIO_TMS_SET  jtag_dp.o
    0x08006b44   0x08006b44   0x00000010   Code   RO         4432    i.PIN_TDI_IN        dap.o
    0x08006b54   0x08006b54   0x0000001c   Code   RO         4724    i.PIN_TDI_OUT       jtag_dp.o
    0x08006b70   0x08006b70   0x00000010   Code   RO         4725    i.PIN_TDO_IN        jtag_dp.o
    0x08006b80   0x08006b80   0x00000028   Code   RO         3963    i.PMAToUserBufferCopy  usb_mem.o
    0x08006ba8   0x08006ba8   0x00000068   Code   RO          291    i.PORT_JTAG_SETUP   cmsis-dap.o
    0x08006c10   0x08006c10   0x00000058   Code   RO          292    i.PORT_OFF          cmsis-dap.o
    0x08006c68   0x08006c68   0x00000068   Code   RO          293    i.PORT_SWD_SETUP    cmsis-dap.o
    0x08006cd0   0x08006cd0   0x0000002c   Code   RO          294    i.PORT_USB_CONNECT_SETUP  cmsis-dap.o
    0x08006cfc   0x08006cfc   0x00000048   Code   RO         3762    i.Post0_Process     usb_core.o
    0x08006d44   0x08006d44   0x00000040   Code   RO         3575    i.PowerOn           usb_pwr.o
    0x08006d84   0x08006d84   0x00000020   Code   RO          990    i.RCC_AHBPeriphClockCmd  stm32f10x_rcc.o
    0x08006da4   0x08006da4   0x00000020   Code   RO          991    i.RCC_APB1PeriphClockCmd  stm32f10x_rcc.o
    0x08006dc4   0x08006dc4   0x00000020   Code   RO          993    i.RCC_APB2PeriphClockCmd  stm32f10x_rcc.o
    0x08006de4   0x08006de4   0x000000d4   Code   RO         1001    i.RCC_GetClocksFreq  stm32f10x_rcc.o
    0x08006eb8   0x08006eb8   0x0000000c   Code   RO         1019    i.RCC_USBCLKConfig  stm32f10x_rcc.o
    0x08006ec4   0x08006ec4   0x00000390   Code   RO          295    i.RST_Transfer      cmsis-dap.o
    0x08007254   0x08007254   0x00000104   Code   RO         3210    i.Read_Memory       memory.o
    0x08007358   0x08007358   0x0000008c   Code   RO         3628    i.SCSI_Address_Management  usb_scsi.o
    0x080073e4   0x080073e4   0x00000030   Code   RO         3629    i.SCSI_Format_Cmd   usb_scsi.o
    0x08007414   0x08007414   0x00000048   Code   RO         3630    i.SCSI_Inquiry_Cmd  usb_scsi.o
    0x0800745c   0x0800745c   0x00000044   Code   RO         3631    i.SCSI_Invalid_Cmd  usb_scsi.o
    0x080074a0   0x080074a0   0x00000014   Code   RO         3632    i.SCSI_ModeSense10_Cmd  usb_scsi.o
    0x080074b4   0x080074b4   0x00000014   Code   RO         3633    i.SCSI_ModeSense6_Cmd  usb_scsi.o
    0x080074c8   0x080074c8   0x00000078   Code   RO         3634    i.SCSI_Read10_Cmd   usb_scsi.o
    0x08007540   0x08007540   0x0000009c   Code   RO         3635    i.SCSI_ReadCapacity10_Cmd  usb_scsi.o
    0x080075dc   0x080075dc   0x00000088   Code   RO         3636    i.SCSI_ReadFormatCapacity_Cmd  usb_scsi.o
    0x08007664   0x08007664   0x00000028   Code   RO         3637    i.SCSI_RequestSense_Cmd  usb_scsi.o
    0x0800768c   0x0800768c   0x0000000e   Code   RO         3638    i.SCSI_Start_Stop_Unit_Cmd  usb_scsi.o
    0x0800769a   0x0800769a   0x00000002   PAD
    0x0800769c   0x0800769c   0x00000038   Code   RO         3639    i.SCSI_TestUnitReady_Cmd  usb_scsi.o
    0x080076d4   0x080076d4   0x00000040   Code   RO         3641    i.SCSI_Verify10_Cmd  usb_scsi.o
    0x08007714   0x08007714   0x00000078   Code   RO         3642    i.SCSI_Write10_Cmd  usb_scsi.o
    0x0800778c   0x0800778c   0x00000094   Code   RO          713    i.SPI2_Init         spi.o
    0x08007820   0x08007820   0x00000054   Code   RO          714    i.SPI2_ReadWriteByte  spi.o
    0x08007874   0x08007874   0x00000028   Code   RO          715    i.SPI2_SetSpeed     spi.o
    0x0800789c   0x0800789c   0x00000018   Code   RO         1206    i.SPI_Cmd           stm32f10x_spi.o
    0x080078b4   0x080078b4   0x00000012   Code   RO         1214    i.SPI_I2S_GetFlagStatus  stm32f10x_spi.o
    0x080078c6   0x080078c6   0x00000006   Code   RO         1217    i.SPI_I2S_ReceiveData  stm32f10x_spi.o
    0x080078cc   0x080078cc   0x00000004   Code   RO         1218    i.SPI_I2S_SendData  stm32f10x_spi.o
    0x080078d0   0x080078d0   0x0000003c   Code   RO         1219    i.SPI_Init          stm32f10x_spi.o
    0x0800790c   0x0800790c   0x00000024   Code   RO         4609    i.SWD_Transfer      sw_dp.o
    0x08007930   0x08007930   0x0000031c   Code   RO         4610    i.SWD_TransferFast  sw_dp.o
    0x08007c4c   0x08007c4c   0x000007d8   Code   RO         4611    i.SWD_TransferSlow  sw_dp.o
    0x08008424   0x08008424   0x000000ac   Code   RO         4612    i.SWJ_Sequence      sw_dp.o
    0x080084d0   0x080084d0   0x0000005c   Code   RO         4821    i.SWO_Baudrate      swo.o
    0x0800852c   0x0800852c   0x00000060   Code   RO         4822    i.SWO_Control       swo.o
    0x0800858c   0x0800858c   0x000000d0   Code   RO         4823    i.SWO_Data          swo.o
    0x0800865c   0x0800865c   0x00000070   Code   RO         4824    i.SWO_Mode          swo.o
    0x080086cc   0x080086cc   0x00000050   Code   RO         4825    i.SWO_Status        swo.o
    0x0800871c   0x0800871c   0x00000048   Code   RO         4826    i.SWO_Transport     swo.o
    0x08008764   0x08008764   0x00000080   Code   RO            9    i.Scan_Key          main.o
    0x080087e4   0x080087e4   0x00000010   Code   RO         4023    i.SetBTABLE         usb_regs.o
    0x080087f4   0x080087f4   0x00000050   Code   RO         3763    i.SetDeviceAddress  usb_core.o
    0x08008844   0x08008844   0x00000024   Code   RO         4037    i.SetEPRxAddr       usb_regs.o
    0x08008868   0x08008868   0x0000004c   Code   RO         4038    i.SetEPRxCount      usb_regs.o
    0x080088b4   0x080088b4   0x00000040   Code   RO         4039    i.SetEPRxStatus     usb_regs.o
    0x080088f4   0x080088f4   0x00000034   Code   RO         4040    i.SetEPRxValid      usb_regs.o
    0x08008928   0x08008928   0x00000020   Code   RO         4041    i.SetEPTxAddr       usb_regs.o
    0x08008948   0x08008948   0x0000001c   Code   RO         4042    i.SetEPTxCount      usb_regs.o
    0x08008964   0x08008964   0x00000040   Code   RO         4043    i.SetEPTxStatus     usb_regs.o
    0x080089a4   0x080089a4   0x00000034   Code   RO         4044    i.SetEPTxValid      usb_regs.o
    0x080089d8   0x080089d8   0x00000024   Code   RO         4045    i.SetEPType         usb_regs.o
    0x080089fc   0x080089fc   0x00000008   Code   RO          759    i.SetSysClock       system_stm32f10x.o
    0x08008a04   0x08008a04   0x000000e0   Code   RO          760    i.SetSysClockTo72   system_stm32f10x.o
    0x08008ae4   0x08008ae4   0x0000001c   Code   RO         4827    i.SetTraceError     swo.o
    0x08008b00   0x08008b00   0x0000003c   Code   RO         3283    i.Set_CSW           usb_bot.o
    0x08008b3c   0x08008b3c   0x0000000c   Code   RO         3643    i.Set_Scsi_Sense_Data  usb_scsi.o
    0x08008b48   0x08008b48   0x0000001c   Code   RO         3074    i.Set_System        hw_config.o
    0x08008b64   0x08008b64   0x00000012   Code   RO         3075    i.Set_USBClock      hw_config.o
    0x08008b76   0x08008b76   0x00000002   PAD
    0x08008b78   0x08008b78   0x000000b8   Code   RO         3764    i.Setup0_Process    usb_core.o
    0x08008c30   0x08008c30   0x0000016c   Code   RO         3765    i.Standard_ClearFeature  usb_core.o
    0x08008d9c   0x08008d9c   0x0000002c   Code   RO         3766    i.Standard_GetConfiguration  usb_core.o
    0x08008dc8   0x08008dc8   0x00000024   Code   RO         3767    i.Standard_GetDescriptorData  usb_core.o
    0x08008dec   0x08008dec   0x0000002c   Code   RO         3768    i.Standard_GetInterface  usb_core.o
    0x08008e18   0x08008e18   0x00000100   Code   RO         3769    i.Standard_GetStatus  usb_core.o
    0x08008f18   0x08008f18   0x00000048   Code   RO         3770    i.Standard_SetConfiguration  usb_core.o
    0x08008f60   0x08008f60   0x00000028   Code   RO         3771    i.Standard_SetDeviceFeature  usb_core.o
    0x08008f88   0x08008f88   0x000000d0   Code   RO         3772    i.Standard_SetEndPointFeature  usb_core.o
    0x08009058   0x08009058   0x0000006c   Code   RO         3773    i.Standard_SetInterface  usb_core.o
    0x080090c4   0x080090c4   0x00000028   Code   RO          819    i.SysTick_CLKSourceConfig  misc.o
    0x080090ec   0x080090ec   0x00000074   Code   RO          296    i.SysTick_Handler   cmsis-dap.o
    0x08009160   0x08009160   0x00000060   Code   RO          762    i.SystemInit        system_stm32f10x.o
    0x080091c0   0x080091c0   0x00000038   Code   RO         3284    i.Transfer_Data_Request  usb_bot.o
    0x080091f8   0x080091f8   0x00000064   Code   RO         5396    i.UART_Callback     usbd_user_cdc_acm.o
    0x0800925c   0x0800925c   0x000000cc   Code   RO         4828    i.UART_SWO_Baudrate  swo.o
    0x08009328   0x08009328   0x00000018   Code   RO         4829    i.UART_SWO_Capture  swo.o
    0x08009340   0x08009340   0x00000088   Code   RO         4830    i.UART_SWO_Control  swo.o
    0x080093c8   0x080093c8   0x0000005c   Code   RO         4831    i.UART_SWO_Mode     swo.o
    0x08009424   0x08009424   0x00000018   Code   RO         4832    i.UART_SWO_Update   swo.o
    0x0800943c   0x0800943c   0x00000058   Code   RO          603    i.USART1_IRQHandler  usart.o
    0x08009494   0x08009494   0x00000018   Code   RO         5734    i.USART2_Control    usart_stm32f10x.o
    0x080094ac   0x080094ac   0x00000010   Code   RO         5735    i.USART2_GetCapabilities  usart_stm32f10x.o
    0x080094bc   0x080094bc   0x00000010   Code   RO         5736    i.USART2_GetModemStatus  usart_stm32f10x.o
    0x080094cc   0x080094cc   0x00000010   Code   RO         5737    i.USART2_GetRxCount  usart_stm32f10x.o
    0x080094dc   0x080094dc   0x00000010   Code   RO         5738    i.USART2_GetStatus  usart_stm32f10x.o
    0x080094ec   0x080094ec   0x00000010   Code   RO         5739    i.USART2_GetTxCount  usart_stm32f10x.o
    0x080094fc   0x080094fc   0x00000010   Code   RO         5740    i.USART2_IRQHandler  usart_stm32f10x.o
    0x0800950c   0x0800950c   0x00000014   Code   RO         5741    i.USART2_Initialize  usart_stm32f10x.o
    0x08009520   0x08009520   0x00000014   Code   RO         5742    i.USART2_PowerControl  usart_stm32f10x.o
    0x08009534   0x08009534   0x00000018   Code   RO         5743    i.USART2_Receive    usart_stm32f10x.o
    0x0800954c   0x0800954c   0x00000018   Code   RO         5744    i.USART2_Send       usart_stm32f10x.o
    0x08009564   0x08009564   0x00000014   Code   RO         5745    i.USART2_SetModemControl  usart_stm32f10x.o
    0x08009578   0x08009578   0x0000001c   Code   RO         5746    i.USART2_Transfer   usart_stm32f10x.o
    0x08009594   0x08009594   0x00000010   Code   RO         5747    i.USART2_Uninitialize  usart_stm32f10x.o
    0x080095a4   0x080095a4   0x00000074   Code   RO         4833    i.USART_Callback    swo.o
    0x08009618   0x08009618   0x0000001e   Code   RO         1358    i.USART_ClearITPendingBit  stm32f10x_usart.o
    0x08009636   0x08009636   0x00000018   Code   RO         1361    i.USART_Cmd         stm32f10x_usart.o
    0x0800964e   0x0800964e   0x00000002   PAD
    0x08009650   0x08009650   0x00000822   Code   RO         5748    i.USART_Control     usart_stm32f10x.o
    0x08009e72   0x08009e72   0x00000012   Code   RO         1362    i.USART_DMACmd      stm32f10x_usart.o
    0x08009e84   0x08009e84   0x00000006   Code   RO         5749    i.USART_GetCapabilities  usart_stm32f10x.o
    0x08009e8a   0x08009e8a   0x00000054   Code   RO         1365    i.USART_GetITStatus  stm32f10x_usart.o
    0x08009ede   0x08009ede   0x00000090   Code   RO         5750    i.USART_GetModemStatus  usart_stm32f10x.o
    0x08009f6e   0x08009f6e   0x0000001a   Code   RO         5751    i.USART_GetRxCount  usart_stm32f10x.o
    0x08009f88   0x08009f88   0x000000d4   Code   RO         5752    i.USART_GetStatus   usart_stm32f10x.o
    0x0800a05c   0x0800a05c   0x0000001a   Code   RO         5753    i.USART_GetTxCount  usart_stm32f10x.o
    0x0800a076   0x0800a076   0x00000270   Code   RO         5754    i.USART_IRQHandler  usart_stm32f10x.o
    0x0800a2e6   0x0800a2e6   0x0000004a   Code   RO         1367    i.USART_ITConfig    stm32f10x_usart.o
    0x0800a330   0x0800a330   0x000000d8   Code   RO         1368    i.USART_Init        stm32f10x_usart.o
    0x0800a408   0x0800a408   0x000000a2   Code   RO         5755    i.USART_Initialize  usart_stm32f10x.o
    0x0800a4aa   0x0800a4aa   0x00000002   PAD
    0x0800a4ac   0x0800a4ac   0x000000d8   Code   RO         5756    i.USART_PeripheralReset  usart_stm32f10x.o
    0x0800a584   0x0800a584   0x00000234   Code   RO         5757    i.USART_PowerControl  usart_stm32f10x.o
    0x0800a7b8   0x0800a7b8   0x00000082   Code   RO         5758    i.USART_RX_DMA_Complete  usart_stm32f10x.o
    0x0800a83a   0x0800a83a   0x00000122   Code   RO         5759    i.USART_Receive     usart_stm32f10x.o
    0x0800a95c   0x0800a95c   0x0000000a   Code   RO         1375    i.USART_ReceiveData  stm32f10x_usart.o
    0x0800a966   0x0800a966   0x000000f6   Code   RO         5760    i.USART_Send        usart_stm32f10x.o
    0x0800aa5c   0x0800aa5c   0x0000009c   Code   RO         5761    i.USART_SetModemControl  usart_stm32f10x.o
    0x0800aaf8   0x0800aaf8   0x0000004a   Code   RO         5762    i.USART_TX_DMA_Complete  usart_stm32f10x.o
    0x0800ab42   0x0800ab42   0x0000006a   Code   RO         5763    i.USART_Transfer    usart_stm32f10x.o
    0x0800abac   0x0800abac   0x0000006c   Code   RO         5764    i.USART_Uninitialize  usart_stm32f10x.o
    0x0800ac18   0x0800ac18   0x00000010   Code   RO         5765    i.USARTx_GetVersion  usart_stm32f10x.o
    0x0800ac28   0x0800ac28   0x00000004   Code   RO         6501    i.USBD_CDC_ACM_ClearCommFeature  USB_CM3.lib(usbd_cdc_acm.o)
    0x0800ac2c   0x0800ac2c   0x00000034   Code   RO         6503    i.USBD_CDC_ACM_DataRead  USB_CM3.lib(usbd_cdc_acm.o)
    0x0800ac60   0x0800ac60   0x00000038   Code   RO         5397    i.USBD_CDC_ACM_DataReceived  usbd_user_cdc_acm.o
    0x0800ac98   0x0800ac98   0x0000001c   Code   RO         6506    i.USBD_CDC_ACM_EP_BULKIN_Event  USB_CM3.lib(usbd_cdc_acm.o)
    0x0800acb4   0x0800acb4   0x000000a8   Code   RO         6507    i.USBD_CDC_ACM_EP_BULKIN_HandleData  USB_CM3.lib(usbd_cdc_acm.o)
    0x0800ad5c   0x0800ad5c   0x00000034   Code   RO         6508    i.USBD_CDC_ACM_EP_BULKOUT_Event  USB_CM3.lib(usbd_cdc_acm.o)
    0x0800ad90   0x0800ad90   0x00000068   Code   RO         6509    i.USBD_CDC_ACM_EP_BULKOUT_HandleData  USB_CM3.lib(usbd_cdc_acm.o)
    0x0800adf8   0x0800adf8   0x0000001e   Code   RO         6510    i.USBD_CDC_ACM_EP_BULK_Event  USB_CM3.lib(usbd_cdc_acm.o)
    0x0800ae16   0x0800ae16   0x00000002   Code   RO         6511    i.USBD_CDC_ACM_EP_INTIN_Event  USB_CM3.lib(usbd_cdc_acm.o)
    0x0800ae18   0x0800ae18   0x00000004   Code   RO         6513    i.USBD_CDC_ACM_GetCommFeature  USB_CM3.lib(usbd_cdc_acm.o)
    0x0800ae1c   0x0800ae1c   0x00000004   Code   RO         6514    i.USBD_CDC_ACM_GetEncapsulatedResponse  USB_CM3.lib(usbd_cdc_acm.o)
    0x0800ae20   0x0800ae20   0x00000038   Code   RO         6515    i.USBD_CDC_ACM_GetLineCoding  USB_CM3.lib(usbd_cdc_acm.o)
    0x0800ae58   0x0800ae58   0x00000008   Code   RO         6516    i.USBD_CDC_ACM_Initialize  USB_CM3.lib(usbd_cdc_acm.o)
    0x0800ae60   0x0800ae60   0x00000018   Code   RO         5398    i.USBD_CDC_ACM_PortGetLineCoding  usbd_user_cdc_acm.o
    0x0800ae78   0x0800ae78   0x00000020   Code   RO         5399    i.USBD_CDC_ACM_PortInitialize  usbd_user_cdc_acm.o
    0x0800ae98   0x0800ae98   0x00000020   Code   RO         5400    i.USBD_CDC_ACM_PortReset  usbd_user_cdc_acm.o
    0x0800aeb8   0x0800aeb8   0x00000006   Code   RO         5401    i.USBD_CDC_ACM_PortSetControlLineState  usbd_user_cdc_acm.o
    0x0800aebe   0x0800aebe   0x00000002   PAD
    0x0800aec0   0x0800aec0   0x00000118   Code   RO         5402    i.USBD_CDC_ACM_PortSetLineCoding  usbd_user_cdc_acm.o
    0x0800afd8   0x0800afd8   0x00000050   Code   RO         6525    i.USBD_CDC_ACM_Reset  USB_CM3.lib(usbd_cdc_acm.o)
    0x0800b028   0x0800b028   0x00000008   Code   RO         6526    i.USBD_CDC_ACM_Reset_Event  USB_CM3.lib(usbd_cdc_acm.o)
    0x0800b030   0x0800b030   0x00000068   Code   RO         6527    i.USBD_CDC_ACM_SOF_Event  USB_CM3.lib(usbd_cdc_acm.o)
    0x0800b098   0x0800b098   0x00000004   Code   RO         6528    i.USBD_CDC_ACM_SendBreak  USB_CM3.lib(usbd_cdc_acm.o)
    0x0800b09c   0x0800b09c   0x00000004   Code   RO         6529    i.USBD_CDC_ACM_SendEncapsulatedCommand  USB_CM3.lib(usbd_cdc_acm.o)
    0x0800b0a0   0x0800b0a0   0x00000004   Code   RO         6530    i.USBD_CDC_ACM_SetCommFeature  USB_CM3.lib(usbd_cdc_acm.o)
    0x0800b0a4   0x0800b0a4   0x00000010   Code   RO         6531    i.USBD_CDC_ACM_SetControlLineState  USB_CM3.lib(usbd_cdc_acm.o)
    0x0800b0b4   0x0800b0b4   0x0000002c   Code   RO         6532    i.USBD_CDC_ACM_SetLineCoding  USB_CM3.lib(usbd_cdc_acm.o)
    0x0800b0e0   0x0800b0e0   0x00000016   Code   RO         5121    i.USBD_ClrStallEP   usbd_stm32f103.o
    0x0800b0f6   0x0800b0f6   0x00000002   PAD
    0x0800b0f8   0x0800b0f8   0x000000c8   Code   RO         5122    i.USBD_ConfigEP     usbd_stm32f103.o
    0x0800b1c0   0x0800b1c0   0x00000018   Code   RO         5123    i.USBD_Configure    usbd_stm32f103.o
    0x0800b1d8   0x0800b1d8   0x00000004   Code   RO         4941    i.USBD_Configure_Event  usb_config.o
    0x0800b1dc   0x0800b1dc   0x00000038   Code   RO         5124    i.USBD_Connect      usbd_stm32f103.o
    0x0800b214   0x0800b214   0x00000038   Code   RO         6460    i.USBD_DataInStage  USB_CM3.lib(usbd_core.o)
    0x0800b24c   0x0800b24c   0x00000020   Code   RO         6461    i.USBD_DataOutStage  USB_CM3.lib(usbd_core.o)
    0x0800b26c   0x0800b26c   0x00000002   Code   RO         5125    i.USBD_DirCtrlEP    usbd_stm32f103.o
    0x0800b26e   0x0800b26e   0x0000000e   Code   RO         5126    i.USBD_DisableEP    usbd_stm32f103.o
    0x0800b27c   0x0800b27c   0x00000010   Code   RO         5127    i.USBD_EnableEP     usbd_stm32f103.o
    0x0800b28c   0x0800b28c   0x00000264   Code   RO         6462    i.USBD_EndPoint0    USB_CM3.lib(usbd_core.o)
    0x0800b4f0   0x0800b4f0   0x00000004   Code   RO         4942    i.USBD_EndPoint0_Out_ADC_ReqToEP  usb_config.o
    0x0800b4f4   0x0800b4f4   0x00000004   Code   RO         4943    i.USBD_EndPoint0_Out_ADC_ReqToIF  usb_config.o
    0x0800b4f8   0x0800b4f8   0x00000050   Code   RO         6630    i.USBD_EndPoint0_Out_CDC_ReqToIF  USB_CM3.lib(usbd_core_cdc.o)
    0x0800b548   0x0800b548   0x00000004   Code   RO         4944    i.USBD_EndPoint0_Out_CLS_ReqToDEV  usb_config.o
    0x0800b54c   0x0800b54c   0x00000004   Code   RO         4945    i.USBD_EndPoint0_Out_CLS_ReqToEP  usb_config.o
    0x0800b550   0x0800b550   0x00000004   Code   RO         4946    i.USBD_EndPoint0_Out_CLS_ReqToIF  usb_config.o
    0x0800b554   0x0800b554   0x00000030   Code   RO         6640    i.USBD_EndPoint0_Out_HID_ReqToIF  USB_CM3.lib(usbd_core_hid.o)
    0x0800b584   0x0800b584   0x00000004   Code   RO         4948    i.USBD_EndPoint0_Setup_ADC_ReqToEP  usb_config.o
    0x0800b588   0x0800b588   0x00000004   Code   RO         4949    i.USBD_EndPoint0_Setup_ADC_ReqToIF  usb_config.o
    0x0800b58c   0x0800b58c   0x000000a0   Code   RO         6631    i.USBD_EndPoint0_Setup_CDC_ReqToIF  USB_CM3.lib(usbd_core_cdc.o)
    0x0800b62c   0x0800b62c   0x00000004   Code   RO         4950    i.USBD_EndPoint0_Setup_CLS_ReqToDEV  usb_config.o
    0x0800b630   0x0800b630   0x00000004   Code   RO         4951    i.USBD_EndPoint0_Setup_CLS_ReqToEP  usb_config.o
    0x0800b634   0x0800b634   0x00000004   Code   RO         4952    i.USBD_EndPoint0_Setup_CLS_ReqToIF  usb_config.o
    0x0800b638   0x0800b638   0x000000ac   Code   RO         6641    i.USBD_EndPoint0_Setup_HID_ReqToIF  USB_CM3.lib(usbd_core_hid.o)
    0x0800b6e4   0x0800b6e4   0x00000004   Code   RO         4953    i.USBD_EndPoint0_Setup_MSC_ReqToIF  usb_config.o
    0x0800b6e8   0x0800b6e8   0x00000028   Code   RO         6583    i.USBD_HID_Configure_Event  USB_CM3.lib(usbd_hid.o)
    0x0800b710   0x0800b710   0x00000164   Code   RO         6584    i.USBD_HID_EP_INTIN_Event  USB_CM3.lib(usbd_hid.o)
    0x0800b874   0x0800b874   0x00000084   Code   RO         6585    i.USBD_HID_EP_INTOUT_Event  USB_CM3.lib(usbd_hid.o)
    0x0800b8f8   0x0800b8f8   0x0000001e   Code   RO         6586    i.USBD_HID_EP_INT_Event  USB_CM3.lib(usbd_hid.o)
    0x0800b916   0x0800b916   0x00000002   PAD
    0x0800b918   0x0800b918   0x0000001c   Code   RO         6587    i.USBD_HID_GetIdle  USB_CM3.lib(usbd_hid.o)
    0x0800b934   0x0800b934   0x00000014   Code   RO         6588    i.USBD_HID_GetProtocol  USB_CM3.lib(usbd_hid.o)
    0x0800b948   0x0800b948   0x0000003c   Code   RO         6589    i.USBD_HID_GetReport  USB_CM3.lib(usbd_hid.o)
    0x0800b984   0x0800b984   0x00000148   Code   RO         6590    i.USBD_HID_SOF_Event  USB_CM3.lib(usbd_hid.o)
    0x0800bacc   0x0800bacc   0x0000003c   Code   RO         6591    i.USBD_HID_SetIdle  USB_CM3.lib(usbd_hid.o)
    0x0800bb08   0x0800bb08   0x00000014   Code   RO         6592    i.USBD_HID_SetProtocol  USB_CM3.lib(usbd_hid.o)
    0x0800bb1c   0x0800bb1c   0x00000040   Code   RO         6593    i.USBD_HID_SetReport  USB_CM3.lib(usbd_hid.o)
    0x0800bb5c   0x0800bb5c   0x0000001c   Code   RO         5129    i.USBD_Init         usbd_stm32f103.o
    0x0800bb78   0x0800bb78   0x00000016   Code   RO         5130    i.USBD_IntrEna      usbd_stm32f103.o
    0x0800bb8e   0x0800bb8e   0x00000002   Code   RO         4954    i.USBD_RTX_TaskInit  usb_config.o
    0x0800bb90   0x0800bb90   0x00000060   Code   RO         5131    i.USBD_ReadEP       usbd_stm32f103.o
    0x0800bbf0   0x0800bbf0   0x00000002   Code   RO         4955    i.USBD_ReqClrFeature_MSC  usb_config.o
    0x0800bbf2   0x0800bbf2   0x00000002   PAD
    0x0800bbf4   0x0800bbf4   0x00000130   Code   RO         6487    i.USBD_ReqGetDescriptor  USB_CM3.lib(usbd_core.o)
    0x0800bd24   0x0800bd24   0x00000084   Code   RO         6642    i.USBD_ReqGetDescriptor_HID  USB_CM3.lib(usbd_core_hid.o)
    0x0800bda8   0x0800bda8   0x0000007c   Code   RO         6493    i.USBD_ReqGetStatus  USB_CM3.lib(usbd_core.o)
    0x0800be24   0x0800be24   0x000000ac   Code   RO         6485    i.USBD_ReqSetClrFeature  USB_CM3.lib(usbd_core.o)
    0x0800bed0   0x0800bed0   0x00000190   Code   RO         6489    i.USBD_ReqSetConfiguration  USB_CM3.lib(usbd_core.o)
    0x0800c060   0x0800c060   0x0000012c   Code   RO         6491    i.USBD_ReqSetInterface  USB_CM3.lib(usbd_core.o)
    0x0800c18c   0x0800c18c   0x000000b4   Code   RO         5132    i.USBD_Reset        usbd_stm32f103.o
    0x0800c240   0x0800c240   0x0000000c   Code   RO         5133    i.USBD_ResetEP      usbd_stm32f103.o
    0x0800c24c   0x0800c24c   0x00000004   Code   RO         4956    i.USBD_Reset_Event  usb_config.o
    0x0800c250   0x0800c250   0x0000000e   Code   RO         4957    i.USBD_SOF_Event    usb_config.o
    0x0800c25e   0x0800c25e   0x00000002   PAD
    0x0800c260   0x0800c260   0x00000014   Code   RO         5135    i.USBD_SetAddress   usbd_stm32f103.o
    0x0800c274   0x0800c274   0x00000010   Code   RO         5136    i.USBD_SetStallEP   usbd_stm32f103.o
    0x0800c284   0x0800c284   0x0000000c   Code   RO         6464    i.USBD_SetupStage   USB_CM3.lib(usbd_core.o)
    0x0800c290   0x0800c290   0x0000000a   Code   RO         6465    i.USBD_StatusInStage  USB_CM3.lib(usbd_core.o)
    0x0800c29a   0x0800c29a   0x00000002   PAD
    0x0800c29c   0x0800c29c   0x0000000c   Code   RO         6466    i.USBD_StatusOutStage  USB_CM3.lib(usbd_core.o)
    0x0800c2a8   0x0800c2a8   0x0000001c   Code   RO         5137    i.USBD_Suspend      usbd_stm32f103.o
    0x0800c2c4   0x0800c2c4   0x00000014   Code   RO         5138    i.USBD_WakeUp       usbd_stm32f103.o
    0x0800c2d8   0x0800c2d8   0x00000002   Code   RO         5139    i.USBD_WakeUpCfg    usbd_stm32f103.o
    0x0800c2da   0x0800c2da   0x00000002   PAD
    0x0800c2dc   0x0800c2dc   0x00000074   Code   RO         5140    i.USBD_WriteEP      usbd_stm32f103.o
    0x0800c350   0x0800c350   0x0000000c   Code   RO         3076    i.USBWakeUp_IRQHandler  hw_config.o
    0x0800c35c   0x0800c35c   0x00000002   Code   RO         3077    i.USB_Cable_Config  hw_config.o
    0x0800c35e   0x0800c35e   0x00000008   Code   RO         3078    i.USB_HP_CAN1_TX_IRQHandler  hw_config.o
    0x0800c366   0x0800c366   0x00000002   PAD
    0x0800c368   0x0800c368   0x0000003c   Code   RO         3886    i.USB_Init          usb_init.o
    0x0800c3a4   0x0800c3a4   0x0000005e   Code   RO         3079    i.USB_Interrupts_Config  hw_config.o
    0x0800c402   0x0800c402   0x00000002   PAD
    0x0800c404   0x0800c404   0x00000050   Code   RO         3415    i.USB_Istr          usb_istr.o
    0x0800c454   0x0800c454   0x00000168   Code   RO         5141    i.USB_LP_CAN1_RX0_IRQHandler  usbd_stm32f103.o
    0x0800c5bc   0x0800c5bc   0x00000024   Code   RO         4365    i.USB_SIL_Init      usb_sil.o
    0x0800c5e0   0x0800c5e0   0x0000002e   Code   RO         4366    i.USB_SIL_Read      usb_sil.o
    0x0800c60e   0x0800c60e   0x0000002e   Code   RO         4367    i.USB_SIL_Write     usb_sil.o
    0x0800c63c   0x0800c63c   0x0000000c   Code   RO          299    i.UserAppAbort      cmsis-dap.o
    0x0800c648   0x0800c648   0x00000014   Code   RO          300    i.UserAppInit       cmsis-dap.o
    0x0800c65c   0x0800c65c   0x00000038   Code   RO         3964    i.UserToPMABufferCopy  usb_mem.o
    0x0800c694   0x0800c694   0x0000001c   Code   RO         3459    i.Virtual_Com_Port_GetLineCoding  usb_prop.o
    0x0800c6b0   0x0800c6b0   0x0000001c   Code   RO         3460    i.Virtual_Com_Port_SetLineCoding  usb_prop.o
    0x0800c6cc   0x0800c6cc   0x00000058   Code   RO         6345    i.W25QXX_Erase_Sector  w25qxx.o
    0x0800c724   0x0800c724   0x00000054   Code   RO         6346    i.W25QXX_Init       w25qxx.o
    0x0800c778   0x0800c778   0x00000050   Code   RO         6348    i.W25QXX_Read       w25qxx.o
    0x0800c7c8   0x0800c7c8   0x00000048   Code   RO         6349    i.W25QXX_ReadID     w25qxx.o
    0x0800c810   0x0800c810   0x0000002c   Code   RO         6350    i.W25QXX_ReadSR     w25qxx.o
    0x0800c83c   0x0800c83c   0x00000012   Code   RO         6352    i.W25QXX_Wait_Busy  w25qxx.o
    0x0800c84e   0x0800c84e   0x00000002   PAD
    0x0800c850   0x0800c850   0x000000b8   Code   RO         6353    i.W25QXX_Write      w25qxx.o
    0x0800c908   0x0800c908   0x00000020   Code   RO         6355    i.W25QXX_Write_Enable  w25qxx.o
    0x0800c928   0x0800c928   0x00000046   Code   RO         6356    i.W25QXX_Write_NoCheck  w25qxx.o
    0x0800c96e   0x0800c96e   0x00000002   PAD
    0x0800c970   0x0800c970   0x00000054   Code   RO         6357    i.W25QXX_Write_Page  w25qxx.o
    0x0800c9c4   0x0800c9c4   0x00000128   Code   RO         3211    i.Write_Memory      memory.o
    0x0800caec   0x0800caec   0x00000004   Code   RO          604    i._sys_exit         usart.o
    0x0800caf0   0x0800caf0   0x00000090   Code   RO         2724    i.check_fs          ff.o
    0x0800cb80   0x0800cb80   0x00000014   Code   RO         2725    i.chk_chr           ff.o
    0x0800cb94   0x0800cb94   0x00000394   Code   RO         2726    i.chk_mounted       ff.o
    0x0800cf28   0x0800cf28   0x0000001a   Code   RO         2727    i.clust2sect        ff.o
    0x0800cf42   0x0800cf42   0x000000ca   Code   RO         2728    i.create_chain      ff.o
    0x0800d00c   0x0800d00c   0x00000158   Code   RO         2729    i.create_name       ff.o
    0x0800d164   0x0800d164   0x00000044   Code   RO          675    i.delay_init        delay.o
    0x0800d1a8   0x0800d1a8   0x0000004c   Code   RO          676    i.delay_ms          delay.o
    0x0800d1f4   0x0800d1f4   0x00000024   Code   RO         5988    i.delaymS           swd_host.o
    0x0800d218   0x0800d218   0x0000005c   Code   RO         2730    i.dir_find          ff.o
    0x0800d274   0x0800d274   0x00000118   Code   RO         2731    i.dir_next          ff.o
    0x0800d38c   0x0800d38c   0x00000056   Code   RO         2732    i.dir_read          ff.o
    0x0800d3e2   0x0800d3e2   0x0000006e   Code   RO         2733    i.dir_register      ff.o
    0x0800d450   0x0800d450   0x0000002c   Code   RO         2734    i.dir_remove        ff.o
    0x0800d47c   0x0800d47c   0x0000009c   Code   RO         2735    i.dir_sdi           ff.o
    0x0800d518   0x0800d518   0x00000006   Code   RO         2670    i.disk_initialize   diskio.o
    0x0800d51e   0x0800d51e   0x00000006   Code   RO         2671    i.disk_ioctl        diskio.o
    0x0800d524   0x0800d524   0x0000004c   Code   RO         2672    i.disk_read         diskio.o
    0x0800d570   0x0800d570   0x00000006   Code   RO         2673    i.disk_status       diskio.o
    0x0800d576   0x0800d576   0x0000004c   Code   RO         2674    i.disk_write        diskio.o
    0x0800d5c2   0x0800d5c2   0x00000016   Code   RO         2737    i.f_close           ff.o
    0x0800d5d8   0x0800d5d8   0x0000004e   Code   RO         2739    i.f_gets            ff.o
    0x0800d626   0x0800d626   0x000001b0   Code   RO         2740    i.f_lseek           ff.o
    0x0800d7d6   0x0800d7d6   0x00000002   PAD
    0x0800d7d8   0x0800d7d8   0x0000002c   Code   RO         2742    i.f_mount           ff.o
    0x0800d804   0x0800d804   0x0000016c   Code   RO         2743    i.f_open            ff.o
    0x0800d970   0x0800d970   0x0000006e   Code   RO         2744    i.f_opendir         ff.o
    0x0800d9de   0x0800d9de   0x00000026   Code   RO         2746    i.f_putc            ff.o
    0x0800da04   0x0800da04   0x000001ce   Code   RO         2748    i.f_read            ff.o
    0x0800dbd2   0x0800dbd2   0x00000058   Code   RO         2749    i.f_readdir         ff.o
    0x0800dc2a   0x0800dc2a   0x000000b8   Code   RO         2752    i.f_sync            ff.o
    0x0800dce2   0x0800dce2   0x000000b2   Code   RO         2754    i.f_unlink          ff.o
    0x0800dd94   0x0800dd94   0x0000020e   Code   RO         2756    i.f_write           ff.o
    0x0800dfa2   0x0800dfa2   0x0000009e   Code   RO         2757    i.follow_path       ff.o
    0x0800e040   0x0800e040   0x0000001c   Code   RO          605    i.fputc             usart.o
    0x0800e05c   0x0800e05c   0x000000e4   Code   RO         2758    i.get_fat           ff.o
    0x0800e140   0x0800e140   0x00000004   Code   RO         2675    i.get_fattime       diskio.o
    0x0800e144   0x0800e144   0x00000098   Code   RO         2759    i.get_fileinfo      ff.o
    0x0800e1dc   0x0800e1dc   0x0000001c   Code   RO         5989    i.int2array         swd_host.o
    0x0800e1f8   0x0800e1f8   0x00000010   Code   RO           10    i.main              main.o
    0x0800e208   0x0800e208   0x00000026   Code   RO         2760    i.mem_cmp           ff.o
    0x0800e22e   0x0800e22e   0x0000001a   Code   RO         2761    i.mem_cpy           ff.o
    0x0800e248   0x0800e248   0x00000014   Code   RO         2762    i.mem_set           ff.o
    0x0800e25c   0x0800e25c   0x00000072   Code   RO         2763    i.move_window       ff.o
    0x0800e2ce   0x0800e2ce   0x00000136   Code   RO         2764    i.put_fat           ff.o
    0x0800e404   0x0800e404   0x00000068   Code   RO         2765    i.remove_chain      ff.o
    0x0800e46c   0x0800e46c   0x0000006e   Code   RO         5990    i.swd_flash_syscall_exec  swd_host.o
    0x0800e4da   0x0800e4da   0x0000000e   Code   RO         5991    i.swd_init          swd_host.o
    0x0800e4e8   0x0800e4e8   0x000000a4   Code   RO         5992    i.swd_init_debug    swd_host.o
    0x0800e58c   0x0800e58c   0x0000000a   Code   RO         5993    i.swd_off           swd_host.o
    0x0800e596   0x0800e596   0x00000002   PAD
    0x0800e598   0x0800e598   0x00000064   Code   RO         5997    i.swd_read_core_register  swd_host.o
    0x0800e5fc   0x0800e5fc   0x00000088   Code   RO         5998    i.swd_read_data     swd_host.o
    0x0800e684   0x0800e684   0x0000005c   Code   RO         5999    i.swd_read_dp       swd_host.o
    0x0800e6e0   0x0800e6e0   0x00000042   Code   RO         6000    i.swd_read_idcode   swd_host.o
    0x0800e722   0x0800e722   0x00000002   PAD
    0x0800e724   0x0800e724   0x0000002c   Code   RO         6002    i.swd_read_word     swd_host.o
    0x0800e750   0x0800e750   0x00000022   Code   RO         6003    i.swd_reset         swd_host.o
    0x0800e772   0x0800e772   0x00000002   PAD
    0x0800e774   0x0800e774   0x00000024   Code   RO         6004    i.swd_set_target_reset  swd_host.o
    0x0800e798   0x0800e798   0x0000018c   Code   RO         6005    i.swd_set_target_state_hw  swd_host.o
    0x0800e924   0x0800e924   0x0000001c   Code   RO         6007    i.swd_switch        swd_host.o
    0x0800e940   0x0800e940   0x0000002c   Code   RO         6008    i.swd_transfer_retry  swd_host.o
    0x0800e96c   0x0800e96c   0x00000034   Code   RO         6009    i.swd_wait_until_halted  swd_host.o
    0x0800e9a0   0x0800e9a0   0x00000078   Code   RO         6010    i.swd_write_ap      swd_host.o
    0x0800ea18   0x0800ea18   0x00000080   Code   RO         6011    i.swd_write_block   swd_host.o
    0x0800ea98   0x0800ea98   0x00000034   Code   RO         6012    i.swd_write_byte    swd_host.o
    0x0800eacc   0x0800eacc   0x00000058   Code   RO         6013    i.swd_write_core_register  swd_host.o
    0x0800eb24   0x0800eb24   0x00000054   Code   RO         6014    i.swd_write_data    swd_host.o
    0x0800eb78   0x0800eb78   0x00000098   Code   RO         6015    i.swd_write_debug_state  swd_host.o
    0x0800ec10   0x0800ec10   0x00000048   Code   RO         6016    i.swd_write_dp      swd_host.o
    0x0800ec58   0x0800ec58   0x00000084   Code   RO         6017    i.swd_write_memory  swd_host.o
    0x0800ecdc   0x0800ecdc   0x0000002c   Code   RO         6018    i.swd_write_word    swd_host.o
    0x0800ed08   0x0800ed08   0x000000ca   Code   RO         2766    i.sync              ff.o
    0x0800edd2   0x0800edd2   0x00000002   PAD
    0x0800edd4   0x0800edd4   0x00000028   Code   RO         5943    i.target_flash_erase_chip  swd_flash.o
    0x0800edfc   0x0800edfc   0x00000044   Code   RO         5945    i.target_flash_init  swd_flash.o
    0x0800ee40   0x0800ee40   0x00000064   Code   RO         5946    i.target_flash_program_page  swd_flash.o
    0x0800eea4   0x0800eea4   0x00000010   Code   RO         5947    i.target_flash_uninit  swd_flash.o
    0x0800eeb4   0x0800eeb4   0x00000028   Code   RO         6196    i.target_opt_erase_chip  swd_opt.o
    0x0800eedc   0x0800eedc   0x00000044   Code   RO         6198    i.target_opt_init   swd_opt.o
    0x0800ef20   0x0800ef20   0x00000024   Code   RO         6200    i.target_opt_uninit  swd_opt.o
    0x0800ef44   0x0800ef44   0x0000001e   Code   RO          606    i.uart1_dma_enable  usart.o
    0x0800ef62   0x0800ef62   0x00000002   PAD
    0x0800ef64   0x0800ef64   0x00000164   Code   RO          607    i.uart_init         usart.o
    0x0800f0c8   0x0800f0c8   0x0000008c   Code   RO          608    i.usart_receive_parse  usart.o
    0x0800f154   0x0800f154   0x0000003c   Code   RO          609    i.usart_sendCommand  usart.o
    0x0800f190   0x0800f190   0x0000000e   Code   RO         4958    i.usbd_class_init   usb_config.o
    0x0800f19e   0x0800f19e   0x00000002   PAD
    0x0800f1a0   0x0800f1a0   0x00000010   Code   RO         6467    i.usbd_configured   USB_CM3.lib(usbd_core.o)
    0x0800f1b0   0x0800f1b0   0x00000004   Code   RO         6468    i.usbd_connect      USB_CM3.lib(usbd_core.o)
    0x0800f1b4   0x0800f1b4   0x00000004   Code   RO         6597    i.usbd_hid_get_protocol  USB_CM3.lib(usbd_hid.o)
    0x0800f1b8   0x0800f1b8   0x000000a0   Code   RO         5305    i.usbd_hid_get_report  usbd_user_hid.o
    0x0800f258   0x0800f258   0x0000009c   Code   RO         6599    i.usbd_hid_get_report_trigger  USB_CM3.lib(usbd_hid.o)
    0x0800f2f4   0x0800f2f4   0x00000040   Code   RO         5306    i.usbd_hid_init     usbd_user_hid.o
    0x0800f334   0x0800f334   0x000000bc   Code   RO         5307    i.usbd_hid_process  usbd_user_hid.o
    0x0800f3f0   0x0800f3f0   0x00000002   Code   RO         6601    i.usbd_hid_set_protocol  USB_CM3.lib(usbd_hid.o)
    0x0800f3f2   0x0800f3f2   0x00000002   PAD
    0x0800f3f4   0x0800f3f4   0x000000a0   Code   RO         5308    i.usbd_hid_set_report  usbd_user_hid.o
    0x0800f494   0x0800f494   0x0000001c   Code   RO         6469    i.usbd_init         USB_CM3.lib(usbd_core.o)
    0x0800f4b0   0x0800f4b0   0x00000002   Code   RO         4960    i.usbd_os_evt_set   usb_config.o
    0x0800f4b2   0x0800f4b2   0x00000002   PAD
    0x0800f4b4   0x0800f4b4   0x00000024   Code   RO         6470    i.usbd_reset_core   USB_CM3.lib(usbd_core.o)
    0x0800f4d8   0x0800f4d8   0x0000009c   Code   RO          301    i.vResetTarget      cmsis-dap.o
    0x0800f574   0x0800f574   0x0000002a   Code   RO         2767    i.validate          ff.o
    0x0800f59e   0x0800f59e   0x00000002   PAD
    0x0800f5a0   0x0800f5a0   0x000002b0   Code   RO         6720    x$fpl$ddiv          fz_ws.l(ddiv.o)
    0x0800f850   0x0800f850   0x0000005a   Code   RO         6723    x$fpl$dfixu         fz_ws.l(dfixu.o)
    0x0800f8aa   0x0800f8aa   0x00000026   Code   RO         6727    x$fpl$dfltu         fz_ws.l(dflt_clz.o)
    0x0800f8d0   0x0800f8d0   0x00000154   Code   RO         6733    x$fpl$dmul          fz_ws.l(dmul.o)
    0x0800fa24   0x0800fa24   0x0000009c   Code   RO         6745    x$fpl$dnaninf       fz_ws.l(dnaninf.o)
    0x0800fac0   0x0800fac0   0x0000000c   Code   RO         6747    x$fpl$dretinf       fz_ws.l(dretinf.o)
    0x0800facc   0x0800facc   0x00000000   Code   RO         6749    x$fpl$usenofp       fz_ws.l(usenofp.o)
    0x0800facc   0x0800facc   0x00000054   Data   RO          302    .constdata          cmsis-dap.o
    0x0800fb20   0x0800fb20   0x000000c3   Data   RO         3338    .constdata          usb_desc.o
    0x0800fbe3   0x0800fbe3   0x00000005   Data   RO         4434    .constdata          dap.o
    0x0800fbe8   0x0800fbe8   0x000001d4   Data   RO         4963    .constdata          usb_config.o
    0x0800fdbc   0x0800fdbc   0x00000094   Data   RO         5767    .constdata          usart_stm32f10x.o
    0x0800fe50   0x0800fe50   0x00000180   Data   RO         6233    .constdata          stm32f10x_128.o
    0x0800ffd0   0x0800ffd0   0x000001ec   Data   RO         6242    .constdata          stm32f10x_opt.o
    0x080101bc   0x080101bc   0x00000818   Data   RO         6265    .constdata          oled.o
    0x080109d4   0x080109d4   0x00000028   Data   RO         6666    .constdata          c_w.l(_printf_hex_int.o)
    0x080109fc   0x080109fc   0x00000020   Data   RO         6906    Region$$Table       anon$$obj.o


    Execution Region RW_IRAM1 (Exec base: 0x20000000, Load base: 0x08010a1c, Size: 0x000062a0, Max: 0x00010000, ABSOLUTE, COMPRESSED[0x00000204])

    Exec Addr    Load Addr    Size         Type   Attr      Idx    E Section Name        Object

    0x20000000   COMPRESSED   0x000001fc   Data   RW           12    .data               main.o
    0x200001fc   COMPRESSED   0x0000000c   Data   RW          303    .data               cmsis-dap.o
    0x20000208   COMPRESSED   0x00000007   Data   RW          611    .data               usart.o
    0x2000020f   COMPRESSED   0x00000001   PAD
    0x20000210   COMPRESSED   0x00000004   Data   RW          678    .data               delay.o
    0x20000214   COMPRESSED   0x00000014   Data   RW          763    .data               system_stm32f10x.o
    0x20000228   COMPRESSED   0x00000014   Data   RW         1021    .data               stm32f10x_rcc.o
    0x2000023c   COMPRESSED   0x00000006   Data   RW         2768    .data               ff.o
    0x20000242   COMPRESSED   0x00000002   PAD
    0x20000244   COMPRESSED   0x00000010   Data   RW         3169    .data               mass_mal.o
    0x20000254   COMPRESSED   0x00000024   Data   RW         3213    .data               memory.o
    0x20000278   COMPRESSED   0x00000071   Data   RW         3255    .data               scsi_data.o
    0x200002e9   COMPRESSED   0x00000003   PAD
    0x200002ec   COMPRESSED   0x0000000c   Data   RW         3286    .data               usb_bot.o
    0x200002f8   COMPRESSED   0x0000001a   Data   RW         3339    .data               usb_desc.o
    0x20000312   COMPRESSED   0x00000002   PAD
    0x20000314   COMPRESSED   0x00000009   Data   RW         3368    .data               usb_endp.o
    0x2000031d   COMPRESSED   0x00000003   PAD
    0x20000320   COMPRESSED   0x0000003c   Data   RW         3416    .data               usb_istr.o
    0x2000035c   COMPRESSED   0x000000a0   Data   RW         3461    .data               usb_prop.o
    0x200003fc   COMPRESSED   0x00000007   Data   RW         3579    .data               usb_pwr.o
    0x20000403   COMPRESSED   0x00000001   PAD
    0x20000404   COMPRESSED   0x00000003   Data   RW         3774    .data               usb_core.o
    0x20000407   COMPRESSED   0x00000001   PAD
    0x20000408   COMPRESSED   0x00000014   Data   RW         3888    .data               usb_init.o
    0x2000041c   COMPRESSED   0x00000004   Data   RW         3923    .data               usb_int.o
    0x20000420   COMPRESSED   0x00000001   Data   RW         4435    .data               dap.o
    0x20000421   COMPRESSED   0x00000003   PAD
    0x20000424   COMPRESSED   0x00000014   Data   RW         4835    .data               swo.o
    0x20000438   COMPRESSED   0x0000000b   Data   RW         4964    .data               usb_config.o
    0x20000443   COMPRESSED   0x00000001   PAD
    0x20000444   COMPRESSED   0x00000006   Data   RW         5142    .data               usbd_stm32f103.o
    0x2000044a   COMPRESSED   0x00000002   PAD
    0x2000044c   COMPRESSED   0x00000018   Data   RW         5310    .data               usbd_user_hid.o
    0x20000464   COMPRESSED   0x0000000f   Data   RW         5405    .data               usbd_user_cdc_acm.o
    0x20000473   COMPRESSED   0x00000002   Data   RW         5503    .data               dma_stm32f10x.o
    0x20000475   COMPRESSED   0x00000003   PAD
    0x20000478   COMPRESSED   0x00000008   Data   RW         6019    .data               swd_host.o
    0x20000480   COMPRESSED   0x00000002   Data   RW         6360    .data               w25qxx.o
    0x20000482   COMPRESSED   0x00000002   PAD
    0x20000484   COMPRESSED   0x00000028   Data   RW         6472    .data               USB_CM3.lib(usbd_core.o)
    0x200004ac   COMPRESSED   0x0000003f   Data   RW         6538    .data               USB_CM3.lib(usbd_cdc_acm.o)
    0x200004eb   COMPRESSED   0x00000001   PAD
    0x200004ec   COMPRESSED   0x00000030   Data   RW         6603    .data               USB_CM3.lib(usbd_hid.o)
    0x2000051c        -       0x00000888   Zero   RW           11    .bss                main.o
    0x20000da4        -       0x000001cc   Zero   RW          610    .bss                usart.o
    0x20000f70        -       0x00000200   Zero   RW         3212    .bss                memory.o
    0x20001170        -       0x00000070   Zero   RW         3285    .bss                usb_bot.o
    0x200011e0        -       0x0000007c   Zero   RW         3367    .bss                usb_endp.o
    0x2000125c        -       0x0000001c   Zero   RW         3887    .bss                usb_init.o
    0x20001278        -       0x00000040   Zero   RW         4433    .bss                dap.o
    0x200012b8        -       0x00001000   Zero   RW         4834    .bss                swo.o
    0x200022b8        -       0x0000014c   Zero   RW         4962    .bss                usb_config.o
    0x20002404        -       0x00002000   Zero   RW         5309    .bss                usbd_user_hid.o
    0x20004404        -       0x00000800   Zero   RW         5404    .bss                usbd_user_cdc_acm.o
    0x20004c04        -       0x00000038   Zero   RW         5766    .bss                usart_stm32f10x.o
    0x20004c3c        -       0x00001000   Zero   RW         6359    .bss                w25qxx.o
    0x20005c3c        -       0x00000060   Zero   RW         6784    .bss                c_w.l(libspace.o)
    0x20005c9c   COMPRESSED   0x00000004   PAD
    0x20005ca0        -       0x00000200   Zero   RW          750    HEAP                startup_stm32f10x_hd.o
    0x20005ea0        -       0x00000400   Zero   RW          749    STACK               startup_stm32f10x_hd.o


==============================================================================

Image component sizes


      Code (inc. data)   RO Data    RW Data    ZI Data      Debug   Object Name

      2244        260         84         12          0      66026   cmsis-dap.o
      5068        242          5          1         64      31153   dap.o
       128         32          0          0          0        995   dap_vendor.o
       144         22          0          4          0       1176   delay.o
       174          0          0          0          0       4788   diskio.o
      1254        132          0          2          0     238696   dma_stm32f10x.o
      6340         46          0          6          0      29753   ff.o
       744         76          0          0          0       6077   gpio_stm32f10x.o
       408         46          0          0          0       4777   hex2bin.o
       244         14          0          0          0       4219   hw_config.o
      4392         94          0          0          0      29326   jtag_dp.o
        76         10          0          0          0        503   key.o
        52          8          0          0          0        483   led.o
      4808        564          0        508       2184     277524   main.o
       174         14          0         16          0       3461   mass_mal.o
       556         80          0         36        512       3788   memory.o
       172         22          0          0          0       2025   misc.o
       880         22       2072          0          0       5649   oled.o
         0          0          0        113          0       1094   scsi_data.o
       272         18          0          0          0       1745   spi.o
        64         26        304          0       1536        796   startup_stm32f10x_hd.o
         0          0        384          0          0        585   stm32f10x_128.o
       474         18          0          0          0       5575   stm32f10x_dma.o
       160         12          0          0          0       1477   stm32f10x_exti.o
       274         30          0          0          0       3382   stm32f10x_flash.o
       430          6          0          0          0       3834   stm32f10x_gpio.o
         0          0        492          0          0        580   stm32f10x_opt.o
       320         44          0         20          0       5457   stm32f10x_rcc.o
       112          0          0          0          0       3782   stm32f10x_spi.o
       456          6          0          0          0       6167   stm32f10x_usart.o
      3292         82          0          0          0      23531   sw_dp.o
       224         14          0          0          0       3301   swd_flash.o
      2318        106          0          8          0      19195   swd_host.o
       144         16          0          0          0       1606   swd_opt.o
      1496        248          0         20       4096      17532   swo.o
       328         28          0         20          0       2125   system_stm32f10x.o
       706         84          0          7        460       5990   usart.o
      5492        184        148          0         56      56422   usart_stm32f10x.o
      1148        108          0         12        112       4675   usb_bot.o
        86          0        468         11        332      34546   usb_config.o
      3058        288          0          3          0      14975   usb_core.o
         0          0        195         26          0        996   usb_desc.o
       116         16          0          9        124       2916   usb_endp.o
        60         24          0         20         28       4202   usb_init.o
       848         58          0          4          0       2377   usb_int.o
        80         18          0         60          0       1388   usb_istr.o
        96         10          0          0          0       1856   usb_mem.o
       828        136          0        160          0      12561   usb_prop.o
        64         10          0          7          0       1993   usb_pwr.o
       712        100          0          0          0      10247   usb_regs.o
      1086        130          0          0          0       9864   usb_scsi.o
       128          8          0          0          0       2258   usb_sil.o
      1374        134          0          6          0      36337   usbd_stm32f103.o
       530         72          0         15       2048       5570   usbd_user_cdc_acm.o
      1004        148          0         24       8192      34508   usbd_user_hid.o
       756         70          0          2       4096       6729   w25qxx.o

    ----------------------------------------------------------------------
     56476       3936       4184       1156      23840    1062593   Object Totals
         0          0         32          0          0          0   (incl. Generated)
        82          0          0         24          0          0   (incl. Padding)

    ----------------------------------------------------------------------

      Code (inc. data)   RO Data    RW Data    ZI Data      Debug   Library Member Name

       776        106          0         63          0       1492   usbd_cdc_acm.o
      2118        184          0         40          0       1192   usbd_core.o
       240         32          0          0          0        156   usbd_core_cdc.o
       352         92          0          0          0        240   usbd_core_hid.o
      1300        200          0         48          0       1100   usbd_hid.o
        90          0          0          0          0          0   __dczerorl2.o
         8          0          0          0          0         68   __main.o
       104          0          0          0          0         84   __printf.o
         0          0          0          0          0          0   __rtentry.o
        12          0          0          0          0          0   __rtentry2.o
         6          0          0          0          0          0   __rtentry4.o
        52          8          0          0          0          0   __scatter.o
        28          0          0          0          0          0   __scatter_zi.o
        48          6          0          0          0         96   _printf_char_common.o
        36          4          0          0          0         80   _printf_char_file.o
        88          4         40          0          0         88   _printf_hex_int.o
       178          0          0          0          0         88   _printf_intcommon.o
         0          0          0          0          0          0   _printf_percent.o
         4          0          0          0          0          0   _printf_percent_end.o
         6          0          0          0          0          0   _printf_x.o
        18          0          0          0          0         80   exit.o
         8          0          0          0          0         68   ferror.o
         6          0          0          0          0        152   heapauxi.o
         2          0          0          0          0          0   libinit.o
         2          0          0          0          0          0   libinit2.o
         2          0          0          0          0          0   libshutdown.o
         2          0          0          0          0          0   libshutdown2.o
         8          4          0          0         96         68   libspace.o
        24          4          0          0          0         84   noretval__2printf.o
        68          0          0          0          0         68   rt_memclr.o
        78          0          0          0          0         80   rt_memclr_w.o
       138          0          0          0          0         68   rt_memcpy_v6.o
       100          0          0          0          0         80   rt_memcpy_w.o
         2          0          0          0          0          0   rtexit.o
        10          0          0          0          0          0   rtexit2.o
        62          0          0          0          0         76   strlen.o
        36          0          0          0          0         80   strstr.o
        74          0          0          0          0         80   sys_stackheap_outer.o
         2          0          0          0          0         68   use_no_semi.o
         2          0          0          0          0         68   use_no_semi_2.o
       688        140          0          0          0        208   ddiv.o
        90          4          0          0          0         92   dfixu.o
        38          0          0          0          0         68   dflt_clz.o
       340         12          0          0          0        104   dmul.o
       156          4          0          0          0         92   dnaninf.o
        12          0          0          0          0         68   dretinf.o
         0          0          0          0          0          0   usenofp.o

    ----------------------------------------------------------------------
      7424        804         40        152        100       6436   Library Totals
        10          0          0          1          4          0   (incl. Padding)

    ----------------------------------------------------------------------

      Code (inc. data)   RO Data    RW Data    ZI Data      Debug   Library Name

      4786        614          0        151          0       4180   USB_CM3.lib
      1304         30         40          0         96       1624   c_w.l
      1324        160          0          0          0        632   fz_ws.l

    ----------------------------------------------------------------------
      7424        804         40        152        100       6436   Library Totals

    ----------------------------------------------------------------------

==============================================================================


      Code (inc. data)   RO Data    RW Data    ZI Data      Debug   

     63900       4740       4224       1308      23940    1041101   Grand Totals
     63900       4740       4224        516      23940    1041101   ELF Image Totals (compressed)
     63900       4740       4224        516          0          0   ROM Totals

==============================================================================

    Total RO  Size (Code + RO Data)                68124 (  66.53kB)
    Total RW  Size (RW Data + ZI Data)             25248 (  24.66kB)
    Total ROM Size (Code + RO Data + RW Data)      68640 (  67.03kB)

==============================================================================

