Component: ARM Compiler 5.06 update 6 (build 750) Tool: armlink [4d35ed]

==============================================================================

Section Cross References

    main.o(i.Draw_Logo) refers to oled.o(i.OLED_ShowChar) for OLED_ShowChar
    main.o(i.Draw_Logo) refers to delay.o(i.delay_ms) for delay_ms
    main.o(i.Draw_Logo) refers to oled.o(i.OLED_Clear) for OLED_Clear
    main.o(i.Draw_Logo) refers to main.o(.data) for Logo
    main.o(i.Draw_Main) refers to ff.o(i.f_unlink) for f_unlink
    main.o(i.Draw_Main) refers to ff.o(i.f_opendir) for f_opendir
    main.o(i.Draw_Main) refers to ff.o(i.f_readdir) for f_readdir
    main.o(i.Draw_Main) refers to strlen.o(.text) for strlen
    main.o(i.Draw_Main) refers to oled.o(i.OLED_ShowString) for OLED_ShowString
    main.o(i.Draw_Main) refers to main.o(i.Scan_Key) for Scan_Key
    main.o(i.Draw_Main) refers to oled.o(i.OLED_Clear) for OLED_Clear
    main.o(i.Draw_Main) refers to oled.o(i.OLED_DrawBMP) for OLED_DrawBMP
    main.o(i.Draw_Main) refers to main.o(.bss) for DirInfo
    main.o(i.Draw_Main) refers to main.o(.data) for select
    main.o(i.Draw_Main) refers to delay.o(i.delay_ms) for delay_ms
    main.o(i.Draw_Main) refers to usart.o(i.usart_config) for usart_config
    main.o(i.Draw_Main) refers to strstr.o(.text) for strstr
    main.o(i.Draw_Main) refers to ff.o(i.f_open) for f_open
    main.o(i.Draw_Main) refers to hex2bin.o(i.HexFormatUncode) for HexFormatUncode
    main.o(i.Draw_Main) refers to oled.o(i.OLED_ShowChar) for OLED_ShowChar
    main.o(i.Draw_Main) refers to main.o(i.FLASH_SWD) for FLASH_SWD
    main.o(i.Draw_Menu) refers to oled.o(i.OLED_DrawBMP) for OLED_DrawBMP
    main.o(i.Draw_Menu) refers to oled.o(i.OLED_ShowString) for OLED_ShowString
    main.o(i.Draw_Menu) refers to ff.o(i.f_open) for f_open
    main.o(i.Draw_Menu) refers to oled.o(i.OLED_ShowChar) for OLED_ShowChar
    main.o(i.Draw_Menu) refers to delay.o(i.delay_ms) for delay_ms
    main.o(i.Draw_Menu) refers to main.o(i.FLASH_SWD) for FLASH_SWD
    main.o(i.Draw_Menu) refers to main.o(i.Scan_Key) for Scan_Key
    main.o(i.Draw_Menu) refers to oled.o(i.OLED_Clear) for OLED_Clear
    main.o(i.Draw_Menu) refers to main.o(i.Draw_Main) for Draw_Main
    main.o(i.Draw_Menu) refers to usb_pwr.o(.data) for bDeviceState
    main.o(i.Draw_Menu) refers to main.o(.data) for USBLogo
    main.o(i.Draw_Menu) refers to main.o(.bss) for fnew
    main.o(i.FLASH_SWD) refers to ff.o(i.f_open) for f_open
    main.o(i.FLASH_SWD) refers to swd_host.o(i.swd_init_debug) for swd_init_debug
    main.o(i.FLASH_SWD) refers to swd_opt.o(i.target_opt_init) for target_opt_init
    main.o(i.FLASH_SWD) refers to swd_opt.o(i.target_opt_erase_chip) for target_opt_erase_chip
    main.o(i.FLASH_SWD) refers to swd_opt.o(i.target_opt_uninit) for target_opt_uninit
    main.o(i.FLASH_SWD) refers to swd_flash.o(i.target_flash_init) for target_flash_init
    main.o(i.FLASH_SWD) refers to swd_flash.o(i.target_flash_erase_chip) for target_flash_erase_chip
    main.o(i.FLASH_SWD) refers to ff.o(i.f_read) for f_read
    main.o(i.FLASH_SWD) refers to swd_flash.o(i.target_flash_program_page) for target_flash_program_page
    main.o(i.FLASH_SWD) refers to dflt_clz.o(x$fpl$dfltu) for __aeabi_ui2d
    main.o(i.FLASH_SWD) refers to ddiv.o(x$fpl$ddiv) for __aeabi_ddiv
    main.o(i.FLASH_SWD) refers to dmul.o(x$fpl$dmul) for __aeabi_dmul
    main.o(i.FLASH_SWD) refers to dfixu.o(x$fpl$dfixu) for __aeabi_d2uiz
    main.o(i.FLASH_SWD) refers to oled.o(i.OLED_ShowString) for OLED_ShowString
    main.o(i.FLASH_SWD) refers to swd_host.o(i.swd_set_target_reset) for swd_set_target_reset
    main.o(i.FLASH_SWD) refers to delay.o(i.delay_ms) for delay_ms
    main.o(i.FLASH_SWD) refers to swd_flash.o(i.target_flash_uninit) for target_flash_uninit
    main.o(i.FLASH_SWD) refers to main.o(.bss) for fnew
    main.o(i.FLASH_SWD) refers to main.o(.data) for Res
    main.o(i.Init_device) refers to misc.o(i.NVIC_PriorityGroupConfig) for NVIC_PriorityGroupConfig
    main.o(i.Init_device) refers to delay.o(i.delay_init) for delay_init
    main.o(i.Init_device) refers to key.o(i.Key_Init) for Key_Init
    main.o(i.Init_device) refers to w25qxx.o(i.W25QXX_Init) for W25QXX_Init
    main.o(i.Init_device) refers to ff.o(i.f_mount) for f_mount
    main.o(i.Init_device) refers to oled.o(i.OLED_Init) for OLED_Init
    main.o(i.Init_device) refers to oled.o(i.OLED_Clear) for OLED_Clear
    main.o(i.Init_device) refers to led.o(i.LED_Init) for LED_Init
    main.o(i.Init_device) refers to main.o(i.Scan_Key) for Scan_Key
    main.o(i.Init_device) refers to main.o(i.Draw_Logo) for Draw_Logo
    main.o(i.Init_device) refers to oled.o(i.OLED_DrawBMP) for OLED_DrawBMP
    main.o(i.Init_device) refers to oled.o(i.OLED_ShowString) for OLED_ShowString
    main.o(i.Init_device) refers to cmsis-dap.o(i.Init_DAPUSB) for Init_DAPUSB
    main.o(i.Init_device) refers to cmsis-dap.o(i.Do_DAPUSB) for Do_DAPUSB
[...]
    Standard_Inquiry_Data                    0x200002a5   Data          22  scsi_data.o(.data)
    Standard_Inquiry_Data2                   0x200002bb   Data          36  scsi_data.o(.data)
    Mode_Sense6_data                         0x200002df   Data           4  scsi_data.o(.data)
    Mode_Sense10_data                        0x200002e3   Data           8  scsi_data.o(.data)
    Scsi_Sense_Data                          0x200002eb   Data          18  scsi_data.o(.data)
    ReadCapacity10_Data                      0x200002fd   Data           8  scsi_data.o(.data)
    ReadFormatCapacity_Data                  0x20000305   Data          12  scsi_data.o(.data)
    Bot_State                                0x20000314   Data           1  usb_bot.o(.data)
    Data_Len                                 0x20000316   Data           2  usb_bot.o(.data)
    SCSI_LBA                                 0x20000318   Data           4  usb_bot.o(.data)
    SCSI_BlkLen                              0x2000031c   Data           4  usb_bot.o(.data)
    MASS_StringSerial                        0x20000320   Data          26  usb_desc.o(.data)
    count_out                                0x2000033c   Data           4  usb_endp.o(.data)
    count_in                                 0x20000340   Data           4  usb_endp.o(.data)
    temp_cnt                                 0x20000344   Data           1  usb_endp.o(.data)
    wIstr                                    0x20000348   Data           2  usb_istr.o(.data)
    bIntPackSOF                              0x2000034a   Data           1  usb_istr.o(.data)
    pEpInt_IN                                0x2000034c   Data          28  usb_istr.o(.data)
    pEpInt_OUT                               0x20000368   Data          28  usb_istr.o(.data)
    Max_Lun                                  0x20000384   Data           4  usb_prop.o(.data)
    Request                                  0x20000388   Data           1  usb_prop.o(.data)
    linecoding                               0x2000038c   Data           8  usb_prop.o(.data)
    Device_Table                             0x20000394   Data           2  usb_prop.o(.data)
    Device_Property                          0x20000398   Data          48  usb_prop.o(.data)
    User_Standard_Requests                   0x200003c8   Data          36  usb_prop.o(.data)
    Device_Descriptor                        0x200003ec   Data           8  usb_prop.o(.data)
    Config_Descriptor                        0x200003f4   Data           8  usb_prop.o(.data)
    String_Descriptor                        0x200003fc   Data          40  usb_prop.o(.data)
    bDeviceState                             0x20000424   Data           4  usb_pwr.o(.data)
    fSuspendEnabled                          0x20000428   Data           1  usb_pwr.o(.data)
    ResumeS                                  0x20000429   Data           2  usb_pwr.o(.data)
    StatusInfo                               0x2000042c   Data           2  usb_core.o(.data)
    Data_Mul_MaxPacketSize                   0x2000042e   Data           1  usb_core.o(.data)
    EPindex                                  0x20000430   Data           1  usb_init.o(.data)
    pInformation                             0x20000434   Data           4  usb_init.o(.data)
    pProperty                                0x20000438   Data           4  usb_init.o(.data)
    SaveState                                0x2000043c   Data           2  usb_init.o(.data)
    wInterrupt_Mask                          0x2000043e   Data           2  usb_init.o(.data)
    pUser_Standard_Requests                  0x20000440   Data           4  usb_init.o(.data)
    SaveRState                               0x20000444   Data           2  usb_int.o(.data)
    SaveTState                               0x20000446   Data           2  usb_int.o(.data)
    DAP_TransferAbort                        0x20000448   Data           1  dap.o(.data)
    USBD_AltSetting                          0x20000460   Data           3  usb_config.o(.data)
    USBD_HID_PollingCnt                      0x20000464   Data           2  usb_config.o(.data)
    USBD_HID_IdleCnt                         0x20000466   Data           1  usb_config.o(.data)
    USBD_HID_IdleReload                      0x20000467   Data           1  usb_config.o(.data)
    USBD_HID_IdleSet                         0x20000468   Data           1  usb_config.o(.data)
    USBD_HID_FeatReport                      0x20000469   Data           2  usb_config.o(.data)
    pBUF_DSCR                                0x2000046c   Data           4  usbd_stm32f103.o(.data)
    FreeBufAddr                              0x20000470   Data           2  usbd_stm32f103.o(.data)
    W25QXX_TYPE                              0x200004a8   Data           2  w25qxx.o(.data)
    USBD_DeviceAddress                       0x200004ac   Data           1  usbd_core.o(.data)
    USBD_Configuration                       0x200004ad   Data           1  usbd_core.o(.data)
    USBD_NumInterfaces                       0x200004ae   Data           1  usbd_core.o(.data)
    USBD_HighSpeed                           0x200004af   Data           1  usbd_core.o(.data)
    USBD_ZLP                                 0x200004b0   Data           1  usbd_core.o(.data)
    USBD_DeviceStatus                        0x200004b2   Data           2  usbd_core.o(.data)
    USBD_EndPointMask                        0x200004b4   Data           4  usbd_core.o(.data)
    USBD_EndPointHalt                        0x200004b8   Data           4  usbd_core.o(.data)
    USBD_EndPointNoHaltClr                   0x200004bc   Data           4  usbd_core.o(.data)
    USBD_RTX_CoreTask                        0x200004c0   Data           4  usbd_core.o(.data)
    USBD_EP0Data                             0x200004c4   Data           8  usbd_core.o(.data)
    USBD_SetupPacket                         0x200004cc   Data           8  usbd_core.o(.data)
    control_line_state                       0x200004d4   Data           2  usbd_cdc_acm.o(.data)
    data_send_access                         0x200004d8   Data           4  usbd_cdc_acm.o(.data)
    data_send_active                         0x200004dc   Data           4  usbd_cdc_acm.o(.data)
    data_send_zlp                            0x200004e0   Data           4  usbd_cdc_acm.o(.data)
    data_to_send_wr                          0x200004e4   Data           4  usbd_cdc_acm.o(.data)
    data_to_send_rd                          0x200004e8   Data           4  usbd_cdc_acm.o(.data)
    ptr_data_to_send                         0x200004ec   Data           4  usbd_cdc_acm.o(.data)
    ptr_data_sent                            0x200004f0   Data           4  usbd_cdc_acm.o(.data)
    data_read_access                         0x200004f4   Data           4  usbd_cdc_acm.o(.data)
    data_receive_int_access                  0x200004f8   Data           4  usbd_cdc_acm.o(.data)
    data_received_pending_pckts              0x200004fc   Data           4  usbd_cdc_acm.o(.data)
    data_no_space_for_receive                0x20000500   Data           4  usbd_cdc_acm.o(.data)
    ptr_data_received                        0x20000504   Data           4  usbd_cdc_acm.o(.data)
    ptr_data_read                            0x20000508   Data           4  usbd_cdc_acm.o(.data)
    line_coding                              0x2000050c   Data           7  usbd_cdc_acm.o(.data)
    USBD_HID_Protocol                        0x20000515   Data           1  usbd_hid.o(.data)
    DataOutToSendLen                         0x20000516   Data           2  usbd_hid.o(.data)
    DataOutSentLen                           0x20000518   Data           2  usbd_hid.o(.data)
    DataInReceLen                            0x2000051a   Data           2  usbd_hid.o(.data)
    DataFeatReceLen                          0x2000051c   Data           2  usbd_hid.o(.data)
    DataOutAsyncReq                          0x20000520   Data           4  usbd_hid.o(.data)
    DataOutUpdateReqMask                     0x20000524   Data           4  usbd_hid.o(.data)
    DataOutProcessing                        0x20000528   Data           4  usbd_hid.o(.data)
    DataOutProcessPending                    0x2000052c   Data           4  usbd_hid.o(.data)
    ptrDataOut                               0x20000530   Data           4  usbd_hid.o(.data)
    DataOutEndWithShortPacket                0x20000534   Data           4  usbd_hid.o(.data)
    DataOutInProgress                        0x20000538   Data           4  usbd_hid.o(.data)
    ptrDataIn                                0x2000053c   Data           4  usbd_hid.o(.data)
    ptrDataFeat                              0x20000540   Data           4  usbd_hid.o(.data)
    fnew                                     0x20000544   Data         548  main.o(.bss)
    FileInfo                                 0x20000768   Data          24  main.o(.bss)
    DirInfo                                  0x20000780   Data          28  main.o(.bss)
    fs                                       0x2000079c   Data         560  main.o(.bss)
    rData                                    0x200009cc   Data        1024  main.o(.bss)
    USART_RX_BUF                             0x20000dcc   Data         200  usart.o(.bss)
    USART_TX_BUF                             0x20000e94   Data         200  usart.o(.bss)
    usart_rx_data                            0x20000f5c   Data          60  usart.o(.bss)
    Data_Buffer                              0x20000f98   Data         512  memory.o(.bss)
    Bulk_Data_Buff                           0x20001198   Data          64  usb_bot.o(.bss)
    CBW                                      0x200011d8   Data          32  usb_bot.o(.bss)
    CSW                                      0x200011f8   Data          16  usb_bot.o(.bss)
    buffer_out                               0x20001208   Data          64  usb_endp.o(.bss)
    temp                                     0x20001248   Data          60  usb_endp.o(.bss)
    Device_Info                              0x20001284   Data          28  usb_init.o(.bss)
    DAP_Data                                 0x200012a0   Data          64  dap.o(.bss)
    USBD_EP0Buf                              0x200022e0   Data          64  usb_config.o(.bss)
    USBD_HID_InReport                        0x20002320   Data          65  usb_config.o(.bss)
    USBD_HID_OutReport                       0x20002361   Data          65  usb_config.o(.bss)
    USBD_CDC_ACM_SendBuf                     0x200023a2   Data          64  usb_config.o(.bss)
    USBD_CDC_ACM_ReceiveBuf                  0x200023e2   Data          64  usb_config.o(.bss)
    USBD_CDC_ACM_NotifyBuf                   0x20002422   Data          10  usb_config.o(.bss)
    W25QXX_BUFFER                            0x20004c64   Data        4096  w25qxx.o(.bss)
    __libspace_start                         0x20005c64   Data          96  libspace.o(.bss)
    __temporary_stack_top$libspace           0x20005cc4   Data           0  libspace.o(.bss)



==============================================================================

Memory Map of the image

  Image Entry point : 0x08000131

  Load Region LR_IROM1 (Base: 0x08000000, Size: 0x00011308, Max: 0x00080000, ABSOLUTE, COMPRESSED[0x00010fe8])

    Execution Region ER_IROM1 (Exec base: 0x08000000, Load base: 0x08000000, Size: 0x00010dc4, Max: 0x00080000, ABSOLUTE)

    Exec Addr    Load Addr    Size         Type   Attr      Idx    E Section Name        Object

    0x08000000   0x08000000   0x00000130   Data   RO          758    RESET               startup_stm32f10x_hd.o
    0x08000130   0x08000130   0x00000008   Code   RO         6724  * !!!main             c_w.l(__main.o)
    0x08000138   0x08000138   0x00000034   Code   RO         6916    !!!scatter          c_w.l(__scatter.o)
    0x0800016c   0x0800016c   0x0000005a   Code   RO         6914    !!dczerorl2         c_w.l(__dczerorl2.o)
    0x080001c6   0x080001c6   0x00000002   PAD
    0x080001c8   0x080001c8   0x0000001c   Code   RO         6918    !!handler_zi        c_w.l(__scatter_zi.o)
    0x080001e4   0x080001e4   0x00000000   Code   RO         6711    .ARM.Collect$$_printf_percent$$00000000  c_w.l(_printf_percent.o)
    0x080001e4   0x080001e4   0x00000006   Code   RO         6710    .ARM.Collect$$_printf_percent$$0000000C  c_w.l(_printf_x.o)
    0x080001ea   0x080001ea   0x00000004   Code   RO         6749    .ARM.Collect$$_printf_percent$$00000017  c_w.l(_printf_percent_end.o)
    0x080001ee   0x080001ee   0x00000002   Code   RO         6789    .ARM.Collect$$libinit$$00000000  c_w.l(libinit.o)
    0x080001f0   0x080001f0   0x00000000   Code   RO         6796    .ARM.Collect$$libinit$$00000002  c_w.l(libinit2.o)
    0x080001f0   0x080001f0   0x00000000   Code   RO         6798    .ARM.Collect$$libinit$$00000004  c_w.l(libinit2.o)
    0x080001f0   0x080001f0   0x00000000   Code   RO         6801    .ARM.Collect$$libinit$$0000000A  c_w.l(libinit2.o)
    0x080001f0   0x080001f0   0x00000000   Code   RO         6803    .ARM.Collect$$libinit$$0000000C  c_w.l(libinit2.o)
    0x080001f0   0x080001f0   0x00000000   Code   RO         6805    .ARM.Collect$$libinit$$0000000E  c_w.l(libinit2.o)
    0x080001f0   0x080001f0   0x00000000   Code   RO         6808    .ARM.Collect$$libinit$$00000011  c_w.l(libinit2.o)
    0x080001f0   0x080001f0   0x00000000   Code   RO         6810    .ARM.Collect$$libinit$$00000013  c_w.l(libinit2.o)
    0x080001f0   0x080001f0   0x00000000   Code   RO         6812    .ARM.Collect$$libinit$$00000015  c_w.l(libinit2.o)
    0x080001f0   0x080001f0   0x00000000   Code   RO         6814    .ARM.Collect$$libinit$$00000017  c_w.l(libinit2.o)
    0x080001f0   0x080001f0   0x00000000   Code   RO         6816    .ARM.Collect$$libinit$$00000019  c_w.l(libinit2.o)
    0x080001f0   0x080001f0   0x00000000   Code   RO         6818    .ARM.Collect$$libinit$$0000001B  c_w.l(libinit2.o)
    0x080001f0   0x080001f0   0x00000000   Code   RO         6820    .ARM.Collect$$libinit$$0000001D  c_w.l(libinit2.o)
    0x080001f0   0x080001f0   0x00000000   Code   RO         6822    .ARM.Collect$$libinit$$0000001F  c_w.l(libinit2.o)
    0x080001f0   0x080001f0   0x00000000   Code   RO         6824    .ARM.Collect$$libinit$$00000021  c_w.l(libinit2.o)
    0x080001f0   0x080001f0   0x00000000   Code   RO         6826    .ARM.Collect$$libinit$$00000023  c_w.l(libinit2.o)
    0x080001f0   0x080001f0   0x00000000   Code   RO         6828    .ARM.Collect$$libinit$$00000025  c_w.l(libinit2.o)
    0x080001f0   0x080001f0   0x00000000   Code   RO         6832    .ARM.Collect$$libinit$$0000002C  c_w.l(libinit2.o)
    0x080001f0   0x080001f0   0x00000000   Code   RO         6834    .ARM.Collect$$libinit$$0000002E  c_w.l(libinit2.o)
    0x080001f0   0x080001f0   0x00000000   Code   RO         6836    .ARM.Collect$$libinit$$00000030  c_w.l(libinit2.o)
    0x080001f0   0x080001f0   0x00000000   Code   RO         6838    .ARM.Collect$$libinit$$00000032  c_w.l(libinit2.o)
    0x080001f0   0x080001f0   0x00000002   Code   RO         6839    .ARM.Collect$$libinit$$00000033  c_w.l(libinit2.o)
    0x080001f2   0x080001f2   0x00000002   Code   RO         6857    .ARM.Collect$$libshutdown$$00000000  c_w.l(libshutdown.o)
    0x080001f4   0x080001f4   0x00000000   Code   RO         6867    .ARM.Collect$$libshutdown$$00000002  c_w.l(libshutdown2.o)
    0x080001f4   0x080001f4   0x00000000   Code   RO         6869    .ARM.Collect$$libshutdown$$00000004  c_w.l(libshutdown2.o)
    0x080001f4   0x080001f4   0x00000000   Code   RO         6872    .ARM.Collect$$libshutdown$$00000007  c_w.l(libshutdown2.o)
    0x080001f4   0x080001f4   0x00000000   Code   RO         6875    .ARM.Collect$$libshutdown$$0000000A  c_w.l(libshutdown2.o)
    0x080001f4   0x080001f4   0x00000000   Code   RO         6877    .ARM.Collect$$libshutdown$$0000000C  c_w.l(libshutdown2.o)
    0x080001f4   0x080001f4   0x00000000   Code   RO         6880    .ARM.Collect$$libshutdown$$0000000F  c_w.l(libshutdown2.o)
    0x080001f4   0x080001f4   0x00000002   Code   RO         6881    .ARM.Collect$$libshutdown$$00000010  c_w.l(libshutdown2.o)
    0x080001f6   0x080001f6   0x00000000   Code   RO         6744    .ARM.Collect$$rtentry$$00000000  c_w.l(__rtentry.o)
    0x080001f6   0x080001f6   0x00000000   Code   RO         6758    .ARM.Collect$$rtentry$$00000002  c_w.l(__rtentry2.o)
    0x080001f6   0x080001f6   0x00000006   Code   RO         6770    .ARM.Collect$$rtentry$$00000004  c_w.l(__rtentry4.o)
    0x080001fc   0x080001fc   0x00000000   Code   RO         6760    .ARM.Collect$$rtentry$$00000009  c_w.l(__rtentry2.o)
    0x080001fc   0x080001fc   0x00000004   Code   RO         6761    .ARM.Collect$$rtentry$$0000000A  c_w.l(__rtentry2.o)
    0x08000200   0x08000200   0x00000000   Code   RO         6763    .ARM.Collect$$rtentry$$0000000C  c_w.l(__rtentry2.o)
    0x08000200   0x08000200   0x00000008   Code   RO         6764    .ARM.Collect$$rtentry$$0000000D  c_w.l(__rtentry2.o)
    0x08000208   0x08000208   0x00000002   Code   RO         6793    .ARM.Collect$$rtexit$$00000000  c_w.l(rtexit.o)
    0x0800020a   0x0800020a   0x00000000   Code   RO         6841    .ARM.Collect$$rtexit$$00000002  c_w.l(rtexit2.o)
    0x0800020a   0x0800020a   0x00000004   Code   RO         6842    .ARM.Collect$$rtexit$$00000003  c_w.l(rtexit2.o)
    0x0800020e   0x0800020e   0x00000006   Code   RO         6843    .ARM.Collect$$rtexit$$00000004  c_w.l(rtexit2.o)
    0x08000214   0x08000214   0x00000040   Code   RO          759    .text               startup_stm32f10x_hd.o
    0x08000254   0x08000254   0x00000002   Code   RO         6661    .text               c_w.l(use_no_semi_2.o)
    0x08000256   0x08000256   0x00000002   PAD
    0x08000258   0x08000258   0x00000018   Code   RO         6665    .text               c_w.l(noretval__2printf.o)
    0x08000270   0x08000270   0x00000068   Code   RO         6667    .text               c_w.l(__printf.o)
    0x080002d8   0x080002d8   0x00000058   Code   RO         6672    .text               c_w.l(_printf_hex_int.o)
    0x08000330   0x08000330   0x00000024   Code   RO         6712    .text               c_w.l(strstr.o)
    0x08000354   0x08000354   0x0000003e   Code   RO         6714    .text               c_w.l(strlen.o)
    0x08000392   0x08000392   0x0000008a   Code   RO         6716    .text               c_w.l(rt_memcpy_v6.o)
    0x0800041c   0x0800041c   0x00000044   Code   RO         6718    .text               c_w.l(rt_memclr.o)
    0x08000460   0x08000460   0x0000004e   Code   RO         6720    .text               c_w.l(rt_memclr_w.o)
    0x080004ae   0x080004ae   0x00000006   Code   RO         6722    .text               c_w.l(heapauxi.o)
    0x080004b4   0x080004b4   0x00000002   Code   RO         6742    .text               c_w.l(use_no_semi.o)
    0x080004b6   0x080004b6   0x000000b2   Code   RO         6745    .text               c_w.l(_printf_intcommon.o)
    0x08000568   0x08000568   0x00000024   Code   RO         6747    .text               c_w.l(_printf_char_file.o)
    0x0800058c   0x0800058c   0x00000064   Code   RO         6750    .text               c_w.l(rt_memcpy_w.o)
    0x080005f0   0x080005f0   0x00000030   Code   RO         6772    .text               c_w.l(_printf_char_common.o)
    0x08000620   0x08000620   0x00000008   Code   RO         6774    .text               c_w.l(ferror.o)
    0x08000628   0x08000628   0x0000004a   Code   RO         6778    .text               c_w.l(sys_stackheap_outer.o)
    0x08000672   0x08000672   0x00000012   Code   RO         6782    .text               c_w.l(exit.o)
    0x08000684   0x08000684   0x00000008   Code   RO         6790    .text               c_w.l(libspace.o)
    0x0800068c   0x0800068c   0x00000040   Code   RO         3286    i.Bot_Abort         usb_bot.o
    0x080006cc   0x080006cc   0x0000000c   Code   RO         4000    i.ByteSwap          usb_regs.o
    0x080006d8   0x080006d8   0x000002c4   Code   RO         3287    i.CBW_Decode        usb_bot.o
    0x0800099c   0x0800099c   0x000000c8   Code   RO         3928    i.CTR_HP            usb_int.o
    0x08000a64   0x08000a64   0x00000288   Code   RO         3929    i.CTR_LP            usb_int.o
    0x08000cec   0x08000cec   0x0000001a   Code   RO         2632    i.Char2toByte       hex2bin.o
    0x08000d06   0x08000d06   0x00000026   Code   RO         2633    i.ChartoByte        hex2bin.o
    0x08000d2c   0x08000d2c   0x00000034   Code   RO         4001    i.ClearDTOG_RX      usb_regs.o
    0x08000d60   0x08000d60   0x00000034   Code   RO         4002    i.ClearDTOG_TX      usb_regs.o
    0x08000d94   0x08000d94   0x00000030   Code   RO         4824    i.ClearTrace        swo.o
    0x08000dc4   0x08000dc4   0x00000028   Code   RO         4007    i.Clear_Status_Out  usb_regs.o
    0x08000dec   0x08000dec   0x00000044   Code   RO         4408    i.DAP_Connect       dap.o
    0x08000e30   0x08000e30   0x00000048   Code   RO         4409    i.DAP_Delay         dap.o
    0x08000e78   0x08000e78   0x0000001c   Code   RO         4410    i.DAP_Disconnect    dap.o
    0x08000e94   0x08000e94   0x00000038   Code   RO         4411    i.DAP_Dummy_Transfer  dap.o
    0x08000ecc   0x08000ecc   0x0000004c   Code   RO         4413    i.DAP_HostStatus    dap.o
    0x08000f18   0x08000f18   0x0000007c   Code   RO         4414    i.DAP_Info          dap.o
    0x08000f94   0x08000f94   0x00000058   Code   RO         4415    i.DAP_JTAG_Configure  dap.o
    0x08000fec   0x08000fec   0x00000058   Code   RO         4416    i.DAP_JTAG_IDCode   dap.o
    0x08001044   0x08001044   0x0000005a   Code   RO         4417    i.DAP_JTAG_Sequence  dap.o
    0x0800109e   0x0800109e   0x00000002   PAD
    0x080010a0   0x080010a0   0x000003b0   Code   RO         4418    i.DAP_JTAG_Transfer  dap.o
    0x08001450   0x08001450   0x000001a0   Code   RO         4419    i.DAP_JTAG_TransferBlock  dap.o
    0x080015f0   0x080015f0   0x0000004c   Code   RO         4420    i.DAP_JTAG_WriteAbort  dap.o
    0x0800163c   0x0800163c   0x00000176   Code   RO         4421    i.DAP_ProcessCommand  dap.o
    0x080017b2   0x080017b2   0x00000080   Code   RO         4690    i.DAP_ProcessVendorCommand  dap_vendor.o
    0x08001832   0x08001832   0x00000010   Code   RO         4423    i.DAP_ResetTarget   dap.o
    0x08001842   0x08001842   0x00000002   PAD
    0x08001844   0x08001844   0x00000028   Code   RO         4424    i.DAP_SWD_Configure  dap.o
    0x0800186c   0x0800186c   0x000003a0   Code   RO         4425    i.DAP_SWD_Transfer  dap.o
    0x08001c0c   0x08001c0c   0x00000178   Code   RO         4426    i.DAP_SWD_TransferBlock  dap.o
    0x08001d84   0x08001d84   0x0000002c   Code   RO         4427    i.DAP_SWD_WriteAbort  dap.o
    0x08001db0   0x08001db0   0x00000078   Code   RO         4428    i.DAP_SWJ_Clock     dap.o
    0x08001e28   0x08001e28   0x00000200   Code   RO         4429    i.DAP_SWJ_Pins      dap.o
    0x08002028   0x08002028   0x00000028   Code   RO         4430    i.DAP_SWJ_Sequence  dap.o
    0x08002050   0x08002050   0x00000050   Code   RO         4431    i.DAP_Setup         dap.o
    0x080020a0   0x080020a0   0x00000044   Code   RO         4432    i.DAP_Transfer      dap.o
    0x080020e4   0x080020e4   0x00000064   Code   RO         4433    i.DAP_TransferBlock  dap.o
    0x08002148   0x08002148   0x00000030   Code   RO         4434    i.DAP_TransferConfigure  dap.o
    0x08002178   0x08002178   0x00000040   Code   RO         4435    i.DAP_WriteAbort    dap.o
    0x080021b8   0x080021b8   0x00000002   Code   RO         5481    i.DMA1_Channel1_Event  dma_stm32f10x.o
    0x080021ba   0x080021ba   0x00000002   PAD
    0x080021bc   0x080021bc   0x0000001c   Code   RO         5482    i.DMA1_Channel1_IRQHandler  dma_stm32f10x.o
    0x080021d8   0x080021d8   0x00000002   Code   RO         5483    i.DMA1_Channel2_Event  dma_stm32f10x.o
    0x080021da   0x080021da   0x00000002   PAD
    0x080021dc   0x080021dc   0x0000001c   Code   RO         5484    i.DMA1_Channel2_IRQHandler  dma_stm32f10x.o
    0x080021f8   0x080021f8   0x00000002   Code   RO         5485    i.DMA1_Channel3_Event  dma_stm32f10x.o
    0x080021fa   0x080021fa   0x00000002   PAD
    0x080021fc   0x080021fc   0x0000001c   Code   RO         5486    i.DMA1_Channel3_IRQHandler  dma_stm32f10x.o
    0x08002218   0x08002218   0x00000002   Code   RO         5487    i.DMA1_Channel4_Event  dma_stm32f10x.o
    0x0800221a   0x0800221a   0x00000002   PAD
    0x0800221c   0x0800221c   0x0000001c   Code   RO         5488    i.DMA1_Channel4_IRQHandler  dma_stm32f10x.o
    0x08002238   0x08002238   0x00000002   Code   RO         5489    i.DMA1_Channel5_Event  dma_stm32f10x.o
    0x0800223a   0x0800223a   0x00000002   PAD
    0x0800223c   0x0800223c   0x0000001c   Code   RO         5490    i.DMA1_Channel5_IRQHandler  dma_stm32f10x.o
    0x08002258   0x08002258   0x00000010   Code   RO         5739    i.DMA1_Channel6_Event  usart_stm32f10x.o
    0x08002268   0x08002268   0x0000001c   Code   RO         5492    i.DMA1_Channel6_IRQHandler  dma_stm32f10x.o
    0x08002284   0x08002284   0x00000010   Code   RO         5740    i.DMA1_Channel7_Event  usart_stm32f10x.o
    0x08002294   0x08002294   0x0000001c   Code   RO         5494    i.DMA1_Channel7_IRQHandler  dma_stm32f10x.o
    0x080022b0   0x080022b0   0x00000002   Code   RO         5495    i.DMA2_Channel1_Event  dma_stm32f10x.o
    0x080022b2   0x080022b2   0x00000002   PAD
    0x080022b4   0x080022b4   0x0000001c   Code   RO         5496    i.DMA2_Channel1_IRQHandler  dma_stm32f10x.o
    0x080022d0   0x080022d0   0x00000002   Code   RO         5497    i.DMA2_Channel2_Event  dma_stm32f10x.o
    0x080022d2   0x080022d2   0x00000002   PAD
    0x080022d4   0x080022d4   0x00000020   Code   RO         5498    i.DMA2_Channel2_IRQHandler  dma_stm32f10x.o
    0x080022f4   0x080022f4   0x00000002   Code   RO         5499    i.DMA2_Channel3_Event  dma_stm32f10x.o
    0x080022f6   0x080022f6   0x00000002   PAD
    0x080022f8   0x080022f8   0x00000020   Code   RO         5500    i.DMA2_Channel3_IRQHandler  dma_stm32f10x.o
    0x08002318   0x08002318   0x00000038   Code   RO         5501    i.DMA2_Channel4_5_IRQHandler  dma_stm32f10x.o
    0x08002350   0x08002350   0x00000002   Code   RO         5502    i.DMA2_Channel4_Event  dma_stm32f10x.o
    0x08002352   0x08002352   0x00000002   Code   RO         5504    i.DMA2_Channel5_Event  dma_stm32f10x.o
    0x08002354   0x08002354   0x000001d0   Code   RO         5505    i.DMA_ChannelInitialize  dma_stm32f10x.o
    0x08002524   0x08002524   0x00000164   Code   RO         5506    i.DMA_ChannelUninitialize  dma_stm32f10x.o
    0x08002688   0x08002688   0x0000001c   Code   RO         1754    i.DMA_ClearFlag     stm32f10x_dma.o
    0x080026a4   0x080026a4   0x00000018   Code   RO         1756    i.DMA_Cmd           stm32f10x_dma.o
    0x080026bc   0x080026bc   0x0000014c   Code   RO         1757    i.DMA_DeInit        stm32f10x_dma.o
    0x08002808   0x08002808   0x00000008   Code   RO         1758    i.DMA_GetCurrDataCounter  stm32f10x_dma.o
    0x08002810   0x08002810   0x00000012   Code   RO         1761    i.DMA_ITConfig      stm32f10x_dma.o
    0x08002822   0x08002822   0x0000003c   Code   RO         1762    i.DMA_Init          stm32f10x_dma.o
    0x0800285e   0x0800285e   0x00000004   Code   RO         1763    i.DMA_SetCurrDataCounter  stm32f10x_dma.o
    0x08002862   0x08002862   0x00000002   PAD
    0x08002864   0x08002864   0x000000c0   Code   RO         3762    i.DataStageIn       usb_core.o
    0x08002924   0x08002924   0x000000bc   Code   RO         3763    i.DataStageOut      usb_core.o
    0x080029e0   0x080029e0   0x00000298   Code   RO         3764    i.Data_Setup0       usb_core.o
    0x08002c78   0x08002c78   0x0000002c   Code   RO         4436    i.Delayms           dap.o
    0x08002ca4   0x08002ca4   0x00000008   Code   RO          275    i.Do_DAPUSB         cmsis-dap.o
    0x08002cac   0x08002cac   0x0000003c   Code   RO            4    i.Draw_Logo         main.o
    0x08002ce8   0x08002ce8   0x00000e9c   Code   RO            5    i.Draw_Main         main.o
    0x08003b84   0x08003b84   0x000001f8   Code   RO            6    i.Draw_Menu         main.o
    0x08003d7c   0x08003d7c   0x00000008   Code   RO         3370    i.EP1_IN_Callback   usb_endp.o
    0x08003d84   0x08003d84   0x00000008   Code   RO         3371    i.EP2_OUT_Callback  usb_endp.o
    0x08003d8c   0x08003d8c   0x0000000c   Code   RO         3372    i.EP4_IN_Callback   usb_endp.o
    0x08003d98   0x08003d98   0x00000058   Code   RO         3373    i.EP6_OUT_Callback  usb_endp.o
    0x08003df0   0x08003df0   0x00000040   Code   RO         5125    i.EP_Reset          usbd_stm32f103.o
    0x08003e30   0x08003e30   0x0000004c   Code   RO         5126    i.EP_Status         usbd_stm32f103.o
    0x08003e7c   0x08003e7c   0x0000000c   Code   RO         1689    i.EXTI_ClearITPendingBit  stm32f10x_exti.o
    0x08003e88   0x08003e88   0x00000094   Code   RO         1694    i.EXTI_Init         stm32f10x_exti.o
    0x08003f1c   0x08003f1c   0x0000004c   Code   RO         1843    i.FLASH_ErasePage   stm32f10x_flash.o
    0x08003f68   0x08003f68   0x00000034   Code   RO         1844    i.FLASH_GetBank1Status  stm32f10x_flash.o
    0x08003f9c   0x08003f9c   0x00000014   Code   RO         1853    i.FLASH_Lock        stm32f10x_flash.o
    0x08003fb0   0x08003fb0   0x00000040   Code   RO         1856    i.FLASH_ProgramHalfWord  stm32f10x_flash.o
    0x08003ff0   0x08003ff0   0x00000404   Code   RO            7    i.FLASH_SWD         main.o
    0x080043f4   0x080043f4   0x00000018   Code   RO         1861    i.FLASH_Unlock      stm32f10x_flash.o
    0x0800440c   0x0800440c   0x00000026   Code   RO         1865    i.FLASH_WaitForLastOperation  stm32f10x_flash.o
    0x08004432   0x08004432   0x00000002   PAD
    0x08004434   0x08004434   0x0000009c   Code   RO         5694    i.GPIO_AFConfigure  gpio_stm32f10x.o
    0x080044d0   0x080044d0   0x00000098   Code   RO         5695    i.GPIO_GetPortClockState  gpio_stm32f10x.o
    0x08004568   0x08004568   0x00000116   Code   RO          876    i.GPIO_Init         stm32f10x_gpio.o
    0x0800467e   0x0800467e   0x00000078   Code   RO         5696    i.GPIO_PinConfigure  gpio_stm32f10x.o
    0x080046f6   0x080046f6   0x00000002   PAD
    0x080046f8   0x080046f8   0x00000090   Code   RO          878    i.GPIO_PinRemapConfig  stm32f10x_gpio.o
    0x08004788   0x08004788   0x0000013c   Code   RO         5697    i.GPIO_PortClock    gpio_stm32f10x.o
    0x080048c4   0x080048c4   0x00000004   Code   RO          883    i.GPIO_ResetBits    stm32f10x_gpio.o
    0x080048c8   0x080048c8   0x00000004   Code   RO          884    i.GPIO_SetBits      stm32f10x_gpio.o
    0x080048cc   0x080048cc   0x00000020   Code   RO         4019    i.GetEPRxAddr       usb_regs.o
    0x080048ec   0x080048ec   0x00000024   Code   RO         4020    i.GetEPRxCount      usb_regs.o
    0x08004910   0x08004910   0x00000020   Code   RO         4022    i.GetEPTxAddr       usb_regs.o
    0x08004930   0x08004930   0x00000048   Code   RO         4825    i.GetTraceCount     swo.o
    0x08004978   0x08004978   0x0000002c   Code   RO         4826    i.GetTraceSpace     swo.o
    0x080049a4   0x080049a4   0x00000030   Code   RO         4827    i.GetTraceStatus    swo.o
    0x080049d4   0x080049d4   0x00000048   Code   RO         3077    i.Get_SerialNum     hw_config.o
    0x08004a1c   0x08004a1c   0x000001b0   Code   RO         5311    i.HID_ProcessCommand  usbd_user_hid.o
    0x08004bcc   0x08004bcc   0x00000088   Code   RO          276    i.HardFault_Handler  cmsis-dap.o
    0x08004c54   0x08004c54   0x00000158   Code   RO         2634    i.HexFormatUncode   hex2bin.o
    0x08004dac   0x08004dac   0x00000070   Code   RO         3765    i.In0_Process       usb_core.o
    0x08004e1c   0x08004e1c   0x0000003c   Code   RO          277    i.Init_DAPUSB       cmsis-dap.o
    0x08004e58   0x08004e58   0x00000088   Code   RO            8    i.Init_device       main.o
    0x08004ee0   0x08004ee0   0x00000038   Code   RO         5993    i.JTAG2SWD          swd_host.o
    0x08004f18   0x08004f18   0x00000020   Code   RO         4718    i.JTAG_IR           jtag_dp.o
    0x08004f38   0x08004f38   0x00000144   Code   RO         4719    i.JTAG_IR_Fast      jtag_dp.o
    0x0800507c   0x0800507c   0x00000290   Code   RO         4720    i.JTAG_IR_Slow      jtag_dp.o
    0x0800530c   0x0800530c   0x000001a8   Code   RO         4721    i.JTAG_ReadIDCode   jtag_dp.o
    0x080054b4   0x080054b4   0x000000a0   Code   RO         4722    i.JTAG_Sequence     jtag_dp.o
    0x08005554   0x08005554   0x00000024   Code   RO         4723    i.JTAG_Transfer     jtag_dp.o
    0x08005578   0x08005578   0x00000278   Code   RO         4724    i.JTAG_TransferFast  jtag_dp.o
    0x080057f0   0x080057f0   0x000004c8   Code   RO         4725    i.JTAG_TransferSlow  jtag_dp.o
    0x08005cb8   0x08005cb8   0x000002d4   Code   RO         4726    i.JTAG_WriteAbort   jtag_dp.o
    0x08005f8c   0x08005f8c   0x0000004c   Code   RO         2608    i.Key_Init          key.o
    0x08005fd8   0x08005fd8   0x00000050   Code   RO          278    i.LEDS_SETUP        cmsis-dap.o
    0x08006028   0x08006028   0x00000034   Code   RO         2584    i.LED_Init          led.o
    0x0800605c   0x0800605c   0x00000010   Code   RO          279    i.LedConnectedOff   cmsis-dap.o
    0x0800606c   0x0800606c   0x00000010   Code   RO          280    i.LedConnectedOn    cmsis-dap.o
    0x0800607c   0x0800607c   0x0000002c   Code   RO          281    i.LedConnectedOut   cmsis-dap.o
    0x080060a8   0x080060a8   0x00000010   Code   RO          283    i.LedRunningOff     cmsis-dap.o
    0x080060b8   0x080060b8   0x00000010   Code   RO          284    i.LedRunningOn      cmsis-dap.o
    0x080060c8   0x080060c8   0x0000004c   Code   RO          285    i.LedRunningOut     cmsis-dap.o
    0x08006114   0x08006114   0x0000000a   Code   RO         3080    i.MAL_Config        hw_config.o
    0x0800611e   0x0800611e   0x00000016   Code   RO         3172    i.MAL_GetStatus     mass_mal.o
    0x08006134   0x08006134   0x00000044   Code   RO         3173    i.MAL_Init          mass_mal.o
    0x08006178   0x08006178   0x00000026   Code   RO         3174    i.MAL_Read          mass_mal.o
    0x0800619e   0x0800619e   0x0000002e   Code   RO         3175    i.MAL_Write         mass_mal.o
    0x080061cc   0x080061cc   0x00000064   Code   RO         3453    i.MASS_Data_Setup   usb_prop.o
    0x08006230   0x08006230   0x00000014   Code   RO         3454    i.MASS_GetConfigDescriptor  usb_prop.o
    0x08006244   0x08006244   0x00000014   Code   RO         3455    i.MASS_GetDeviceDescriptor  usb_prop.o
    0x08006258   0x08006258   0x00000028   Code   RO         3456    i.MASS_GetStringDescriptor  usb_prop.o
    0x08006280   0x08006280   0x00000016   Code   RO         3457    i.MASS_Get_Interface_Setting  usb_prop.o
    0x08006296   0x08006296   0x00000002   PAD
    0x08006298   0x08006298   0x00000028   Code   RO         3458    i.MASS_NoData_Setup  usb_prop.o
    0x080062c0   0x080062c0   0x00000160   Code   RO         3459    i.MASS_Reset        usb_prop.o
    0x08006420   0x08006420   0x00000030   Code   RO         3460    i.MASS_Status_In    usb_prop.o
    0x08006450   0x08006450   0x00000002   Code   RO         3461    i.MASS_Status_Out   usb_prop.o
    0x08006452   0x08006452   0x00000002   PAD
    0x08006454   0x08006454   0x00000028   Code   RO         3462    i.MASS_init         usb_prop.o
    0x0800647c   0x0800647c   0x0000001c   Code   RO         3463    i.Mass_Storage_ClearFeature  usb_prop.o
    0x08006498   0x08006498   0x00000074   Code   RO         3288    i.Mass_Storage_In   usb_bot.o
    0x0800650c   0x0800650c   0x00000090   Code   RO         3289    i.Mass_Storage_Out  usb_bot.o
    0x0800659c   0x0800659c   0x00000030   Code   RO         3464    i.Mass_Storage_SetConfiguration  usb_prop.o
    0x080065cc   0x080065cc   0x0000000c   Code   RO         3465    i.Mass_Storage_SetDeviceAddress  usb_prop.o
    0x080065d8   0x080065d8   0x00000002   Code   RO         3766    i.NOP_Process       usb_core.o
    0x080065da   0x080065da   0x00000002   PAD
    0x080065dc   0x080065dc   0x00000018   Code   RO         5507    i.NVIC_ClearPendingIRQ  dma_stm32f10x.o
    0x080065f4   0x080065f4   0x00000018   Code   RO         5508    i.NVIC_DisableIRQ   dma_stm32f10x.o
    0x0800660c   0x0800660c   0x00000016   Code   RO         5509    i.NVIC_EnableIRQ    dma_stm32f10x.o
    0x08006622   0x08006622   0x00000002   PAD
    0x08006624   0x08006624   0x00000070   Code   RO          822    i.NVIC_Init         misc.o
    0x08006694   0x08006694   0x00000014   Code   RO          823    i.NVIC_PriorityGroupConfig  misc.o
    0x080066a8   0x080066a8   0x00000138   Code   RO         3767    i.NoData_Setup0     usb_core.o
    0x080067e0   0x080067e0   0x00000040   Code   RO         6261    i.OLED_Clear        oled.o
    0x08006820   0x08006820   0x00000076   Code   RO         6264    i.OLED_DrawBMP      oled.o
    0x08006896   0x08006896   0x00000002   PAD
    0x08006898   0x08006898   0x00000140   Code   RO         6265    i.OLED_Init         oled.o
    0x080069d8   0x080069d8   0x0000002e   Code   RO         6266    i.OLED_Set_Pos      oled.o
    0x08006a06   0x08006a06   0x00000002   PAD
    0x08006a08   0x08006a08   0x00000074   Code   RO         6267    i.OLED_ShowChar     oled.o
    0x08006a7c   0x08006a7c   0x00000064   Code   RO         6269    i.OLED_ShowString   oled.o
    0x08006ae0   0x08006ae0   0x00000074   Code   RO         6270    i.OLED_WR_Byte      oled.o
    0x08006b54   0x08006b54   0x00000050   Code   RO         3768    i.Out0_Process      usb_core.o
    0x08006ba4   0x08006ba4   0x0000001c   Code   RO          287    i.PIN_SWCLK_TCK_CLR  cmsis-dap.o
    0x08006bc0   0x08006bc0   0x0000001c   Code   RO         4610    i.PIN_SWCLK_TCK_CLR  sw_dp.o
    0x08006bdc   0x08006bdc   0x0000001c   Code   RO         4727    i.PIN_SWCLK_TCK_CLR  jtag_dp.o
    0x08006bf8   0x08006bf8   0x00000020   Code   RO         4437    i.PIN_SWCLK_TCK_IN  dap.o
    0x08006c18   0x08006c18   0x0000001c   Code   RO          288    i.PIN_SWCLK_TCK_SET  cmsis-dap.o
    0x08006c34   0x08006c34   0x0000001c   Code   RO         4611    i.PIN_SWCLK_TCK_SET  sw_dp.o
    0x08006c50   0x08006c50   0x0000001c   Code   RO         4728    i.PIN_SWCLK_TCK_SET  jtag_dp.o
    0x08006c6c   0x08006c6c   0x00000030   Code   RO          289    i.PIN_SWDIO_IN      cmsis-dap.o
    0x08006c9c   0x08006c9c   0x00000030   Code   RO         4612    i.PIN_SWDIO_IN      sw_dp.o
    0x08006ccc   0x08006ccc   0x00000038   Code   RO          290    i.PIN_SWDIO_OUT     cmsis-dap.o
    0x08006d04   0x08006d04   0x00000038   Code   RO         4613    i.PIN_SWDIO_OUT     sw_dp.o
    0x08006d3c   0x08006d3c   0x0000003c   Code   RO         4614    i.PIN_SWDIO_OUT_DISABLE  sw_dp.o
    0x08006d78   0x08006d78   0x0000003c   Code   RO          291    i.PIN_SWDIO_OUT_ENABLE  cmsis-dap.o
    0x08006db4   0x08006db4   0x0000003c   Code   RO         4615    i.PIN_SWDIO_OUT_ENABLE  sw_dp.o
    0x08006df0   0x08006df0   0x00000028   Code   RO         4729    i.PIN_SWDIO_TMS_CLR  jtag_dp.o
    0x08006e18   0x08006e18   0x00000028   Code   RO         4438    i.PIN_SWDIO_TMS_IN  dap.o
    0x08006e40   0x08006e40   0x00000028   Code   RO         4730    i.PIN_SWDIO_TMS_SET  jtag_dp.o
    0x08006e68   0x08006e68   0x00000010   Code   RO         4439    i.PIN_TDI_IN        dap.o
    0x08006e78   0x08006e78   0x0000001c   Code   RO         4731    i.PIN_TDI_OUT       jtag_dp.o
    0x08006e94   0x08006e94   0x00000010   Code   RO         4732    i.PIN_TDO_IN        jtag_dp.o
    0x08006ea4   0x08006ea4   0x00000028   Code   RO         3970    i.PMAToUserBufferCopy  usb_mem.o
    0x08006ecc   0x08006ecc   0x00000068   Code   RO          292    i.PORT_JTAG_SETUP   cmsis-dap.o
    0x08006f34   0x08006f34   0x00000058   Code   RO          293    i.PORT_OFF          cmsis-dap.o
    0x08006f8c   0x08006f8c   0x00000068   Code   RO          294    i.PORT_SWD_SETUP    cmsis-dap.o
    0x08006ff4   0x08006ff4   0x0000002c   Code   RO          295    i.PORT_USB_CONNECT_SETUP  cmsis-dap.o
    0x08007020   0x08007020   0x00000048   Code   RO         3769    i.Post0_Process     usb_core.o
    0x08007068   0x08007068   0x00000040   Code   RO         3582    i.PowerOn           usb_pwr.o
    0x080070a8   0x080070a8   0x00000020   Code   RO          997    i.RCC_AHBPeriphClockCmd  stm32f10x_rcc.o
    0x080070c8   0x080070c8   0x00000020   Code   RO          998    i.RCC_APB1PeriphClockCmd  stm32f10x_rcc.o
    0x080070e8   0x080070e8   0x00000020   Code   RO         1000    i.RCC_APB2PeriphClockCmd  stm32f10x_rcc.o
    0x08007108   0x08007108   0x000000d4   Code   RO         1008    i.RCC_GetClocksFreq  stm32f10x_rcc.o
    0x080071dc   0x080071dc   0x0000000c   Code   RO         1026    i.RCC_USBCLKConfig  stm32f10x_rcc.o
    0x080071e8   0x080071e8   0x00000390   Code   RO          296    i.RST_Transfer      cmsis-dap.o
    0x08007578   0x08007578   0x00000104   Code   RO         3217    i.Read_Memory       memory.o
    0x0800767c   0x0800767c   0x0000008c   Code   RO         3635    i.SCSI_Address_Management  usb_scsi.o
    0x08007708   0x08007708   0x00000030   Code   RO         3636    i.SCSI_Format_Cmd   usb_scsi.o
    0x08007738   0x08007738   0x00000048   Code   RO         3637    i.SCSI_Inquiry_Cmd  usb_scsi.o
    0x08007780   0x08007780   0x00000044   Code   RO         3638    i.SCSI_Invalid_Cmd  usb_scsi.o
    0x080077c4   0x080077c4   0x00000014   Code   RO         3639    i.SCSI_ModeSense10_Cmd  usb_scsi.o
    0x080077d8   0x080077d8   0x00000014   Code   RO         3640    i.SCSI_ModeSense6_Cmd  usb_scsi.o
    0x080077ec   0x080077ec   0x00000078   Code   RO         3641    i.SCSI_Read10_Cmd   usb_scsi.o
    0x08007864   0x08007864   0x0000009c   Code   RO         3642    i.SCSI_ReadCapacity10_Cmd  usb_scsi.o
    0x08007900   0x08007900   0x00000088   Code   RO         3643    i.SCSI_ReadFormatCapacity_Cmd  usb_scsi.o
    0x08007988   0x08007988   0x00000028   Code   RO         3644    i.SCSI_RequestSense_Cmd  usb_scsi.o
    0x080079b0   0x080079b0   0x0000000e   Code   RO         3645    i.SCSI_Start_Stop_Unit_Cmd  usb_scsi.o
    0x080079be   0x080079be   0x00000002   PAD
    0x080079c0   0x080079c0   0x00000038   Code   RO         3646    i.SCSI_TestUnitReady_Cmd  usb_scsi.o
    0x080079f8   0x080079f8   0x00000040   Code   RO         3648    i.SCSI_Verify10_Cmd  usb_scsi.o
    0x08007a38   0x08007a38   0x00000078   Code   RO         3649    i.SCSI_Write10_Cmd  usb_scsi.o
    0x08007ab0   0x08007ab0   0x00000094   Code   RO          720    i.SPI2_Init         spi.o
    0x08007b44   0x08007b44   0x00000054   Code   RO          721    i.SPI2_ReadWriteByte  spi.o
    0x08007b98   0x08007b98   0x00000028   Code   RO          722    i.SPI2_SetSpeed     spi.o
    0x08007bc0   0x08007bc0   0x00000018   Code   RO         1213    i.SPI_Cmd           stm32f10x_spi.o
    0x08007bd8   0x08007bd8   0x00000012   Code   RO         1221    i.SPI_I2S_GetFlagStatus  stm32f10x_spi.o
    0x08007bea   0x08007bea   0x00000006   Code   RO         1224    i.SPI_I2S_ReceiveData  stm32f10x_spi.o
    0x08007bf0   0x08007bf0   0x00000004   Code   RO         1225    i.SPI_I2S_SendData  stm32f10x_spi.o
    0x08007bf4   0x08007bf4   0x0000003c   Code   RO         1226    i.SPI_Init          stm32f10x_spi.o
    0x08007c30   0x08007c30   0x00000024   Code   RO         4616    i.SWD_Transfer      sw_dp.o
    0x08007c54   0x08007c54   0x0000031c   Code   RO         4617    i.SWD_TransferFast  sw_dp.o
    0x08007f70   0x08007f70   0x000007d8   Code   RO         4618    i.SWD_TransferSlow  sw_dp.o
    0x08008748   0x08008748   0x000000ac   Code   RO         4619    i.SWJ_Sequence      sw_dp.o
    0x080087f4   0x080087f4   0x0000005c   Code   RO         4828    i.SWO_Baudrate      swo.o
    0x08008850   0x08008850   0x00000060   Code   RO         4829    i.SWO_Control       swo.o
    0x080088b0   0x080088b0   0x000000d0   Code   RO         4830    i.SWO_Data          swo.o
    0x08008980   0x08008980   0x00000070   Code   RO         4831    i.SWO_Mode          swo.o
    0x080089f0   0x080089f0   0x00000050   Code   RO         4832    i.SWO_Status        swo.o
    0x08008a40   0x08008a40   0x00000048   Code   RO         4833    i.SWO_Transport     swo.o
    0x08008a88   0x08008a88   0x00000080   Code   RO            9    i.Scan_Key          main.o
    0x08008b08   0x08008b08   0x00000010   Code   RO         4030    i.SetBTABLE         usb_regs.o
    0x08008b18   0x08008b18   0x00000050   Code   RO         3770    i.SetDeviceAddress  usb_core.o
    0x08008b68   0x08008b68   0x00000024   Code   RO         4044    i.SetEPRxAddr       usb_regs.o
    0x08008b8c   0x08008b8c   0x0000004c   Code   RO         4045    i.SetEPRxCount      usb_regs.o
    0x08008bd8   0x08008bd8   0x00000040   Code   RO         4046    i.SetEPRxStatus     usb_regs.o
    0x08008c18   0x08008c18   0x00000034   Code   RO         4047    i.SetEPRxValid      usb_regs.o
    0x08008c4c   0x08008c4c   0x00000020   Code   RO         4048    i.SetEPTxAddr       usb_regs.o
    0x08008c6c   0x08008c6c   0x0000001c   Code   RO         4049    i.SetEPTxCount      usb_regs.o
    0x08008c88   0x08008c88   0x00000040   Code   RO         4050    i.SetEPTxStatus     usb_regs.o
    0x08008cc8   0x08008cc8   0x00000034   Code   RO         4051    i.SetEPTxValid      usb_regs.o
    0x08008cfc   0x08008cfc   0x00000024   Code   RO         4052    i.SetEPType         usb_regs.o
    0x08008d20   0x08008d20   0x00000008   Code   RO          766    i.SetSysClock       system_stm32f10x.o
    0x08008d28   0x08008d28   0x000000e0   Code   RO          767    i.SetSysClockTo72   system_stm32f10x.o
    0x08008e08   0x08008e08   0x0000001c   Code   RO         4834    i.SetTraceError     swo.o
    0x08008e24   0x08008e24   0x0000003c   Code   RO         3290    i.Set_CSW           usb_bot.o
    0x08008e60   0x08008e60   0x0000000c   Code   RO         3650    i.Set_Scsi_Sense_Data  usb_scsi.o
    0x08008e6c   0x08008e6c   0x0000001c   Code   RO         3081    i.Set_System        hw_config.o
    0x08008e88   0x08008e88   0x00000012   Code   RO         3082    i.Set_USBClock      hw_config.o
    0x08008e9a   0x08008e9a   0x00000002   PAD
    0x08008e9c   0x08008e9c   0x000000b8   Code   RO         3771    i.Setup0_Process    usb_core.o
    0x08008f54   0x08008f54   0x0000016c   Code   RO         3772    i.Standard_ClearFeature  usb_core.o
    0x080090c0   0x080090c0   0x0000002c   Code   RO         3773    i.Standard_GetConfiguration  usb_core.o
    0x080090ec   0x080090ec   0x00000024   Code   RO         3774    i.Standard_GetDescriptorData  usb_core.o
    0x08009110   0x08009110   0x0000002c   Code   RO         3775    i.Standard_GetInterface  usb_core.o
    0x0800913c   0x0800913c   0x00000100   Code   RO         3776    i.Standard_GetStatus  usb_core.o
    0x0800923c   0x0800923c   0x00000048   Code   RO         3777    i.Standard_SetConfiguration  usb_core.o
    0x08009284   0x08009284   0x00000028   Code   RO         3778    i.Standard_SetDeviceFeature  usb_core.o
    0x080092ac   0x080092ac   0x000000d0   Code   RO         3779    i.Standard_SetEndPointFeature  usb_core.o
    0x0800937c   0x0800937c   0x0000006c   Code   RO         3780    i.Standard_SetInterface  usb_core.o
    0x080093e8   0x080093e8   0x00000028   Code   RO          826    i.SysTick_CLKSourceConfig  misc.o
    0x08009410   0x08009410   0x00000074   Code   RO          297    i.SysTick_Handler   cmsis-dap.o
    0x08009484   0x08009484   0x00000060   Code   RO          769    i.SystemInit        system_stm32f10x.o
    0x080094e4   0x080094e4   0x00000038   Code   RO         3291    i.Transfer_Data_Request  usb_bot.o
    0x0800951c   0x0800951c   0x00000064   Code   RO         5403    i.UART_Callback     usbd_user_cdc_acm.o
    0x08009580   0x08009580   0x000000cc   Code   RO         4835    i.UART_SWO_Baudrate  swo.o
    0x0800964c   0x0800964c   0x00000018   Code   RO         4836    i.UART_SWO_Capture  swo.o
    0x08009664   0x08009664   0x00000088   Code   RO         4837    i.UART_SWO_Control  swo.o
    0x080096ec   0x080096ec   0x0000005c   Code   RO         4838    i.UART_SWO_Mode     swo.o
    0x08009748   0x08009748   0x00000018   Code   RO         4839    i.UART_SWO_Update   swo.o
    0x08009760   0x08009760   0x00000058   Code   RO          604    i.USART1_IRQHandler  usart.o
    0x080097b8   0x080097b8   0x00000018   Code   RO         5741    i.USART2_Control    usart_stm32f10x.o
    0x080097d0   0x080097d0   0x00000010   Code   RO         5742    i.USART2_GetCapabilities  usart_stm32f10x.o
    0x080097e0   0x080097e0   0x00000010   Code   RO         5743    i.USART2_GetModemStatus  usart_stm32f10x.o
    0x080097f0   0x080097f0   0x00000010   Code   RO         5744    i.USART2_GetRxCount  usart_stm32f10x.o
    0x08009800   0x08009800   0x00000010   Code   RO         5745    i.USART2_GetStatus  usart_stm32f10x.o
    0x08009810   0x08009810   0x00000010   Code   RO         5746    i.USART2_GetTxCount  usart_stm32f10x.o
    0x08009820   0x08009820   0x00000010   Code   RO         5747    i.USART2_IRQHandler  usart_stm32f10x.o
    0x08009830   0x08009830   0x00000014   Code   RO         5748    i.USART2_Initialize  usart_stm32f10x.o
    0x08009844   0x08009844   0x00000014   Code   RO         5749    i.USART2_PowerControl  usart_stm32f10x.o
    0x08009858   0x08009858   0x00000018   Code   RO         5750    i.USART2_Receive    usart_stm32f10x.o
    0x08009870   0x08009870   0x00000018   Code   RO         5751    i.USART2_Send       usart_stm32f10x.o
    0x08009888   0x08009888   0x00000014   Code   RO         5752    i.USART2_SetModemControl  usart_stm32f10x.o
    0x0800989c   0x0800989c   0x0000001c   Code   RO         5753    i.USART2_Transfer   usart_stm32f10x.o
    0x080098b8   0x080098b8   0x00000010   Code   RO         5754    i.USART2_Uninitialize  usart_stm32f10x.o
    0x080098c8   0x080098c8   0x00000074   Code   RO         4840    i.USART_Callback    swo.o
    0x0800993c   0x0800993c   0x0000001e   Code   RO         1365    i.USART_ClearITPendingBit  stm32f10x_usart.o
    0x0800995a   0x0800995a   0x00000018   Code   RO         1368    i.USART_Cmd         stm32f10x_usart.o
    0x08009972   0x08009972   0x00000002   PAD
    0x08009974   0x08009974   0x00000822   Code   RO         5755    i.USART_Control     usart_stm32f10x.o
    0x0800a196   0x0800a196   0x00000012   Code   RO         1369    i.USART_DMACmd      stm32f10x_usart.o
    0x0800a1a8   0x0800a1a8   0x00000006   Code   RO         5756    i.USART_GetCapabilities  usart_stm32f10x.o
    0x0800a1ae   0x0800a1ae   0x00000054   Code   RO         1372    i.USART_GetITStatus  stm32f10x_usart.o
    0x0800a202   0x0800a202   0x00000090   Code   RO         5757    i.USART_GetModemStatus  usart_stm32f10x.o
    0x0800a292   0x0800a292   0x0000001a   Code   RO         5758    i.USART_GetRxCount  usart_stm32f10x.o
    0x0800a2ac   0x0800a2ac   0x000000d4   Code   RO         5759    i.USART_GetStatus   usart_stm32f10x.o
    0x0800a380   0x0800a380   0x0000001a   Code   RO         5760    i.USART_GetTxCount  usart_stm32f10x.o
    0x0800a39a   0x0800a39a   0x00000270   Code   RO         5761    i.USART_IRQHandler  usart_stm32f10x.o
    0x0800a60a   0x0800a60a   0x0000004a   Code   RO         1374    i.USART_ITConfig    stm32f10x_usart.o
    0x0800a654   0x0800a654   0x000000d8   Code   RO         1375    i.USART_Init        stm32f10x_usart.o
    0x0800a72c   0x0800a72c   0x000000a2   Code   RO         5762    i.USART_Initialize  usart_stm32f10x.o
    0x0800a7ce   0x0800a7ce   0x00000002   PAD
    0x0800a7d0   0x0800a7d0   0x000000d8   Code   RO         5763    i.USART_PeripheralReset  usart_stm32f10x.o
    0x0800a8a8   0x0800a8a8   0x00000234   Code   RO         5764    i.USART_PowerControl  usart_stm32f10x.o
    0x0800aadc   0x0800aadc   0x00000082   Code   RO         5765    i.USART_RX_DMA_Complete  usart_stm32f10x.o
    0x0800ab5e   0x0800ab5e   0x00000122   Code   RO         5766    i.USART_Receive     usart_stm32f10x.o
    0x0800ac80   0x0800ac80   0x0000000a   Code   RO         1382    i.USART_ReceiveData  stm32f10x_usart.o
    0x0800ac8a   0x0800ac8a   0x000000f6   Code   RO         5767    i.USART_Send        usart_stm32f10x.o
    0x0800ad80   0x0800ad80   0x0000009c   Code   RO         5768    i.USART_SetModemControl  usart_stm32f10x.o
    0x0800ae1c   0x0800ae1c   0x0000004a   Code   RO         5769    i.USART_TX_DMA_Complete  usart_stm32f10x.o
    0x0800ae66   0x0800ae66   0x0000006a   Code   RO         5770    i.USART_Transfer    usart_stm32f10x.o
    0x0800aed0   0x0800aed0   0x0000006c   Code   RO         5771    i.USART_Uninitialize  usart_stm32f10x.o
    0x0800af3c   0x0800af3c   0x00000010   Code   RO         5772    i.USARTx_GetVersion  usart_stm32f10x.o
    0x0800af4c   0x0800af4c   0x00000004   Code   RO         6508    i.USBD_CDC_ACM_ClearCommFeature  USB_CM3.lib(usbd_cdc_acm.o)
    0x0800af50   0x0800af50   0x00000034   Code   RO         6510    i.USBD_CDC_ACM_DataRead  USB_CM3.lib(usbd_cdc_acm.o)
    0x0800af84   0x0800af84   0x00000038   Code   RO         5404    i.USBD_CDC_ACM_DataReceived  usbd_user_cdc_acm.o
    0x0800afbc   0x0800afbc   0x0000001c   Code   RO         6513    i.USBD_CDC_ACM_EP_BULKIN_Event  USB_CM3.lib(usbd_cdc_acm.o)
    0x0800afd8   0x0800afd8   0x000000a8   Code   RO         6514    i.USBD_CDC_ACM_EP_BULKIN_HandleData  USB_CM3.lib(usbd_cdc_acm.o)
    0x0800b080   0x0800b080   0x00000034   Code   RO         6515    i.USBD_CDC_ACM_EP_BULKOUT_Event  USB_CM3.lib(usbd_cdc_acm.o)
    0x0800b0b4   0x0800b0b4   0x00000068   Code   RO         6516    i.USBD_CDC_ACM_EP_BULKOUT_HandleData  USB_CM3.lib(usbd_cdc_acm.o)
    0x0800b11c   0x0800b11c   0x0000001e   Code   RO         6517    i.USBD_CDC_ACM_EP_BULK_Event  USB_CM3.lib(usbd_cdc_acm.o)
    0x0800b13a   0x0800b13a   0x00000002   Code   RO         6518    i.USBD_CDC_ACM_EP_INTIN_Event  USB_CM3.lib(usbd_cdc_acm.o)
    0x0800b13c   0x0800b13c   0x00000004   Code   RO         6520    i.USBD_CDC_ACM_GetCommFeature  USB_CM3.lib(usbd_cdc_acm.o)
    0x0800b140   0x0800b140   0x00000004   Code   RO         6521    i.USBD_CDC_ACM_GetEncapsulatedResponse  USB_CM3.lib(usbd_cdc_acm.o)
    0x0800b144   0x0800b144   0x00000038   Code   RO         6522    i.USBD_CDC_ACM_GetLineCoding  USB_CM3.lib(usbd_cdc_acm.o)
    0x0800b17c   0x0800b17c   0x00000008   Code   RO         6523    i.USBD_CDC_ACM_Initialize  USB_CM3.lib(usbd_cdc_acm.o)
    0x0800b184   0x0800b184   0x00000018   Code   RO         5405    i.USBD_CDC_ACM_PortGetLineCoding  usbd_user_cdc_acm.o
    0x0800b19c   0x0800b19c   0x00000020   Code   RO         5406    i.USBD_CDC_ACM_PortInitialize  usbd_user_cdc_acm.o
    0x0800b1bc   0x0800b1bc   0x00000020   Code   RO         5407    i.USBD_CDC_ACM_PortReset  usbd_user_cdc_acm.o
    0x0800b1dc   0x0800b1dc   0x00000006   Code   RO         5408    i.USBD_CDC_ACM_PortSetControlLineState  usbd_user_cdc_acm.o
    0x0800b1e2   0x0800b1e2   0x00000002   PAD
    0x0800b1e4   0x0800b1e4   0x00000118   Code   RO         5409    i.USBD_CDC_ACM_PortSetLineCoding  usbd_user_cdc_acm.o
    0x0800b2fc   0x0800b2fc   0x00000050   Code   RO         6532    i.USBD_CDC_ACM_Reset  USB_CM3.lib(usbd_cdc_acm.o)
    0x0800b34c   0x0800b34c   0x00000008   Code   RO         6533    i.USBD_CDC_ACM_Reset_Event  USB_CM3.lib(usbd_cdc_acm.o)
    0x0800b354   0x0800b354   0x00000068   Code   RO         6534    i.USBD_CDC_ACM_SOF_Event  USB_CM3.lib(usbd_cdc_acm.o)
    0x0800b3bc   0x0800b3bc   0x00000004   Code   RO         6535    i.USBD_CDC_ACM_SendBreak  USB_CM3.lib(usbd_cdc_acm.o)
    0x0800b3c0   0x0800b3c0   0x00000004   Code   RO         6536    i.USBD_CDC_ACM_SendEncapsulatedCommand  USB_CM3.lib(usbd_cdc_acm.o)
    0x0800b3c4   0x0800b3c4   0x00000004   Code   RO         6537    i.USBD_CDC_ACM_SetCommFeature  USB_CM3.lib(usbd_cdc_acm.o)
    0x0800b3c8   0x0800b3c8   0x00000010   Code   RO         6538    i.USBD_CDC_ACM_SetControlLineState  USB_CM3.lib(usbd_cdc_acm.o)
    0x0800b3d8   0x0800b3d8   0x0000002c   Code   RO         6539    i.USBD_CDC_ACM_SetLineCoding  USB_CM3.lib(usbd_cdc_acm.o)
    0x0800b404   0x0800b404   0x00000016   Code   RO         5128    i.USBD_ClrStallEP   usbd_stm32f103.o
    0x0800b41a   0x0800b41a   0x00000002   PAD
    0x0800b41c   0x0800b41c   0x000000c8   Code   RO         5129    i.USBD_ConfigEP     usbd_stm32f103.o
    0x0800b4e4   0x0800b4e4   0x00000018   Code   RO         5130    i.USBD_Configure    usbd_stm32f103.o
    0x0800b4fc   0x0800b4fc   0x00000004   Code   RO         4948    i.USBD_Configure_Event  usb_config.o
    0x0800b500   0x0800b500   0x00000038   Code   RO         5131    i.USBD_Connect      usbd_stm32f103.o
    0x0800b538   0x0800b538   0x00000038   Code   RO         6467    i.USBD_DataInStage  USB_CM3.lib(usbd_core.o)
    0x0800b570   0x0800b570   0x00000020   Code   RO         6468    i.USBD_DataOutStage  USB_CM3.lib(usbd_core.o)
    0x0800b590   0x0800b590   0x00000002   Code   RO         5132    i.USBD_DirCtrlEP    usbd_stm32f103.o
    0x0800b592   0x0800b592   0x0000000e   Code   RO         5133    i.USBD_DisableEP    usbd_stm32f103.o
    0x0800b5a0   0x0800b5a0   0x00000010   Code   RO         5134    i.USBD_EnableEP     usbd_stm32f103.o
    0x0800b5b0   0x0800b5b0   0x00000264   Code   RO         6469    i.USBD_EndPoint0    USB_CM3.lib(usbd_core.o)
    0x0800b814   0x0800b814   0x00000004   Code   RO         4949    i.USBD_EndPoint0_Out_ADC_ReqToEP  usb_config.o
    0x0800b818   0x0800b818   0x00000004   Code   RO         4950    i.USBD_EndPoint0_Out_ADC_ReqToIF  usb_config.o
    0x0800b81c   0x0800b81c   0x00000050   Code   RO         6637    i.USBD_EndPoint0_Out_CDC_ReqToIF  USB_CM3.lib(usbd_core_cdc.o)
    0x0800b86c   0x0800b86c   0x00000004   Code   RO         4951    i.USBD_EndPoint0_Out_CLS_ReqToDEV  usb_config.o
    0x0800b870   0x0800b870   0x00000004   Code   RO         4952    i.USBD_EndPoint0_Out_CLS_ReqToEP  usb_config.o
    0x0800b874   0x0800b874   0x00000004   Code   RO         4953    i.USBD_EndPoint0_Out_CLS_ReqToIF  usb_config.o
    0x0800b878   0x0800b878   0x00000030   Code   RO         6647    i.USBD_EndPoint0_Out_HID_ReqToIF  USB_CM3.lib(usbd_core_hid.o)
    0x0800b8a8   0x0800b8a8   0x00000004   Code   RO         4955    i.USBD_EndPoint0_Setup_ADC_ReqToEP  usb_config.o
    0x0800b8ac   0x0800b8ac   0x00000004   Code   RO         4956    i.USBD_EndPoint0_Setup_ADC_ReqToIF  usb_config.o
    0x0800b8b0   0x0800b8b0   0x000000a0   Code   RO         6638    i.USBD_EndPoint0_Setup_CDC_ReqToIF  USB_CM3.lib(usbd_core_cdc.o)
    0x0800b950   0x0800b950   0x00000004   Code   RO         4957    i.USBD_EndPoint0_Setup_CLS_ReqToDEV  usb_config.o
    0x0800b954   0x0800b954   0x00000004   Code   RO         4958    i.USBD_EndPoint0_Setup_CLS_ReqToEP  usb_config.o
    0x0800b958   0x0800b958   0x00000004   Code   RO         4959    i.USBD_EndPoint0_Setup_CLS_ReqToIF  usb_config.o
    0x0800b95c   0x0800b95c   0x000000ac   Code   RO         6648    i.USBD_EndPoint0_Setup_HID_ReqToIF  USB_CM3.lib(usbd_core_hid.o)
    0x0800ba08   0x0800ba08   0x00000004   Code   RO         4960    i.USBD_EndPoint0_Setup_MSC_ReqToIF  usb_config.o
    0x0800ba0c   0x0800ba0c   0x00000028   Code   RO         6590    i.USBD_HID_Configure_Event  USB_CM3.lib(usbd_hid.o)
    0x0800ba34   0x0800ba34   0x00000164   Code   RO         6591    i.USBD_HID_EP_INTIN_Event  USB_CM3.lib(usbd_hid.o)
    0x0800bb98   0x0800bb98   0x00000084   Code   RO         6592    i.USBD_HID_EP_INTOUT_Event  USB_CM3.lib(usbd_hid.o)
    0x0800bc1c   0x0800bc1c   0x0000001e   Code   RO         6593    i.USBD_HID_EP_INT_Event  USB_CM3.lib(usbd_hid.o)
    0x0800bc3a   0x0800bc3a   0x00000002   PAD
    0x0800bc3c   0x0800bc3c   0x0000001c   Code   RO         6594    i.USBD_HID_GetIdle  USB_CM3.lib(usbd_hid.o)
    0x0800bc58   0x0800bc58   0x00000014   Code   RO         6595    i.USBD_HID_GetProtocol  USB_CM3.lib(usbd_hid.o)
    0x0800bc6c   0x0800bc6c   0x0000003c   Code   RO         6596    i.USBD_HID_GetReport  USB_CM3.lib(usbd_hid.o)
    0x0800bca8   0x0800bca8   0x00000148   Code   RO         6597    i.USBD_HID_SOF_Event  USB_CM3.lib(usbd_hid.o)
    0x0800bdf0   0x0800bdf0   0x0000003c   Code   RO         6598    i.USBD_HID_SetIdle  USB_CM3.lib(usbd_hid.o)
    0x0800be2c   0x0800be2c   0x00000014   Code   RO         6599    i.USBD_HID_SetProtocol  USB_CM3.lib(usbd_hid.o)
    0x0800be40   0x0800be40   0x00000040   Code   RO         6600    i.USBD_HID_SetReport  USB_CM3.lib(usbd_hid.o)
    0x0800be80   0x0800be80   0x0000001c   Code   RO         5136    i.USBD_Init         usbd_stm32f103.o
    0x0800be9c   0x0800be9c   0x00000016   Code   RO         5137    i.USBD_IntrEna      usbd_stm32f103.o
    0x0800beb2   0x0800beb2   0x00000002   Code   RO         4961    i.USBD_RTX_TaskInit  usb_config.o
    0x0800beb4   0x0800beb4   0x00000060   Code   RO         5138    i.USBD_ReadEP       usbd_stm32f103.o
    0x0800bf14   0x0800bf14   0x00000002   Code   RO         4962    i.USBD_ReqClrFeature_MSC  usb_config.o
    0x0800bf16   0x0800bf16   0x00000002   PAD
    0x0800bf18   0x0800bf18   0x00000130   Code   RO         6494    i.USBD_ReqGetDescriptor  USB_CM3.lib(usbd_core.o)
    0x0800c048   0x0800c048   0x00000084   Code   RO         6649    i.USBD_ReqGetDescriptor_HID  USB_CM3.lib(usbd_core_hid.o)
    0x0800c0cc   0x0800c0cc   0x0000007c   Code   RO         6500    i.USBD_ReqGetStatus  USB_CM3.lib(usbd_core.o)
    0x0800c148   0x0800c148   0x000000ac   Code   RO         6492    i.USBD_ReqSetClrFeature  USB_CM3.lib(usbd_core.o)
    0x0800c1f4   0x0800c1f4   0x00000190   Code   RO         6496    i.USBD_ReqSetConfiguration  USB_CM3.lib(usbd_core.o)
    0x0800c384   0x0800c384   0x0000012c   Code   RO         6498    i.USBD_ReqSetInterface  USB_CM3.lib(usbd_core.o)
    0x0800c4b0   0x0800c4b0   0x000000b4   Code   RO         5139    i.USBD_Reset        usbd_stm32f103.o
    0x0800c564   0x0800c564   0x0000000c   Code   RO         5140    i.USBD_ResetEP      usbd_stm32f103.o
    0x0800c570   0x0800c570   0x00000004   Code   RO         4963    i.USBD_Reset_Event  usb_config.o
    0x0800c574   0x0800c574   0x0000000e   Code   RO         4964    i.USBD_SOF_Event    usb_config.o
    0x0800c582   0x0800c582   0x00000002   PAD
    0x0800c584   0x0800c584   0x00000014   Code   RO         5142    i.USBD_SetAddress   usbd_stm32f103.o
    0x0800c598   0x0800c598   0x00000010   Code   RO         5143    i.USBD_SetStallEP   usbd_stm32f103.o
    0x0800c5a8   0x0800c5a8   0x0000000c   Code   RO         6471    i.USBD_SetupStage   USB_CM3.lib(usbd_core.o)
    0x0800c5b4   0x0800c5b4   0x0000000a   Code   RO         6472    i.USBD_StatusInStage  USB_CM3.lib(usbd_core.o)
    0x0800c5be   0x0800c5be   0x00000002   PAD
    0x0800c5c0   0x0800c5c0   0x0000000c   Code   RO         6473    i.USBD_StatusOutStage  USB_CM3.lib(usbd_core.o)
    0x0800c5cc   0x0800c5cc   0x0000001c   Code   RO         5144    i.USBD_Suspend      usbd_stm32f103.o
    0x0800c5e8   0x0800c5e8   0x00000014   Code   RO         5145    i.USBD_WakeUp       usbd_stm32f103.o
    0x0800c5fc   0x0800c5fc   0x00000002   Code   RO         5146    i.USBD_WakeUpCfg    usbd_stm32f103.o
    0x0800c5fe   0x0800c5fe   0x00000002   PAD
    0x0800c600   0x0800c600   0x00000074   Code   RO         5147    i.USBD_WriteEP      usbd_stm32f103.o
    0x0800c674   0x0800c674   0x0000000c   Code   RO         3083    i.USBWakeUp_IRQHandler  hw_config.o
    0x0800c680   0x0800c680   0x00000002   Code   RO         3084    i.USB_Cable_Config  hw_config.o
    0x0800c682   0x0800c682   0x00000008   Code   RO         3085    i.USB_HP_CAN1_TX_IRQHandler  hw_config.o
    0x0800c68a   0x0800c68a   0x00000002   PAD
    0x0800c68c   0x0800c68c   0x0000003c   Code   RO         3893    i.USB_Init          usb_init.o
    0x0800c6c8   0x0800c6c8   0x0000005e   Code   RO         3086    i.USB_Interrupts_Config  hw_config.o
    0x0800c726   0x0800c726   0x00000002   PAD
    0x0800c728   0x0800c728   0x00000050   Code   RO         3422    i.USB_Istr          usb_istr.o
    0x0800c778   0x0800c778   0x00000168   Code   RO         5148    i.USB_LP_CAN1_RX0_IRQHandler  usbd_stm32f103.o
    0x0800c8e0   0x0800c8e0   0x00000024   Code   RO         4372    i.USB_SIL_Init      usb_sil.o
    0x0800c904   0x0800c904   0x0000002e   Code   RO         4373    i.USB_SIL_Read      usb_sil.o
    0x0800c932   0x0800c932   0x0000002e   Code   RO         4374    i.USB_SIL_Write     usb_sil.o
    0x0800c960   0x0800c960   0x0000000c   Code   RO          300    i.UserAppAbort      cmsis-dap.o
    0x0800c96c   0x0800c96c   0x00000014   Code   RO          301    i.UserAppInit       cmsis-dap.o
    0x0800c980   0x0800c980   0x00000038   Code   RO         3971    i.UserToPMABufferCopy  usb_mem.o
    0x0800c9b8   0x0800c9b8   0x0000001c   Code   RO         3466    i.Virtual_Com_Port_GetLineCoding  usb_prop.o
    0x0800c9d4   0x0800c9d4   0x0000001c   Code   RO         3467    i.Virtual_Com_Port_SetLineCoding  usb_prop.o
    0x0800c9f0   0x0800c9f0   0x00000058   Code   RO         6352    i.W25QXX_Erase_Sector  w25qxx.o
    0x0800ca48   0x0800ca48   0x00000054   Code   RO         6353    i.W25QXX_Init       w25qxx.o
    0x0800ca9c   0x0800ca9c   0x00000050   Code   RO         6355    i.W25QXX_Read       w25qxx.o
    0x0800caec   0x0800caec   0x00000048   Code   RO         6356    i.W25QXX_ReadID     w25qxx.o
    0x0800cb34   0x0800cb34   0x0000002c   Code   RO         6357    i.W25QXX_ReadSR     w25qxx.o
    0x0800cb60   0x0800cb60   0x00000012   Code   RO         6359    i.W25QXX_Wait_Busy  w25qxx.o
    0x0800cb72   0x0800cb72   0x00000002   PAD
    0x0800cb74   0x0800cb74   0x000000b8   Code   RO         6360    i.W25QXX_Write      w25qxx.o
    0x0800cc2c   0x0800cc2c   0x00000020   Code   RO         6362    i.W25QXX_Write_Enable  w25qxx.o
    0x0800cc4c   0x0800cc4c   0x00000046   Code   RO         6363    i.W25QXX_Write_NoCheck  w25qxx.o
    0x0800cc92   0x0800cc92   0x00000002   PAD
    0x0800cc94   0x0800cc94   0x00000054   Code   RO         6364    i.W25QXX_Write_Page  w25qxx.o
    0x0800cce8   0x0800cce8   0x00000128   Code   RO         3218    i.Write_Memory      memory.o
    0x0800ce10   0x0800ce10   0x00000004   Code   RO          605    i._sys_exit         usart.o
    0x0800ce14   0x0800ce14   0x00000090   Code   RO         2731    i.check_fs          ff.o
    0x0800cea4   0x0800cea4   0x00000014   Code   RO         2732    i.chk_chr           ff.o
    0x0800ceb8   0x0800ceb8   0x00000394   Code   RO         2733    i.chk_mounted       ff.o
    0x0800d24c   0x0800d24c   0x0000001a   Code   RO         2734    i.clust2sect        ff.o
    0x0800d266   0x0800d266   0x000000ca   Code   RO         2735    i.create_chain      ff.o
    0x0800d330   0x0800d330   0x00000158   Code   RO         2736    i.create_name       ff.o
    0x0800d488   0x0800d488   0x00000044   Code   RO          682    i.delay_init        delay.o
    0x0800d4cc   0x0800d4cc   0x0000004c   Code   RO          683    i.delay_ms          delay.o
    0x0800d518   0x0800d518   0x00000024   Code   RO         5995    i.delaymS           swd_host.o
    0x0800d53c   0x0800d53c   0x0000005c   Code   RO         2737    i.dir_find          ff.o
    0x0800d598   0x0800d598   0x00000118   Code   RO         2738    i.dir_next          ff.o
    0x0800d6b0   0x0800d6b0   0x00000056   Code   RO         2739    i.dir_read          ff.o
    0x0800d706   0x0800d706   0x0000006e   Code   RO         2740    i.dir_register      ff.o
    0x0800d774   0x0800d774   0x0000002c   Code   RO         2741    i.dir_remove        ff.o
    0x0800d7a0   0x0800d7a0   0x0000009c   Code   RO         2742    i.dir_sdi           ff.o
    0x0800d83c   0x0800d83c   0x00000006   Code   RO         2677    i.disk_initialize   diskio.o
    0x0800d842   0x0800d842   0x00000006   Code   RO         2678    i.disk_ioctl        diskio.o
    0x0800d848   0x0800d848   0x0000004c   Code   RO         2679    i.disk_read         diskio.o
    0x0800d894   0x0800d894   0x00000006   Code   RO         2680    i.disk_status       diskio.o
    0x0800d89a   0x0800d89a   0x0000004c   Code   RO         2681    i.disk_write        diskio.o
    0x0800d8e6   0x0800d8e6   0x00000016   Code   RO         2744    i.f_close           ff.o
    0x0800d8fc   0x0800d8fc   0x0000004e   Code   RO         2746    i.f_gets            ff.o
    0x0800d94a   0x0800d94a   0x000001b0   Code   RO         2747    i.f_lseek           ff.o
    0x0800dafa   0x0800dafa   0x00000002   PAD
    0x0800dafc   0x0800dafc   0x0000002c   Code   RO         2749    i.f_mount           ff.o
    0x0800db28   0x0800db28   0x0000016c   Code   RO         2750    i.f_open            ff.o
    0x0800dc94   0x0800dc94   0x0000006e   Code   RO         2751    i.f_opendir         ff.o
    0x0800dd02   0x0800dd02   0x00000026   Code   RO         2753    i.f_putc            ff.o
    0x0800dd28   0x0800dd28   0x000001ce   Code   RO         2755    i.f_read            ff.o
    0x0800def6   0x0800def6   0x00000058   Code   RO         2756    i.f_readdir         ff.o
    0x0800df4e   0x0800df4e   0x000000b8   Code   RO         2759    i.f_sync            ff.o
    0x0800e006   0x0800e006   0x000000b2   Code   RO         2761    i.f_unlink          ff.o
    0x0800e0b8   0x0800e0b8   0x0000020e   Code   RO         2763    i.f_write           ff.o
    0x0800e2c6   0x0800e2c6   0x0000009e   Code   RO         2764    i.follow_path       ff.o
    0x0800e364   0x0800e364   0x0000001c   Code   RO          606    i.fputc             usart.o
    0x0800e380   0x0800e380   0x000000e4   Code   RO         2765    i.get_fat           ff.o
    0x0800e464   0x0800e464   0x00000004   Code   RO         2682    i.get_fattime       diskio.o
    0x0800e468   0x0800e468   0x00000098   Code   RO         2766    i.get_fileinfo      ff.o
    0x0800e500   0x0800e500   0x0000001c   Code   RO         5996    i.int2array         swd_host.o
    0x0800e51c   0x0800e51c   0x00000010   Code   RO           10    i.main              main.o
    0x0800e52c   0x0800e52c   0x00000026   Code   RO         2767    i.mem_cmp           ff.o
    0x0800e552   0x0800e552   0x0000001a   Code   RO         2768    i.mem_cpy           ff.o
    0x0800e56c   0x0800e56c   0x00000014   Code   RO         2769    i.mem_set           ff.o
    0x0800e580   0x0800e580   0x00000072   Code   RO         2770    i.move_window       ff.o
    0x0800e5f2   0x0800e5f2   0x00000136   Code   RO         2771    i.put_fat           ff.o
    0x0800e728   0x0800e728   0x00000068   Code   RO         2772    i.remove_chain      ff.o
    0x0800e790   0x0800e790   0x0000006e   Code   RO         5997    i.swd_flash_syscall_exec  swd_host.o
    0x0800e7fe   0x0800e7fe   0x0000000e   Code   RO         5998    i.swd_init          swd_host.o
    0x0800e80c   0x0800e80c   0x000000a4   Code   RO         5999    i.swd_init_debug    swd_host.o
    0x0800e8b0   0x0800e8b0   0x0000000a   Code   RO         6000    i.swd_off           swd_host.o
    0x0800e8ba   0x0800e8ba   0x00000002   PAD
    0x0800e8bc   0x0800e8bc   0x00000064   Code   RO         6004    i.swd_read_core_register  swd_host.o
    0x0800e920   0x0800e920   0x00000088   Code   RO         6005    i.swd_read_data     swd_host.o
    0x0800e9a8   0x0800e9a8   0x0000005c   Code   RO         6006    i.swd_read_dp       swd_host.o
    0x0800ea04   0x0800ea04   0x00000042   Code   RO         6007    i.swd_read_idcode   swd_host.o
    0x0800ea46   0x0800ea46   0x00000002   PAD
    0x0800ea48   0x0800ea48   0x0000002c   Code   RO         6009    i.swd_read_word     swd_host.o
    0x0800ea74   0x0800ea74   0x00000022   Code   RO         6010    i.swd_reset         swd_host.o
    0x0800ea96   0x0800ea96   0x00000002   PAD
    0x0800ea98   0x0800ea98   0x00000024   Code   RO         6011    i.swd_set_target_reset  swd_host.o
    0x0800eabc   0x0800eabc   0x0000018c   Code   RO         6012    i.swd_set_target_state_hw  swd_host.o
    0x0800ec48   0x0800ec48   0x0000001c   Code   RO         6014    i.swd_switch        swd_host.o
    0x0800ec64   0x0800ec64   0x0000002c   Code   RO         6015    i.swd_transfer_retry  swd_host.o
    0x0800ec90   0x0800ec90   0x00000034   Code   RO         6016    i.swd_wait_until_halted  swd_host.o
    0x0800ecc4   0x0800ecc4   0x00000078   Code   RO         6017    i.swd_write_ap      swd_host.o
    0x0800ed3c   0x0800ed3c   0x00000080   Code   RO         6018    i.swd_write_block   swd_host.o
    0x0800edbc   0x0800edbc   0x00000034   Code   RO         6019    i.swd_write_byte    swd_host.o
    0x0800edf0   0x0800edf0   0x00000058   Code   RO         6020    i.swd_write_core_register  swd_host.o
    0x0800ee48   0x0800ee48   0x00000054   Code   RO         6021    i.swd_write_data    swd_host.o
    0x0800ee9c   0x0800ee9c   0x00000098   Code   RO         6022    i.swd_write_debug_state  swd_host.o
    0x0800ef34   0x0800ef34   0x00000048   Code   RO         6023    i.swd_write_dp      swd_host.o
    0x0800ef7c   0x0800ef7c   0x00000084   Code   RO         6024    i.swd_write_memory  swd_host.o
    0x0800f000   0x0800f000   0x0000002c   Code   RO         6025    i.swd_write_word    swd_host.o
    0x0800f02c   0x0800f02c   0x000000ca   Code   RO         2773    i.sync              ff.o
    0x0800f0f6   0x0800f0f6   0x00000002   PAD
    0x0800f0f8   0x0800f0f8   0x00000028   Code   RO         5950    i.target_flash_erase_chip  swd_flash.o
    0x0800f120   0x0800f120   0x00000044   Code   RO         5952    i.target_flash_init  swd_flash.o
    0x0800f164   0x0800f164   0x00000064   Code   RO         5953    i.target_flash_program_page  swd_flash.o
    0x0800f1c8   0x0800f1c8   0x00000010   Code   RO         5954    i.target_flash_uninit  swd_flash.o
    0x0800f1d8   0x0800f1d8   0x00000028   Code   RO         6203    i.target_opt_erase_chip  swd_opt.o
    0x0800f200   0x0800f200   0x00000044   Code   RO         6205    i.target_opt_init   swd_opt.o
    0x0800f244   0x0800f244   0x00000024   Code   RO         6207    i.target_opt_uninit  swd_opt.o
    0x0800f268   0x0800f268   0x0000001e   Code   RO          607    i.uart1_dma_enable  usart.o
    0x0800f286   0x0800f286   0x00000002   PAD
    0x0800f288   0x0800f288   0x00000164   Code   RO          608    i.uart_init         usart.o
    0x0800f3ec   0x0800f3ec   0x0000003c   Code   RO          609    i.usart_config      usart.o
    0x0800f428   0x0800f428   0x0000008c   Code   RO          610    i.usart_receive_parse  usart.o
    0x0800f4b4   0x0800f4b4   0x0000003c   Code   RO          611    i.usart_sendCommand  usart.o
    0x0800f4f0   0x0800f4f0   0x0000000e   Code   RO         4965    i.usbd_class_init   usb_config.o
    0x0800f4fe   0x0800f4fe   0x00000002   PAD
    0x0800f500   0x0800f500   0x00000010   Code   RO         6474    i.usbd_configured   USB_CM3.lib(usbd_core.o)
    0x0800f510   0x0800f510   0x00000004   Code   RO         6475    i.usbd_connect      USB_CM3.lib(usbd_core.o)
    0x0800f514   0x0800f514   0x00000004   Code   RO         6604    i.usbd_hid_get_protocol  USB_CM3.lib(usbd_hid.o)
    0x0800f518   0x0800f518   0x000000a0   Code   RO         5312    i.usbd_hid_get_report  usbd_user_hid.o
    0x0800f5b8   0x0800f5b8   0x0000009c   Code   RO         6606    i.usbd_hid_get_report_trigger  USB_CM3.lib(usbd_hid.o)
    0x0800f654   0x0800f654   0x00000040   Code   RO         5313    i.usbd_hid_init     usbd_user_hid.o
    0x0800f694   0x0800f694   0x000000bc   Code   RO         5314    i.usbd_hid_process  usbd_user_hid.o
    0x0800f750   0x0800f750   0x00000002   Code   RO         6608    i.usbd_hid_set_protocol  USB_CM3.lib(usbd_hid.o)
    0x0800f752   0x0800f752   0x00000002   PAD
    0x0800f754   0x0800f754   0x000000a0   Code   RO         5315    i.usbd_hid_set_report  usbd_user_hid.o
    0x0800f7f4   0x0800f7f4   0x0000001c   Code   RO         6476    i.usbd_init         USB_CM3.lib(usbd_core.o)
    0x0800f810   0x0800f810   0x00000002   Code   RO         4967    i.usbd_os_evt_set   usb_config.o
    0x0800f812   0x0800f812   0x00000002   PAD
    0x0800f814   0x0800f814   0x00000024   Code   RO         6477    i.usbd_reset_core   USB_CM3.lib(usbd_core.o)
    0x0800f838   0x0800f838   0x0000009c   Code   RO          302    i.vResetTarget      cmsis-dap.o
    0x0800f8d4   0x0800f8d4   0x0000002a   Code   RO         2774    i.validate          ff.o
    0x0800f8fe   0x0800f8fe   0x00000002   PAD
    0x0800f900   0x0800f900   0x000002b0   Code   RO         6727    x$fpl$ddiv          fz_ws.l(ddiv.o)
    0x0800fbb0   0x0800fbb0   0x0000005a   Code   RO         6730    x$fpl$dfixu         fz_ws.l(dfixu.o)
    0x0800fc0a   0x0800fc0a   0x00000026   Code   RO         6734    x$fpl$dfltu         fz_ws.l(dflt_clz.o)
    0x0800fc30   0x0800fc30   0x00000154   Code   RO         6740    x$fpl$dmul          fz_ws.l(dmul.o)
    0x0800fd84   0x0800fd84   0x0000009c   Code   RO         6752    x$fpl$dnaninf       fz_ws.l(dnaninf.o)
    0x0800fe20   0x0800fe20   0x0000000c   Code   RO         6754    x$fpl$dretinf       fz_ws.l(dretinf.o)
    0x0800fe2c   0x0800fe2c   0x00000000   Code   RO         6756    x$fpl$usenofp       fz_ws.l(usenofp.o)
    0x0800fe2c   0x0800fe2c   0x00000054   Data   RO          303    .constdata          cmsis-dap.o
    0x0800fe80   0x0800fe80   0x000000c3   Data   RO         3345    .constdata          usb_desc.o
    0x0800ff43   0x0800ff43   0x00000005   Data   RO         4441    .constdata          dap.o
    0x0800ff48   0x0800ff48   0x000001d4   Data   RO         4970    .constdata          usb_config.o
    0x0801011c   0x0801011c   0x00000094   Data   RO         5774    .constdata          usart_stm32f10x.o
    0x080101b0   0x080101b0   0x00000180   Data   RO         6240    .constdata          stm32f10x_128.o
    0x08010330   0x08010330   0x000001ec   Data   RO         6249    .constdata          stm32f10x_opt.o
    0x0801051c   0x0801051c   0x00000818   Data   RO         6272    .constdata          oled.o
    0x08010d34   0x08010d34   0x00000028   Data   RO         6673    .constdata          c_w.l(_printf_hex_int.o)
    0x08010d5c   0x08010d5c   0x00000045   Data   RO           12    .conststring        main.o
    0x08010da1   0x08010da1   0x00000003   PAD
    0x08010da4   0x08010da4   0x00000020   Data   RO         6913    Region$$Table       anon$$obj.o


    Execution Region RW_IRAM1 (Exec base: 0x20000000, Load base: 0x08010dc4, Size: 0x000062c8, Max: 0x00010000, ABSOLUTE, COMPRESSED[0x00000224])

    Exec Addr    Load Addr    Size         Type   Attr      Idx    E Section Name        Object

    0x20000000   COMPRESSED   0x00000224   Data   RW           13    .data               main.o
    0x20000224   COMPRESSED   0x0000000c   Data   RW          304    .data               cmsis-dap.o
    0x20000230   COMPRESSED   0x00000007   Data   RW          613    .data               usart.o
    0x20000237   COMPRESSED   0x00000001   PAD
    0x20000238   COMPRESSED   0x00000004   Data   RW          685    .data               delay.o
    0x2000023c   COMPRESSED   0x00000014   Data   RW          770    .data               system_stm32f10x.o
    0x20000250   COMPRESSED   0x00000014   Data   RW         1028    .data               stm32f10x_rcc.o
    0x20000264   COMPRESSED   0x00000006   Data   RW         2775    .data               ff.o
    0x2000026a   COMPRESSED   0x00000002   PAD
    0x2000026c   COMPRESSED   0x00000010   Data   RW         3176    .data               mass_mal.o
    0x2000027c   COMPRESSED   0x00000024   Data   RW         3220    .data               memory.o
    0x200002a0   COMPRESSED   0x00000071   Data   RW         3262    .data               scsi_data.o
    0x20000311   COMPRESSED   0x00000003   PAD
    0x20000314   COMPRESSED   0x0000000c   Data   RW         3293    .data               usb_bot.o
    0x20000320   COMPRESSED   0x0000001a   Data   RW         3346    .data               usb_desc.o
    0x2000033a   COMPRESSED   0x00000002   PAD
    0x2000033c   COMPRESSED   0x00000009   Data   RW         3375    .data               usb_endp.o
    0x20000345   COMPRESSED   0x00000003   PAD
    0x20000348   COMPRESSED   0x0000003c   Data   RW         3423    .data               usb_istr.o
    0x20000384   COMPRESSED   0x000000a0   Data   RW         3468    .data               usb_prop.o
    0x20000424   COMPRESSED   0x00000007   Data   RW         3586    .data               usb_pwr.o
    0x2000042b   COMPRESSED   0x00000001   PAD
    0x2000042c   COMPRESSED   0x00000003   Data   RW         3781    .data               usb_core.o
    0x2000042f   COMPRESSED   0x00000001   PAD
    0x20000430   COMPRESSED   0x00000014   Data   RW         3895    .data               usb_init.o
    0x20000444   COMPRESSED   0x00000004   Data   RW         3930    .data               usb_int.o
    0x20000448   COMPRESSED   0x00000001   Data   RW         4442    .data               dap.o
    0x20000449   COMPRESSED   0x00000003   PAD
    0x2000044c   COMPRESSED   0x00000014   Data   RW         4842    .data               swo.o
    0x20000460   COMPRESSED   0x0000000b   Data   RW         4971    .data               usb_config.o
    0x2000046b   COMPRESSED   0x00000001   PAD
    0x2000046c   COMPRESSED   0x00000006   Data   RW         5149    .data               usbd_stm32f103.o
    0x20000472   COMPRESSED   0x00000002   PAD
    0x20000474   COMPRESSED   0x00000018   Data   RW         5317    .data               usbd_user_hid.o
    0x2000048c   COMPRESSED   0x0000000f   Data   RW         5412    .data               usbd_user_cdc_acm.o
    0x2000049b   COMPRESSED   0x00000002   Data   RW         5510    .data               dma_stm32f10x.o
    0x2000049d   COMPRESSED   0x00000003   PAD
    0x200004a0   COMPRESSED   0x00000008   Data   RW         6026    .data               swd_host.o
    0x200004a8   COMPRESSED   0x00000002   Data   RW         6367    .data               w25qxx.o
    0x200004aa   COMPRESSED   0x00000002   PAD
    0x200004ac   COMPRESSED   0x00000028   Data   RW         6479    .data               USB_CM3.lib(usbd_core.o)
    0x200004d4   COMPRESSED   0x0000003f   Data   RW         6545    .data               USB_CM3.lib(usbd_cdc_acm.o)
    0x20000513   COMPRESSED   0x00000001   PAD
    0x20000514   COMPRESSED   0x00000030   Data   RW         6610    .data               USB_CM3.lib(usbd_hid.o)
    0x20000544        -       0x00000888   Zero   RW           11    .bss                main.o
    0x20000dcc        -       0x000001cc   Zero   RW          612    .bss                usart.o
    0x20000f98        -       0x00000200   Zero   RW         3219    .bss                memory.o
    0x20001198        -       0x00000070   Zero   RW         3292    .bss                usb_bot.o
    0x20001208        -       0x0000007c   Zero   RW         3374    .bss                usb_endp.o
    0x20001284        -       0x0000001c   Zero   RW         3894    .bss                usb_init.o
    0x200012a0        -       0x00000040   Zero   RW         4440    .bss                dap.o
    0x200012e0        -       0x00001000   Zero   RW         4841    .bss                swo.o
    0x200022e0        -       0x0000014c   Zero   RW         4969    .bss                usb_config.o
    0x2000242c        -       0x00002000   Zero   RW         5316    .bss                usbd_user_hid.o
    0x2000442c        -       0x00000800   Zero   RW         5411    .bss                usbd_user_cdc_acm.o
    0x20004c2c        -       0x00000038   Zero   RW         5773    .bss                usart_stm32f10x.o
    0x20004c64        -       0x00001000   Zero   RW         6366    .bss                w25qxx.o
    0x20005c64        -       0x00000060   Zero   RW         6791    .bss                c_w.l(libspace.o)
    0x20005cc4   COMPRESSED   0x00000004   PAD
    0x20005cc8        -       0x00000200   Zero   RW          757    HEAP                startup_stm32f10x_hd.o
    0x20005ec8        -       0x00000400   Zero   RW          756    STACK               startup_stm32f10x_hd.o


==============================================================================

Image component sizes


      Code (inc. data)   RO Data    RW Data    ZI Data      Debug   Object Name

      2244        260         84         12          0      66378   cmsis-dap.o
      5068        242          5          1         64      31473   dap.o
       128         32          0          0          0       1011   dap_vendor.o
       144         22          0          4          0       1200   delay.o
       174          0          0          0          0       4864   diskio.o
      1254        132          0          2          0     238976   dma_stm32f10x.o
      6340         46          0          6          0      30065   ff.o
       744         76          0          0          0       6133   gpio_stm32f10x.o
       408         46          0          0          0       4813   hex2bin.o
       244         14          0          0          0       4291   hw_config.o
      4392         94          0          0          0      29474   jtag_dp.o
        76         10          0          0          0        515   key.o
        52          8          0          0          0        495   led.o
      5612        596         69        548       2184     278130   main.o
       174         14          0         16          0       3513   mass_mal.o
       556         80          0         36        512       3828   memory.o
       172         22          0          0          0       2061   misc.o
       880         22       2072          0          0       5737   oled.o
         0          0          0        113          0       1110   scsi_data.o
       272         18          0          0          0       1769   spi.o
        64         26        304          0       1536        808   startup_stm32f10x_hd.o
         0          0        384          0          0        601   stm32f10x_128.o
       474         18          0          0          0       5651   stm32f10x_dma.o
       160         12          0          0          0       1501   stm32f10x_exti.o
       274         30          0          0          0       3438   stm32f10x_flash.o
       430          6          0          0          0       3878   stm32f10x_gpio.o
         0          0        492          0          0        600   stm32f10x_opt.o
       320         44          0         20          0       5529   stm32f10x_rcc.o
       112          0          0          0          0       3842   stm32f10x_spi.o
       456          6          0          0          0       6235   stm32f10x_usart.o
      3292         82          0          0          0      23651   sw_dp.o
       224         14          0          0          0       3349   swd_flash.o
      2318        106          0          8          0      19467   swd_host.o
       144         16          0          0          0       1634   swd_opt.o
      1496        248          0         20       4096      17724   swo.o
       328         28          0         20          0       2177   system_stm32f10x.o
       766         88          0          7        460       6637   usart.o
      5492        184        148          0         56      56774   usart_stm32f10x.o
      1148        108          0         12        112       4747   usb_bot.o
        86          0        468         11        332      34778   usb_config.o
      3058        288          0          3          0      15163   usb_core.o
         0          0        195         26          0       1016   usb_desc.o
       116         16          0          9        124       2968   usb_endp.o
        60         24          0         20         28       4238   usb_init.o
       848         58          0          4          0       2409   usb_int.o
        80         18          0         60          0       1416   usb_istr.o
        96         10          0          0          0       1884   usb_mem.o
       828        136          0        160          0      12729   usb_prop.o
        64         10          0          7          0       2029   usb_pwr.o
       712        100          0          0          0      10391   usb_regs.o
      1086        130          0          0          0      10012   usb_scsi.o
       128          8          0          0          0       2294   usb_sil.o
      1374        134          0          6          0      36573   usbd_stm32f103.o
       530         72          0         15       2048       5650   usbd_user_cdc_acm.o
      1004        148          0         24       8192      34620   usbd_user_hid.o
       756         70          0          2       4096       6829   w25qxx.o

    ----------------------------------------------------------------------
     57340       3972       4256       1196      23840    1069078   Object Totals
         0          0         32          0          0          0   (incl. Generated)
        82          0          3         24          0          0   (incl. Padding)

    ----------------------------------------------------------------------

      Code (inc. data)   RO Data    RW Data    ZI Data      Debug   Library Member Name

       776        106          0         63          0       1492   usbd_cdc_acm.o
      2118        184          0         40          0       1192   usbd_core.o
       240         32          0          0          0        156   usbd_core_cdc.o
       352         92          0          0          0        240   usbd_core_hid.o
      1300        200          0         48          0       1100   usbd_hid.o
        90          0          0          0          0          0   __dczerorl2.o
         8          0          0          0          0         68   __main.o
       104          0          0          0          0         84   __printf.o
         0          0          0          0          0          0   __rtentry.o
        12          0          0          0          0          0   __rtentry2.o
         6          0          0          0          0          0   __rtentry4.o
        52          8          0          0          0          0   __scatter.o
        28          0          0          0          0          0   __scatter_zi.o
        48          6          0          0          0         96   _printf_char_common.o
        36          4          0          0          0         80   _printf_char_file.o
        88          4         40          0          0         88   _printf_hex_int.o
       178          0          0          0          0         88   _printf_intcommon.o
         0          0          0          0          0          0   _printf_percent.o
         4          0          0          0          0          0   _printf_percent_end.o
         6          0          0          0          0          0   _printf_x.o
        18          0          0          0          0         80   exit.o
         8          0          0          0          0         68   ferror.o
         6          0          0          0          0        152   heapauxi.o
         2          0          0          0          0          0   libinit.o
         2          0          0          0          0          0   libinit2.o
         2          0          0          0          0          0   libshutdown.o
         2          0          0          0          0          0   libshutdown2.o
         8          4          0          0         96         68   libspace.o
        24          4          0          0          0         84   noretval__2printf.o
        68          0          0          0          0         68   rt_memclr.o
        78          0          0          0          0         80   rt_memclr_w.o
       138          0          0          0          0         68   rt_memcpy_v6.o
       100          0          0          0          0         80   rt_memcpy_w.o
         2          0          0          0          0          0   rtexit.o
        10          0          0          0          0          0   rtexit2.o
        62          0          0          0          0         76   strlen.o
        36          0          0          0          0         80   strstr.o
        74          0          0          0          0         80   sys_stackheap_outer.o
         2          0          0          0          0         68   use_no_semi.o
         2          0          0          0          0         68   use_no_semi_2.o
       688        140          0          0          0        208   ddiv.o
        90          4          0          0          0         92   dfixu.o
        38          0          0          0          0         68   dflt_clz.o
       340         12          0          0          0        104   dmul.o
       156          4          0          0          0         92   dnaninf.o
        12          0          0          0          0         68   dretinf.o
         0          0          0          0          0          0   usenofp.o

    ----------------------------------------------------------------------
      7424        804         40        152        100       6436   Library Totals
        10          0          0          1          4          0   (incl. Padding)

    ----------------------------------------------------------------------

      Code (inc. data)   RO Data    RW Data    ZI Data      Debug   Library Name

      4786        614          0        151          0       4180   USB_CM3.lib
      1304         30         40          0         96       1624   c_w.l
      1324        160          0          0          0        632   fz_ws.l

    ----------------------------------------------------------------------
      7424        804         40        152        100       6436   Library Totals

    ----------------------------------------------------------------------

==============================================================================


      Code (inc. data)   RO Data    RW Data    ZI Data      Debug   

     64764       4776       4296       1348      23940    1047534   Grand Totals
     64764       4776       4296        548      23940    1047534   ELF Image Totals (compressed)
     64764       4776       4296        548          0          0   ROM Totals

==============================================================================

    Total RO  Size (Code + RO Data)                69060 (  67.44kB)
    Total RW  Size (RW Data + ZI Data)             25288 (  24.70kB)
    Total ROM Size (Code + RO Data + RW Data)      69608 (  67.98kB)

==============================================================================

