Component: ARM Compiler 5.06 update 6 (build 750) Tool: armlink [4d35ed]

==============================================================================

Section Cross References

    main.o(i.Draw_Logo) refers to oled.o(i.OLED_ShowChar) for OLED_ShowChar
    main.o(i.Draw_Logo) refers to delay.o(i.delay_ms) for delay_ms
    main.o(i.Draw_Logo) refers to oled.o(i.OLED_Clear) for OLED_Clear
    main.o(i.Draw_Logo) refers to main.o(.data) for Logo
    main.o(i.Draw_Main) refers to ff.o(i.f_unlink) for f_unlink
    main.o(i.Draw_Main) refers to ff.o(i.f_opendir) for f_opendir
    main.o(i.Draw_Main) refers to ff.o(i.f_readdir) for f_readdir
    main.o(i.Draw_Main) refers to strlen.o(.text) for strlen
    main.o(i.Draw_Main) refers to oled.o(i.OLED_ShowString) for OLED_ShowString
    main.o(i.Draw_Main) refers to strncpy.o(.text) for strncpy
    main.o(i.Draw_Main) refers to main.o(i.Scan_Key) for Scan_Key
    main.o(i.Draw_Main) refers to main.o(.bss) for lFileName
    main.o(i.Draw_Main) refers to main.o(.data) for select
    main.o(i.Draw_Main) refers to oled.o(i.OLED_Clear) for OLED_Clear
    main.o(i.Draw_Main) refers to oled.o(i.OLED_DrawBMP) for OLED_DrawBMP
    main.o(i.Draw_Main) refers to delay.o(i.delay_ms) for delay_ms
    main.o(i.Draw_Main) refers to usart.o(i.usart_config) for usart_config
    main.o(i.Draw_Main) refers to strstr.o(.text) for strstr
    main.o(i.Draw_Main) refers to ff.o(i.f_open) for f_open
    main.o(i.Draw_Main) refers to oled.o(i.OLED_ShowChar) for OLED_ShowChar
    main.o(i.Draw_Main) refers to main.o(i.FLASH_HEX_SWD) for FLASH_HEX_SWD
    main.o(i.Draw_Main) refers to main.o(i.FLASH_SWD) for FLASH_SWD
    main.o(i.Draw_Menu) refers to oled.o(i.OLED_DrawBMP) for OLED_DrawBMP
    main.o(i.Draw_Menu) refers to oled.o(i.OLED_ShowString) for OLED_ShowString
    main.o(i.Draw_Menu) refers to ff.o(i.f_open) for f_open
    main.o(i.Draw_Menu) refers to oled.o(i.OLED_ShowChar) for OLED_ShowChar
    main.o(i.Draw_Menu) refers to delay.o(i.delay_ms) for delay_ms
    main.o(i.Draw_Menu) refers to main.o(i.FLASH_SWD) for FLASH_SWD
    main.o(i.Draw_Menu) refers to main.o(i.Scan_Key) for Scan_Key
    main.o(i.Draw_Menu) refers to oled.o(i.OLED_Clear) for OLED_Clear
    main.o(i.Draw_Menu) refers to main.o(i.Draw_Main) for Draw_Main
    main.o(i.Draw_Menu) refers to usb_pwr.o(.data) for bDeviceState
    main.o(i.Draw_Menu) refers to main.o(.data) for USBLogo
    main.o(i.Draw_Menu) refers to main.o(.bss) for fnew
    main.o(i.FLASH_HEX_SWD) refers to ff.o(i.f_open) for f_open
    main.o(i.FLASH_HEX_SWD) refers to swd_host.o(i.swd_init_debug) for swd_init_debug
    main.o(i.FLASH_HEX_SWD) refers to swd_opt.o(i.target_opt_init) for target_opt_init
    main.o(i.FLASH_HEX_SWD) refers to swd_opt.o(i.target_opt_erase_chip) for target_opt_erase_chip
    main.o(i.FLASH_HEX_SWD) refers to swd_opt.o(i.target_opt_uninit) for target_opt_uninit
    main.o(i.FLASH_HEX_SWD) refers to swd_flash.o(i.target_flash_init) for target_flash_init
    main.o(i.FLASH_HEX_SWD) refers to swd_flash.o(i.target_flash_erase_chip) for target_flash_erase_chip
    main.o(i.FLASH_HEX_SWD) refers to strlen.o(.text) for strlen
    main.o(i.FLASH_HEX_SWD) refers to hex2bin.o(i.Char2toByte) for Char2toByte
    main.o(i.FLASH_HEX_SWD) refers to uldiv.o(.text) for __aeabi_uldivmod
    main.o(i.FLASH_HEX_SWD) refers to swd_flash.o(i.target_flash_program_page) for target_flash_program_page
    main.o(i.FLASH_HEX_SWD) refers to dfltui.o(.text) for __aeabi_ui2d
    main.o(i.FLASH_HEX_SWD) refers to ddiv.o(.text) for __aeabi_ddiv
    main.o(i.FLASH_HEX_SWD) refers to dmul.o(.text) for __aeabi_dmul
    main.o(i.FLASH_HEX_SWD) refers to dfixui.o(.text) for __aeabi_d2uiz
    main.o(i.FLASH_HEX_SWD) refers to oled.o(i.OLED_ShowString) for OLED_ShowString
    main.o(i.FLASH_HEX_SWD) refers to main.o(.bss) for fnew
    main.o(i.FLASH_HEX_SWD) refers to main.o(.data) for Res
    main.o(i.FLASH_HEX_SWD) refers to memseta.o(.text) for __aeabi_memset
    main.o(i.FLASH_HEX_SWD) refers to ff.o(i.f_gets) for f_gets
    main.o(i.FLASH_HEX_SWD) refers to swd_host.o(i.swd_set_target_reset) for swd_set_target_reset
    main.o(i.FLASH_HEX_SWD) refers to delay.o(i.delay_ms) for delay_ms
    main.o(i.FLASH_HEX_SWD) refers to swd_flash.o(i.target_flash_uninit) for target_flash_uninit
    main.o(i.FLASH_SWD) refers to ff.o(i.f_open) for f_open
    main.o(i.FLASH_SWD) refers to swd_host.o(i.swd_init_debug) for swd_init_debug
    main.o(i.FLASH_SWD) refers to swd_opt.o(i.target_opt_init) for target_opt_init
    main.o(i.FLASH_SWD) refers to swd_opt.o(i.target_opt_erase_chip) for target_opt_erase_chip
    main.o(i.FLASH_SWD) refers to swd_opt.o(i.target_opt_uninit) for target_opt_uninit
    main.o(i.FLASH_SWD) refers to swd_flash.o(i.target_flash_init) for target_flash_init
    main.o(i.FLASH_SWD) refers to swd_flash.o(i.target_flash_erase_chip) for target_flash_erase_chip
    main.o(i.FLASH_SWD) refers to ff.o(i.f_read) for f_read
[...]
    USBD_DeviceQualifier_HS                  0x08011101   Data           1  usb_config.o(.constdata)
    USBD_ConfigDescriptor                    0x08011102   Data         108  usb_config.o(.constdata)
    USBD_ConfigDescriptor_HS                 0x0801116e   Data           1  usb_config.o(.constdata)
    USBD_OtherSpeedConfigDescriptor          0x0801116f   Data           1  usb_config.o(.constdata)
    USBD_OtherSpeedConfigDescriptor_HS       0x08011170   Data           1  usb_config.o(.constdata)
    USBD_StringDescriptor                    0x08011172   Data         146  usb_config.o(.constdata)
    Driver_USART2                            0x08011260   Data          56  usart_stm32f10x.o(.constdata)
    flash_algo                               0x080113e4   Data          52  stm32f10x_128.o(.constdata)
    flash_opt                                0x080115d0   Data          52  stm32f10x_opt.o(.constdata)
    F6x8                                     0x08011604   Data         552  oled.o(.constdata)
    F8X16                                    0x0801182c   Data        1520  oled.o(.constdata)
    Region$$Table$$Base                      0x08011e64   Number         0  anon$$obj.o(Region$$Table)
    Region$$Table$$Limit                     0x08011e84   Number         0  anon$$obj.o(Region$$Table)
    USBLogo                                  0x20000000   Data         170  main.o(.data)
    FlashLogo                                0x200000aa   Data         165  main.o(.data)
    DebugLogo                                0x2000014f   Data         128  main.o(.data)
    Flash_Page_Size                          0x200001d0   Data           4  main.o(.data)
    MENU_TYPE                                0x200001d4   Data           1  main.o(.data)
    Res                                      0x200001d5   Data           1  main.o(.data)
    br                                       0x200001d8   Data           4  main.o(.data)
    bw                                       0x200001dc   Data           4  main.o(.data)
    readflag                                 0x200001e0   Data           1  main.o(.data)
    addr                                     0x200001e4   Data           4  main.o(.data)
    i                                        0x200001e8   Data           4  main.o(.data)
    select                                   0x200001ec   Data           4  main.o(.data)
    fileCount                                0x200001f0   Data           4  main.o(.data)
    fileChangeCount                          0x200001f4   Data           4  main.o(.data)
    breakDebug                               0x200001f8   Data           1  main.o(.data)
    debugMode                                0x200001f9   Data           1  main.o(.data)
    menuType                                 0x200001fa   Data           1  main.o(.data)
    debugBaud                                0x200001fc   Data          36  main.o(.data)
    debugSelect                              0x20000220   Data           1  main.o(.data)
    bytesread                                0x20000222   Data           2  main.o(.data)
    Logo                                     0x20000224   Data           8  main.o(.data)
    u8SysTick_Counter                        0x2000022c   Data           1  cmsis-dap.o(.data)
    u8LedMode                                0x2000022d   Data           1  cmsis-dap.o(.data)
    pCoreDescriptor                          0x20000230   Data           4  cmsis-dap.o(.data)
    pUserAppDescriptor                       0x20000234   Data           4  cmsis-dap.o(.data)
    __stdout                                 0x20000238   Data           4  usart.o(.data)
    USART_RX_STA                             0x2000023c   Data           2  usart.o(.data)
    uart1_rev_len                            0x2000023e   Data           1  usart.o(.data)
    SystemCoreClock                          0x20000244   Data           4  system_stm32f10x.o(.data)
    AHBPrescTable                            0x20000248   Data          16  system_stm32f10x.o(.data)
    Mass_Memory_Size                         0x20000274   Data           4  mass_mal.o(.data)
    Mass_Block_Size                          0x20000278   Data           4  mass_mal.o(.data)
    Mass_Block_Count                         0x2000027c   Data           4  mass_mal.o(.data)
    Status                                   0x20000280   Data           4  mass_mal.o(.data)
    Block_Read_count                         0x20000284   Data           4  memory.o(.data)
    Block_offset                             0x20000288   Data           4  memory.o(.data)
    Counter                                  0x2000028c   Data           4  memory.o(.data)
    Idx                                      0x20000290   Data           4  memory.o(.data)
    TransferState                            0x20000294   Data           1  memory.o(.data)
    Page00_Inquiry_Data                      0x200002a8   Data           5  scsi_data.o(.data)
    Standard_Inquiry_Data                    0x200002ad   Data          22  scsi_data.o(.data)
    Standard_Inquiry_Data2                   0x200002c3   Data          36  scsi_data.o(.data)
    Mode_Sense6_data                         0x200002e7   Data           4  scsi_data.o(.data)
    Mode_Sense10_data                        0x200002eb   Data           8  scsi_data.o(.data)
    Scsi_Sense_Data                          0x200002f3   Data          18  scsi_data.o(.data)
    ReadCapacity10_Data                      0x20000305   Data           8  scsi_data.o(.data)
    ReadFormatCapacity_Data                  0x2000030d   Data          12  scsi_data.o(.data)
    Bot_State                                0x2000031c   Data           1  usb_bot.o(.data)
    Data_Len                                 0x2000031e   Data           2  usb_bot.o(.data)
    SCSI_LBA                                 0x20000320   Data           4  usb_bot.o(.data)
    SCSI_BlkLen                              0x20000324   Data           4  usb_bot.o(.data)
    MASS_StringSerial                        0x20000328   Data          26  usb_desc.o(.data)
    count_out                                0x20000344   Data           4  usb_endp.o(.data)
    count_in                                 0x20000348   Data           4  usb_endp.o(.data)
    temp_cnt                                 0x2000034c   Data           1  usb_endp.o(.data)
    wIstr                                    0x20000350   Data           2  usb_istr.o(.data)
    bIntPackSOF                              0x20000352   Data           1  usb_istr.o(.data)
    pEpInt_IN                                0x20000354   Data          28  usb_istr.o(.data)
    pEpInt_OUT                               0x20000370   Data          28  usb_istr.o(.data)
    Max_Lun                                  0x2000038c   Data           4  usb_prop.o(.data)
    Request                                  0x20000390   Data           1  usb_prop.o(.data)
    linecoding                               0x20000394   Data           8  usb_prop.o(.data)
    Device_Table                             0x2000039c   Data           2  usb_prop.o(.data)
    Device_Property                          0x200003a0   Data          48  usb_prop.o(.data)
    User_Standard_Requests                   0x200003d0   Data          36  usb_prop.o(.data)
    Device_Descriptor                        0x200003f4   Data           8  usb_prop.o(.data)
    Config_Descriptor                        0x200003fc   Data           8  usb_prop.o(.data)
    String_Descriptor                        0x20000404   Data          40  usb_prop.o(.data)
    bDeviceState                             0x2000042c   Data           4  usb_pwr.o(.data)
    fSuspendEnabled                          0x20000430   Data           1  usb_pwr.o(.data)
    ResumeS                                  0x20000431   Data           2  usb_pwr.o(.data)
    StatusInfo                               0x20000434   Data           2  usb_core.o(.data)
    Data_Mul_MaxPacketSize                   0x20000436   Data           1  usb_core.o(.data)
    EPindex                                  0x20000438   Data           1  usb_init.o(.data)
    pInformation                             0x2000043c   Data           4  usb_init.o(.data)
    pProperty                                0x20000440   Data           4  usb_init.o(.data)
    SaveState                                0x20000444   Data           2  usb_init.o(.data)
    wInterrupt_Mask                          0x20000446   Data           2  usb_init.o(.data)
    pUser_Standard_Requests                  0x20000448   Data           4  usb_init.o(.data)
    SaveRState                               0x2000044c   Data           2  usb_int.o(.data)
    SaveTState                               0x2000044e   Data           2  usb_int.o(.data)
    DAP_TransferAbort                        0x20000450   Data           1  dap.o(.data)
    USBD_AltSetting                          0x20000468   Data           3  usb_config.o(.data)
    USBD_HID_PollingCnt                      0x2000046c   Data           2  usb_config.o(.data)
    USBD_HID_IdleCnt                         0x2000046e   Data           1  usb_config.o(.data)
    USBD_HID_IdleReload                      0x2000046f   Data           1  usb_config.o(.data)
    USBD_HID_IdleSet                         0x20000470   Data           1  usb_config.o(.data)
    USBD_HID_FeatReport                      0x20000471   Data           2  usb_config.o(.data)
    pBUF_DSCR                                0x20000474   Data           4  usbd_stm32f103.o(.data)
    FreeBufAddr                              0x20000478   Data           2  usbd_stm32f103.o(.data)
    W25QXX_TYPE                              0x200004b0   Data           2  w25qxx.o(.data)
    USBD_DeviceAddress                       0x200004b4   Data           1  usbd_core.o(.data)
    USBD_Configuration                       0x200004b5   Data           1  usbd_core.o(.data)
    USBD_NumInterfaces                       0x200004b6   Data           1  usbd_core.o(.data)
    USBD_HighSpeed                           0x200004b7   Data           1  usbd_core.o(.data)
    USBD_ZLP                                 0x200004b8   Data           1  usbd_core.o(.data)
    USBD_DeviceStatus                        0x200004ba   Data           2  usbd_core.o(.data)
    USBD_EndPointMask                        0x200004bc   Data           4  usbd_core.o(.data)
    USBD_EndPointHalt                        0x200004c0   Data           4  usbd_core.o(.data)
    USBD_EndPointNoHaltClr                   0x200004c4   Data           4  usbd_core.o(.data)
    USBD_RTX_CoreTask                        0x200004c8   Data           4  usbd_core.o(.data)
    USBD_EP0Data                             0x200004cc   Data           8  usbd_core.o(.data)
    USBD_SetupPacket                         0x200004d4   Data           8  usbd_core.o(.data)
    control_line_state                       0x200004dc   Data           2  usbd_cdc_acm.o(.data)
    data_send_access                         0x200004e0   Data           4  usbd_cdc_acm.o(.data)
    data_send_active                         0x200004e4   Data           4  usbd_cdc_acm.o(.data)
    data_send_zlp                            0x200004e8   Data           4  usbd_cdc_acm.o(.data)
    data_to_send_wr                          0x200004ec   Data           4  usbd_cdc_acm.o(.data)
    data_to_send_rd                          0x200004f0   Data           4  usbd_cdc_acm.o(.data)
    ptr_data_to_send                         0x200004f4   Data           4  usbd_cdc_acm.o(.data)
    ptr_data_sent                            0x200004f8   Data           4  usbd_cdc_acm.o(.data)
    data_read_access                         0x200004fc   Data           4  usbd_cdc_acm.o(.data)
    data_receive_int_access                  0x20000500   Data           4  usbd_cdc_acm.o(.data)
    data_received_pending_pckts              0x20000504   Data           4  usbd_cdc_acm.o(.data)
    data_no_space_for_receive                0x20000508   Data           4  usbd_cdc_acm.o(.data)
    ptr_data_received                        0x2000050c   Data           4  usbd_cdc_acm.o(.data)
    ptr_data_read                            0x20000510   Data           4  usbd_cdc_acm.o(.data)
    line_coding                              0x20000514   Data           7  usbd_cdc_acm.o(.data)
    USBD_HID_Protocol                        0x2000051d   Data           1  usbd_hid.o(.data)
    DataOutToSendLen                         0x2000051e   Data           2  usbd_hid.o(.data)
    DataOutSentLen                           0x20000520   Data           2  usbd_hid.o(.data)
    DataInReceLen                            0x20000522   Data           2  usbd_hid.o(.data)
    DataFeatReceLen                          0x20000524   Data           2  usbd_hid.o(.data)
    DataOutAsyncReq                          0x20000528   Data           4  usbd_hid.o(.data)
    DataOutUpdateReqMask                     0x2000052c   Data           4  usbd_hid.o(.data)
    DataOutProcessing                        0x20000530   Data           4  usbd_hid.o(.data)
    DataOutProcessPending                    0x20000534   Data           4  usbd_hid.o(.data)
    ptrDataOut                               0x20000538   Data           4  usbd_hid.o(.data)
    DataOutEndWithShortPacket                0x2000053c   Data           4  usbd_hid.o(.data)
    DataOutInProgress                        0x20000540   Data           4  usbd_hid.o(.data)
    ptrDataIn                                0x20000544   Data           4  usbd_hid.o(.data)
    ptrDataFeat                              0x20000548   Data           4  usbd_hid.o(.data)
    __microlib_freelist                      0x2000054c   Data           4  mvars.o(.data)
    __microlib_freelist_initialised          0x20000550   Data           4  mvars.o(.data)
    fnew                                     0x20000554   Data         548  main.o(.bss)
    FileInfo                                 0x20000778   Data          32  main.o(.bss)
    DirInfo                                  0x20000798   Data          36  main.o(.bss)
    fs                                       0x200007bc   Data         560  main.o(.bss)
    lFileName                                0x200009ec   Data         255  main.o(.bss)
    rData                                    0x20000aeb   Data        1024  main.o(.bss)
    USART_RX_BUF                             0x20000eeb   Data         200  usart.o(.bss)
    USART_TX_BUF                             0x20000fb3   Data         200  usart.o(.bss)
    usart_rx_data                            0x2000107b   Data          60  usart.o(.bss)
    Data_Buffer                              0x200010b8   Data         512  memory.o(.bss)
    Bulk_Data_Buff                           0x200012b8   Data          64  usb_bot.o(.bss)
    CBW                                      0x200012f8   Data          32  usb_bot.o(.bss)
    CSW                                      0x20001318   Data          16  usb_bot.o(.bss)
    buffer_out                               0x20001328   Data          64  usb_endp.o(.bss)
    temp                                     0x20001368   Data          60  usb_endp.o(.bss)
    Device_Info                              0x200013a4   Data          28  usb_init.o(.bss)
    DAP_Data                                 0x200013c0   Data          64  dap.o(.bss)
    USBD_EP0Buf                              0x20002400   Data          64  usb_config.o(.bss)
    USBD_HID_InReport                        0x20002440   Data          65  usb_config.o(.bss)
    USBD_HID_OutReport                       0x20002481   Data          65  usb_config.o(.bss)
    USBD_CDC_ACM_SendBuf                     0x200024c2   Data          64  usb_config.o(.bss)
    USBD_CDC_ACM_ReceiveBuf                  0x20002502   Data          64  usb_config.o(.bss)
    USBD_CDC_ACM_NotifyBuf                   0x20002542   Data          10  usb_config.o(.bss)
    W25QXX_BUFFER                            0x20004d84   Data        4096  w25qxx.o(.bss)
    __heap_base                              0x20005d88   Data           0  startup_stm32f10x_hd.o(HEAP)
    __heap_limit                             0x20006588   Data           0  startup_stm32f10x_hd.o(HEAP)
    __initial_sp                             0x20007588   Data           0  startup_stm32f10x_hd.o(STACK)



==============================================================================

Memory Map of the image

  Image Entry point : 0x08000131

  Load Region LR_IROM1 (Base: 0x08000000, Size: 0x000123d8, Max: 0x00080000, ABSOLUTE, COMPRESSED[0x000120a8])

    Execution Region ER_IROM1 (Exec base: 0x08000000, Load base: 0x08000000, Size: 0x00011e84, Max: 0x00080000, ABSOLUTE)

    Exec Addr    Load Addr    Size         Type   Attr      Idx    E Section Name        Object

    0x08000000   0x08000000   0x00000130   Data   RO          764    RESET               startup_stm32f10x_hd.o
    0x08000130   0x08000130   0x00000000   Code   RO         6733  * .ARM.Collect$$$$00000000  mc_w.l(entry.o)
    0x08000130   0x08000130   0x00000004   Code   RO         7047    .ARM.Collect$$$$00000001  mc_w.l(entry2.o)
    0x08000134   0x08000134   0x00000004   Code   RO         7050    .ARM.Collect$$$$00000004  mc_w.l(entry5.o)
    0x08000138   0x08000138   0x00000000   Code   RO         7052    .ARM.Collect$$$$00000008  mc_w.l(entry7b.o)
    0x08000138   0x08000138   0x00000000   Code   RO         7054    .ARM.Collect$$$$0000000A  mc_w.l(entry8b.o)
    0x08000138   0x08000138   0x00000008   Code   RO         7055    .ARM.Collect$$$$0000000B  mc_w.l(entry9a.o)
    0x08000140   0x08000140   0x00000000   Code   RO         7057    .ARM.Collect$$$$0000000D  mc_w.l(entry10a.o)
    0x08000140   0x08000140   0x00000000   Code   RO         7059    .ARM.Collect$$$$0000000F  mc_w.l(entry11a.o)
    0x08000140   0x08000140   0x00000004   Code   RO         7048    .ARM.Collect$$$$00002712  mc_w.l(entry2.o)
    0x08000144   0x08000144   0x00000024   Code   RO          765    .text               startup_stm32f10x_hd.o
    0x08000168   0x08000168   0x00000062   Code   RO         6736    .text               mc_w.l(uldiv.o)
    0x080001ca   0x080001ca   0x00000024   Code   RO         6738    .text               mc_w.l(memcpya.o)
    0x080001ee   0x080001ee   0x00000024   Code   RO         6740    .text               mc_w.l(memseta.o)
    0x08000212   0x08000212   0x00000024   Code   RO         6742    .text               mc_w.l(strstr.o)
    0x08000236   0x08000236   0x00000018   Code   RO         6744    .text               mc_w.l(strncpy.o)
    0x0800024e   0x0800024e   0x0000000e   Code   RO         6746    .text               mc_w.l(strlen.o)
    0x0800025c   0x0800025c   0x000000e4   Code   RO         7039    .text               mf_w.l(dmul.o)
    0x08000340   0x08000340   0x000000de   Code   RO         7041    .text               mf_w.l(ddiv.o)
    0x0800041e   0x0800041e   0x0000001a   Code   RO         7043    .text               mf_w.l(dfltui.o)
    0x08000438   0x08000438   0x00000032   Code   RO         7045    .text               mf_w.l(dfixui.o)
    0x0800046a   0x0800046a   0x0000001e   Code   RO         7063    .text               mc_w.l(llshl.o)
    0x08000488   0x08000488   0x00000020   Code   RO         7065    .text               mc_w.l(llushr.o)
    0x080004a8   0x080004a8   0x00000000   Code   RO         7069    .text               mc_w.l(iusefp.o)
    0x080004a8   0x080004a8   0x000000ba   Code   RO         7070    .text               mf_w.l(depilogue.o)
    0x08000562   0x08000562   0x00000002   PAD
    0x08000564   0x08000564   0x00000024   Code   RO         7078    .text               mc_w.l(init.o)
    0x08000588   0x08000588   0x00000056   Code   RO         7089    .text               mc_w.l(__dczerorl2.o)
    0x080005de   0x080005de   0x00000040   Code   RO         3360    i.Bot_Abort         usb_bot.o
    0x0800061e   0x0800061e   0x0000000c   Code   RO         4074    i.ByteSwap          usb_regs.o
    0x0800062a   0x0800062a   0x00000002   PAD
    0x0800062c   0x0800062c   0x000002c4   Code   RO         3361    i.CBW_Decode        usb_bot.o
    0x080008f0   0x080008f0   0x000000c8   Code   RO         4002    i.CTR_HP            usb_int.o
    0x080009b8   0x080009b8   0x00000288   Code   RO         4003    i.CTR_LP            usb_int.o
    0x08000c40   0x08000c40   0x0000001a   Code   RO         2638    i.Char2toByte       hex2bin.o
    0x08000c5a   0x08000c5a   0x00000026   Code   RO         2639    i.ChartoByte        hex2bin.o
    0x08000c80   0x08000c80   0x00000034   Code   RO         4075    i.ClearDTOG_RX      usb_regs.o
    0x08000cb4   0x08000cb4   0x00000034   Code   RO         4076    i.ClearDTOG_TX      usb_regs.o
    0x08000ce8   0x08000ce8   0x00000030   Code   RO         4898    i.ClearTrace        swo.o
    0x08000d18   0x08000d18   0x00000028   Code   RO         4081    i.Clear_Status_Out  usb_regs.o
    0x08000d40   0x08000d40   0x00000044   Code   RO         4482    i.DAP_Connect       dap.o
    0x08000d84   0x08000d84   0x00000048   Code   RO         4483    i.DAP_Delay         dap.o
    0x08000dcc   0x08000dcc   0x0000001c   Code   RO         4484    i.DAP_Disconnect    dap.o
    0x08000de8   0x08000de8   0x00000038   Code   RO         4485    i.DAP_Dummy_Transfer  dap.o
    0x08000e20   0x08000e20   0x0000004c   Code   RO         4487    i.DAP_HostStatus    dap.o
    0x08000e6c   0x08000e6c   0x0000007c   Code   RO         4488    i.DAP_Info          dap.o
    0x08000ee8   0x08000ee8   0x00000058   Code   RO         4489    i.DAP_JTAG_Configure  dap.o
    0x08000f40   0x08000f40   0x00000058   Code   RO         4490    i.DAP_JTAG_IDCode   dap.o
    0x08000f98   0x08000f98   0x0000005a   Code   RO         4491    i.DAP_JTAG_Sequence  dap.o
    0x08000ff2   0x08000ff2   0x00000002   PAD
    0x08000ff4   0x08000ff4   0x000003b0   Code   RO         4492    i.DAP_JTAG_Transfer  dap.o
    0x080013a4   0x080013a4   0x000001a0   Code   RO         4493    i.DAP_JTAG_TransferBlock  dap.o
    0x08001544   0x08001544   0x0000004c   Code   RO         4494    i.DAP_JTAG_WriteAbort  dap.o
    0x08001590   0x08001590   0x00000176   Code   RO         4495    i.DAP_ProcessCommand  dap.o
    0x08001706   0x08001706   0x00000080   Code   RO         4764    i.DAP_ProcessVendorCommand  dap_vendor.o
    0x08001786   0x08001786   0x00000010   Code   RO         4497    i.DAP_ResetTarget   dap.o
    0x08001796   0x08001796   0x00000002   PAD
    0x08001798   0x08001798   0x00000028   Code   RO         4498    i.DAP_SWD_Configure  dap.o
    0x080017c0   0x080017c0   0x000003a0   Code   RO         4499    i.DAP_SWD_Transfer  dap.o
    0x08001b60   0x08001b60   0x00000178   Code   RO         4500    i.DAP_SWD_TransferBlock  dap.o
    0x08001cd8   0x08001cd8   0x0000002c   Code   RO         4501    i.DAP_SWD_WriteAbort  dap.o
    0x08001d04   0x08001d04   0x00000078   Code   RO         4502    i.DAP_SWJ_Clock     dap.o
    0x08001d7c   0x08001d7c   0x00000200   Code   RO         4503    i.DAP_SWJ_Pins      dap.o
    0x08001f7c   0x08001f7c   0x00000028   Code   RO         4504    i.DAP_SWJ_Sequence  dap.o
    0x08001fa4   0x08001fa4   0x00000050   Code   RO         4505    i.DAP_Setup         dap.o
    0x08001ff4   0x08001ff4   0x00000044   Code   RO         4506    i.DAP_Transfer      dap.o
    0x08002038   0x08002038   0x00000064   Code   RO         4507    i.DAP_TransferBlock  dap.o
    0x0800209c   0x0800209c   0x00000030   Code   RO         4508    i.DAP_TransferConfigure  dap.o
    0x080020cc   0x080020cc   0x00000040   Code   RO         4509    i.DAP_WriteAbort    dap.o
    0x0800210c   0x0800210c   0x00000002   Code   RO         5555    i.DMA1_Channel1_Event  dma_stm32f10x.o
    0x0800210e   0x0800210e   0x00000002   PAD
    0x08002110   0x08002110   0x0000001c   Code   RO         5556    i.DMA1_Channel1_IRQHandler  dma_stm32f10x.o
    0x0800212c   0x0800212c   0x00000002   Code   RO         5557    i.DMA1_Channel2_Event  dma_stm32f10x.o
    0x0800212e   0x0800212e   0x00000002   PAD
    0x08002130   0x08002130   0x0000001c   Code   RO         5558    i.DMA1_Channel2_IRQHandler  dma_stm32f10x.o
    0x0800214c   0x0800214c   0x00000002   Code   RO         5559    i.DMA1_Channel3_Event  dma_stm32f10x.o
    0x0800214e   0x0800214e   0x00000002   PAD
    0x08002150   0x08002150   0x0000001c   Code   RO         5560    i.DMA1_Channel3_IRQHandler  dma_stm32f10x.o
    0x0800216c   0x0800216c   0x00000002   Code   RO         5561    i.DMA1_Channel4_Event  dma_stm32f10x.o
    0x0800216e   0x0800216e   0x00000002   PAD
    0x08002170   0x08002170   0x0000001c   Code   RO         5562    i.DMA1_Channel4_IRQHandler  dma_stm32f10x.o
    0x0800218c   0x0800218c   0x00000002   Code   RO         5563    i.DMA1_Channel5_Event  dma_stm32f10x.o
    0x0800218e   0x0800218e   0x00000002   PAD
    0x08002190   0x08002190   0x0000001c   Code   RO         5564    i.DMA1_Channel5_IRQHandler  dma_stm32f10x.o
    0x080021ac   0x080021ac   0x00000010   Code   RO         5813    i.DMA1_Channel6_Event  usart_stm32f10x.o
    0x080021bc   0x080021bc   0x0000001c   Code   RO         5566    i.DMA1_Channel6_IRQHandler  dma_stm32f10x.o
    0x080021d8   0x080021d8   0x00000010   Code   RO         5814    i.DMA1_Channel7_Event  usart_stm32f10x.o
    0x080021e8   0x080021e8   0x0000001c   Code   RO         5568    i.DMA1_Channel7_IRQHandler  dma_stm32f10x.o
    0x08002204   0x08002204   0x00000002   Code   RO         5569    i.DMA2_Channel1_Event  dma_stm32f10x.o
    0x08002206   0x08002206   0x00000002   PAD
    0x08002208   0x08002208   0x0000001c   Code   RO         5570    i.DMA2_Channel1_IRQHandler  dma_stm32f10x.o
    0x08002224   0x08002224   0x00000002   Code   RO         5571    i.DMA2_Channel2_Event  dma_stm32f10x.o
    0x08002226   0x08002226   0x00000002   PAD
    0x08002228   0x08002228   0x00000020   Code   RO         5572    i.DMA2_Channel2_IRQHandler  dma_stm32f10x.o
    0x08002248   0x08002248   0x00000002   Code   RO         5573    i.DMA2_Channel3_Event  dma_stm32f10x.o
    0x0800224a   0x0800224a   0x00000002   PAD
    0x0800224c   0x0800224c   0x00000020   Code   RO         5574    i.DMA2_Channel3_IRQHandler  dma_stm32f10x.o
    0x0800226c   0x0800226c   0x00000038   Code   RO         5575    i.DMA2_Channel4_5_IRQHandler  dma_stm32f10x.o
    0x080022a4   0x080022a4   0x00000002   Code   RO         5576    i.DMA2_Channel4_Event  dma_stm32f10x.o
    0x080022a6   0x080022a6   0x00000002   Code   RO         5578    i.DMA2_Channel5_Event  dma_stm32f10x.o
    0x080022a8   0x080022a8   0x000001d0   Code   RO         5579    i.DMA_ChannelInitialize  dma_stm32f10x.o
    0x08002478   0x08002478   0x00000164   Code   RO         5580    i.DMA_ChannelUninitialize  dma_stm32f10x.o
    0x080025dc   0x080025dc   0x0000001c   Code   RO         1760    i.DMA_ClearFlag     stm32f10x_dma.o
    0x080025f8   0x080025f8   0x00000018   Code   RO         1762    i.DMA_Cmd           stm32f10x_dma.o
    0x08002610   0x08002610   0x0000014c   Code   RO         1763    i.DMA_DeInit        stm32f10x_dma.o
    0x0800275c   0x0800275c   0x00000008   Code   RO         1764    i.DMA_GetCurrDataCounter  stm32f10x_dma.o
    0x08002764   0x08002764   0x00000012   Code   RO         1767    i.DMA_ITConfig      stm32f10x_dma.o
    0x08002776   0x08002776   0x0000003c   Code   RO         1768    i.DMA_Init          stm32f10x_dma.o
    0x080027b2   0x080027b2   0x00000004   Code   RO         1769    i.DMA_SetCurrDataCounter  stm32f10x_dma.o
    0x080027b6   0x080027b6   0x00000002   PAD
    0x080027b8   0x080027b8   0x000000c0   Code   RO         3836    i.DataStageIn       usb_core.o
    0x08002878   0x08002878   0x000000bc   Code   RO         3837    i.DataStageOut      usb_core.o
    0x08002934   0x08002934   0x00000298   Code   RO         3838    i.Data_Setup0       usb_core.o
    0x08002bcc   0x08002bcc   0x0000002c   Code   RO         4510    i.Delayms           dap.o
    0x08002bf8   0x08002bf8   0x00000008   Code   RO          281    i.Do_DAPUSB         cmsis-dap.o
    0x08002c00   0x08002c00   0x0000003c   Code   RO            4    i.Draw_Logo         main.o
    0x08002c3c   0x08002c3c   0x000015d4   Code   RO            5    i.Draw_Main         main.o
    0x08004210   0x08004210   0x000001f8   Code   RO            6    i.Draw_Menu         main.o
    0x08004408   0x08004408   0x00000008   Code   RO         3444    i.EP1_IN_Callback   usb_endp.o
    0x08004410   0x08004410   0x00000008   Code   RO         3445    i.EP2_OUT_Callback  usb_endp.o
    0x08004418   0x08004418   0x0000000c   Code   RO         3446    i.EP4_IN_Callback   usb_endp.o
    0x08004424   0x08004424   0x00000058   Code   RO         3447    i.EP6_OUT_Callback  usb_endp.o
    0x0800447c   0x0800447c   0x00000040   Code   RO         5199    i.EP_Reset          usbd_stm32f103.o
    0x080044bc   0x080044bc   0x0000004c   Code   RO         5200    i.EP_Status         usbd_stm32f103.o
    0x08004508   0x08004508   0x0000000c   Code   RO         1695    i.EXTI_ClearITPendingBit  stm32f10x_exti.o
    0x08004514   0x08004514   0x00000094   Code   RO         1700    i.EXTI_Init         stm32f10x_exti.o
    0x080045a8   0x080045a8   0x0000004c   Code   RO         1849    i.FLASH_ErasePage   stm32f10x_flash.o
    0x080045f4   0x080045f4   0x00000034   Code   RO         1850    i.FLASH_GetBank1Status  stm32f10x_flash.o
    0x08004628   0x08004628   0x00000580   Code   RO            7    i.FLASH_HEX_SWD     main.o
    0x08004ba8   0x08004ba8   0x00000014   Code   RO         1859    i.FLASH_Lock        stm32f10x_flash.o
    0x08004bbc   0x08004bbc   0x00000040   Code   RO         1862    i.FLASH_ProgramHalfWord  stm32f10x_flash.o
    0x08004bfc   0x08004bfc   0x00000410   Code   RO            8    i.FLASH_SWD         main.o
    0x0800500c   0x0800500c   0x00000018   Code   RO         1867    i.FLASH_Unlock      stm32f10x_flash.o
    0x08005024   0x08005024   0x00000026   Code   RO         1871    i.FLASH_WaitForLastOperation  stm32f10x_flash.o
    0x0800504a   0x0800504a   0x00000002   PAD
    0x0800504c   0x0800504c   0x0000009c   Code   RO         5768    i.GPIO_AFConfigure  gpio_stm32f10x.o
    0x080050e8   0x080050e8   0x00000098   Code   RO         5769    i.GPIO_GetPortClockState  gpio_stm32f10x.o
    0x08005180   0x08005180   0x00000116   Code   RO          882    i.GPIO_Init         stm32f10x_gpio.o
    0x08005296   0x08005296   0x00000078   Code   RO         5770    i.GPIO_PinConfigure  gpio_stm32f10x.o
    0x0800530e   0x0800530e   0x00000002   PAD
    0x08005310   0x08005310   0x00000090   Code   RO          884    i.GPIO_PinRemapConfig  stm32f10x_gpio.o
    0x080053a0   0x080053a0   0x0000013c   Code   RO         5771    i.GPIO_PortClock    gpio_stm32f10x.o
    0x080054dc   0x080054dc   0x00000004   Code   RO          889    i.GPIO_ResetBits    stm32f10x_gpio.o
    0x080054e0   0x080054e0   0x00000004   Code   RO          890    i.GPIO_SetBits      stm32f10x_gpio.o
    0x080054e4   0x080054e4   0x00000020   Code   RO         4093    i.GetEPRxAddr       usb_regs.o
    0x08005504   0x08005504   0x00000024   Code   RO         4094    i.GetEPRxCount      usb_regs.o
    0x08005528   0x08005528   0x00000020   Code   RO         4096    i.GetEPTxAddr       usb_regs.o
    0x08005548   0x08005548   0x00000048   Code   RO         4899    i.GetTraceCount     swo.o
    0x08005590   0x08005590   0x0000002c   Code   RO         4900    i.GetTraceSpace     swo.o
    0x080055bc   0x080055bc   0x00000030   Code   RO         4901    i.GetTraceStatus    swo.o
    0x080055ec   0x080055ec   0x00000048   Code   RO         3151    i.Get_SerialNum     hw_config.o
    0x08005634   0x08005634   0x000001b0   Code   RO         5385    i.HID_ProcessCommand  usbd_user_hid.o
    0x080057e4   0x080057e4   0x00000088   Code   RO          282    i.HardFault_Handler  cmsis-dap.o
    0x0800586c   0x0800586c   0x00000070   Code   RO         3839    i.In0_Process       usb_core.o
    0x080058dc   0x080058dc   0x0000003c   Code   RO          283    i.Init_DAPUSB       cmsis-dap.o
    0x08005918   0x08005918   0x00000088   Code   RO            9    i.Init_device       main.o
    0x080059a0   0x080059a0   0x00000038   Code   RO         6067    i.JTAG2SWD          swd_host.o
    0x080059d8   0x080059d8   0x00000020   Code   RO         4792    i.JTAG_IR           jtag_dp.o
    0x080059f8   0x080059f8   0x00000144   Code   RO         4793    i.JTAG_IR_Fast      jtag_dp.o
    0x08005b3c   0x08005b3c   0x00000290   Code   RO         4794    i.JTAG_IR_Slow      jtag_dp.o
    0x08005dcc   0x08005dcc   0x000001a8   Code   RO         4795    i.JTAG_ReadIDCode   jtag_dp.o
    0x08005f74   0x08005f74   0x000000a0   Code   RO         4796    i.JTAG_Sequence     jtag_dp.o
    0x08006014   0x08006014   0x00000024   Code   RO         4797    i.JTAG_Transfer     jtag_dp.o
    0x08006038   0x08006038   0x00000278   Code   RO         4798    i.JTAG_TransferFast  jtag_dp.o
    0x080062b0   0x080062b0   0x000004c8   Code   RO         4799    i.JTAG_TransferSlow  jtag_dp.o
    0x08006778   0x08006778   0x000002d4   Code   RO         4800    i.JTAG_WriteAbort   jtag_dp.o
    0x08006a4c   0x08006a4c   0x0000004c   Code   RO         2614    i.Key_Init          key.o
    0x08006a98   0x08006a98   0x00000050   Code   RO          284    i.LEDS_SETUP        cmsis-dap.o
    0x08006ae8   0x08006ae8   0x00000034   Code   RO         2590    i.LED_Init          led.o
    0x08006b1c   0x08006b1c   0x00000010   Code   RO          285    i.LedConnectedOff   cmsis-dap.o
    0x08006b2c   0x08006b2c   0x00000010   Code   RO          286    i.LedConnectedOn    cmsis-dap.o
    0x08006b3c   0x08006b3c   0x0000002c   Code   RO          287    i.LedConnectedOut   cmsis-dap.o
    0x08006b68   0x08006b68   0x00000010   Code   RO          289    i.LedRunningOff     cmsis-dap.o
    0x08006b78   0x08006b78   0x00000010   Code   RO          290    i.LedRunningOn      cmsis-dap.o
    0x08006b88   0x08006b88   0x0000004c   Code   RO          291    i.LedRunningOut     cmsis-dap.o
    0x08006bd4   0x08006bd4   0x0000000a   Code   RO         3154    i.MAL_Config        hw_config.o
    0x08006bde   0x08006bde   0x00000016   Code   RO         3246    i.MAL_GetStatus     mass_mal.o
    0x08006bf4   0x08006bf4   0x00000044   Code   RO         3247    i.MAL_Init          mass_mal.o
    0x08006c38   0x08006c38   0x00000026   Code   RO         3248    i.MAL_Read          mass_mal.o
    0x08006c5e   0x08006c5e   0x0000002e   Code   RO         3249    i.MAL_Write         mass_mal.o
    0x08006c8c   0x08006c8c   0x00000064   Code   RO         3527    i.MASS_Data_Setup   usb_prop.o
    0x08006cf0   0x08006cf0   0x00000014   Code   RO         3528    i.MASS_GetConfigDescriptor  usb_prop.o
    0x08006d04   0x08006d04   0x00000014   Code   RO         3529    i.MASS_GetDeviceDescriptor  usb_prop.o
    0x08006d18   0x08006d18   0x00000028   Code   RO         3530    i.MASS_GetStringDescriptor  usb_prop.o
    0x08006d40   0x08006d40   0x00000016   Code   RO         3531    i.MASS_Get_Interface_Setting  usb_prop.o
    0x08006d56   0x08006d56   0x00000002   PAD
    0x08006d58   0x08006d58   0x00000028   Code   RO         3532    i.MASS_NoData_Setup  usb_prop.o
    0x08006d80   0x08006d80   0x00000160   Code   RO         3533    i.MASS_Reset        usb_prop.o
    0x08006ee0   0x08006ee0   0x00000030   Code   RO         3534    i.MASS_Status_In    usb_prop.o
    0x08006f10   0x08006f10   0x00000002   Code   RO         3535    i.MASS_Status_Out   usb_prop.o
    0x08006f12   0x08006f12   0x00000002   PAD
    0x08006f14   0x08006f14   0x00000028   Code   RO         3536    i.MASS_init         usb_prop.o
    0x08006f3c   0x08006f3c   0x0000001c   Code   RO         3537    i.Mass_Storage_ClearFeature  usb_prop.o
    0x08006f58   0x08006f58   0x00000074   Code   RO         3362    i.Mass_Storage_In   usb_bot.o
    0x08006fcc   0x08006fcc   0x00000090   Code   RO         3363    i.Mass_Storage_Out  usb_bot.o
    0x0800705c   0x0800705c   0x00000030   Code   RO         3538    i.Mass_Storage_SetConfiguration  usb_prop.o
    0x0800708c   0x0800708c   0x0000000c   Code   RO         3539    i.Mass_Storage_SetDeviceAddress  usb_prop.o
    0x08007098   0x08007098   0x00000002   Code   RO         3840    i.NOP_Process       usb_core.o
    0x0800709a   0x0800709a   0x00000002   PAD
    0x0800709c   0x0800709c   0x00000018   Code   RO         5581    i.NVIC_ClearPendingIRQ  dma_stm32f10x.o
    0x080070b4   0x080070b4   0x00000018   Code   RO         5582    i.NVIC_DisableIRQ   dma_stm32f10x.o
    0x080070cc   0x080070cc   0x00000016   Code   RO         5583    i.NVIC_EnableIRQ    dma_stm32f10x.o
    0x080070e2   0x080070e2   0x00000002   PAD
    0x080070e4   0x080070e4   0x00000070   Code   RO          828    i.NVIC_Init         misc.o
    0x08007154   0x08007154   0x00000014   Code   RO          829    i.NVIC_PriorityGroupConfig  misc.o
    0x08007168   0x08007168   0x00000138   Code   RO         3841    i.NoData_Setup0     usb_core.o
    0x080072a0   0x080072a0   0x00000040   Code   RO         6335    i.OLED_Clear        oled.o
    0x080072e0   0x080072e0   0x00000076   Code   RO         6338    i.OLED_DrawBMP      oled.o
    0x08007356   0x08007356   0x00000002   PAD
    0x08007358   0x08007358   0x00000140   Code   RO         6339    i.OLED_Init         oled.o
    0x08007498   0x08007498   0x0000002e   Code   RO         6340    i.OLED_Set_Pos      oled.o
    0x080074c6   0x080074c6   0x00000002   PAD
    0x080074c8   0x080074c8   0x00000074   Code   RO         6341    i.OLED_ShowChar     oled.o
    0x0800753c   0x0800753c   0x00000064   Code   RO         6343    i.OLED_ShowString   oled.o
    0x080075a0   0x080075a0   0x00000074   Code   RO         6344    i.OLED_WR_Byte      oled.o
    0x08007614   0x08007614   0x00000050   Code   RO         3842    i.Out0_Process      usb_core.o
    0x08007664   0x08007664   0x0000001c   Code   RO          293    i.PIN_SWCLK_TCK_CLR  cmsis-dap.o
    0x08007680   0x08007680   0x0000001c   Code   RO         4684    i.PIN_SWCLK_TCK_CLR  sw_dp.o
    0x0800769c   0x0800769c   0x0000001c   Code   RO         4801    i.PIN_SWCLK_TCK_CLR  jtag_dp.o
    0x080076b8   0x080076b8   0x00000020   Code   RO         4511    i.PIN_SWCLK_TCK_IN  dap.o
    0x080076d8   0x080076d8   0x0000001c   Code   RO          294    i.PIN_SWCLK_TCK_SET  cmsis-dap.o
    0x080076f4   0x080076f4   0x0000001c   Code   RO         4685    i.PIN_SWCLK_TCK_SET  sw_dp.o
    0x08007710   0x08007710   0x0000001c   Code   RO         4802    i.PIN_SWCLK_TCK_SET  jtag_dp.o
    0x0800772c   0x0800772c   0x00000030   Code   RO          295    i.PIN_SWDIO_IN      cmsis-dap.o
    0x0800775c   0x0800775c   0x00000030   Code   RO         4686    i.PIN_SWDIO_IN      sw_dp.o
    0x0800778c   0x0800778c   0x00000038   Code   RO          296    i.PIN_SWDIO_OUT     cmsis-dap.o
    0x080077c4   0x080077c4   0x00000038   Code   RO         4687    i.PIN_SWDIO_OUT     sw_dp.o
    0x080077fc   0x080077fc   0x0000003c   Code   RO         4688    i.PIN_SWDIO_OUT_DISABLE  sw_dp.o
    0x08007838   0x08007838   0x0000003c   Code   RO          297    i.PIN_SWDIO_OUT_ENABLE  cmsis-dap.o
    0x08007874   0x08007874   0x0000003c   Code   RO         4689    i.PIN_SWDIO_OUT_ENABLE  sw_dp.o
    0x080078b0   0x080078b0   0x00000028   Code   RO         4803    i.PIN_SWDIO_TMS_CLR  jtag_dp.o
    0x080078d8   0x080078d8   0x00000028   Code   RO         4512    i.PIN_SWDIO_TMS_IN  dap.o
    0x08007900   0x08007900   0x00000028   Code   RO         4804    i.PIN_SWDIO_TMS_SET  jtag_dp.o
    0x08007928   0x08007928   0x00000010   Code   RO         4513    i.PIN_TDI_IN        dap.o
    0x08007938   0x08007938   0x0000001c   Code   RO         4805    i.PIN_TDI_OUT       jtag_dp.o
    0x08007954   0x08007954   0x00000010   Code   RO         4806    i.PIN_TDO_IN        jtag_dp.o
    0x08007964   0x08007964   0x00000028   Code   RO         4044    i.PMAToUserBufferCopy  usb_mem.o
    0x0800798c   0x0800798c   0x00000068   Code   RO          298    i.PORT_JTAG_SETUP   cmsis-dap.o
    0x080079f4   0x080079f4   0x00000058   Code   RO          299    i.PORT_OFF          cmsis-dap.o
    0x08007a4c   0x08007a4c   0x00000068   Code   RO          300    i.PORT_SWD_SETUP    cmsis-dap.o
    0x08007ab4   0x08007ab4   0x0000002c   Code   RO          301    i.PORT_USB_CONNECT_SETUP  cmsis-dap.o
    0x08007ae0   0x08007ae0   0x00000048   Code   RO         3843    i.Post0_Process     usb_core.o
    0x08007b28   0x08007b28   0x00000040   Code   RO         3656    i.PowerOn           usb_pwr.o
    0x08007b68   0x08007b68   0x00000020   Code   RO         1003    i.RCC_AHBPeriphClockCmd  stm32f10x_rcc.o
    0x08007b88   0x08007b88   0x00000020   Code   RO         1004    i.RCC_APB1PeriphClockCmd  stm32f10x_rcc.o
    0x08007ba8   0x08007ba8   0x00000020   Code   RO         1006    i.RCC_APB2PeriphClockCmd  stm32f10x_rcc.o
    0x08007bc8   0x08007bc8   0x000000d4   Code   RO         1014    i.RCC_GetClocksFreq  stm32f10x_rcc.o
    0x08007c9c   0x08007c9c   0x0000000c   Code   RO         1032    i.RCC_USBCLKConfig  stm32f10x_rcc.o
    0x08007ca8   0x08007ca8   0x00000390   Code   RO          302    i.RST_Transfer      cmsis-dap.o
    0x08008038   0x08008038   0x00000104   Code   RO         3291    i.Read_Memory       memory.o
    0x0800813c   0x0800813c   0x0000008c   Code   RO         3709    i.SCSI_Address_Management  usb_scsi.o
    0x080081c8   0x080081c8   0x00000030   Code   RO         3710    i.SCSI_Format_Cmd   usb_scsi.o
    0x080081f8   0x080081f8   0x00000048   Code   RO         3711    i.SCSI_Inquiry_Cmd  usb_scsi.o
    0x08008240   0x08008240   0x00000044   Code   RO         3712    i.SCSI_Invalid_Cmd  usb_scsi.o
    0x08008284   0x08008284   0x00000014   Code   RO         3713    i.SCSI_ModeSense10_Cmd  usb_scsi.o
    0x08008298   0x08008298   0x00000014   Code   RO         3714    i.SCSI_ModeSense6_Cmd  usb_scsi.o
    0x080082ac   0x080082ac   0x00000078   Code   RO         3715    i.SCSI_Read10_Cmd   usb_scsi.o
    0x08008324   0x08008324   0x0000009c   Code   RO         3716    i.SCSI_ReadCapacity10_Cmd  usb_scsi.o
    0x080083c0   0x080083c0   0x00000088   Code   RO         3717    i.SCSI_ReadFormatCapacity_Cmd  usb_scsi.o
    0x08008448   0x08008448   0x00000028   Code   RO         3718    i.SCSI_RequestSense_Cmd  usb_scsi.o
    0x08008470   0x08008470   0x0000000e   Code   RO         3719    i.SCSI_Start_Stop_Unit_Cmd  usb_scsi.o
    0x0800847e   0x0800847e   0x00000002   PAD
    0x08008480   0x08008480   0x00000038   Code   RO         3720    i.SCSI_TestUnitReady_Cmd  usb_scsi.o
    0x080084b8   0x080084b8   0x00000040   Code   RO         3722    i.SCSI_Verify10_Cmd  usb_scsi.o
    0x080084f8   0x080084f8   0x00000078   Code   RO         3723    i.SCSI_Write10_Cmd  usb_scsi.o
    0x08008570   0x08008570   0x00000094   Code   RO          726    i.SPI2_Init         spi.o
    0x08008604   0x08008604   0x00000054   Code   RO          727    i.SPI2_ReadWriteByte  spi.o
    0x08008658   0x08008658   0x00000028   Code   RO          728    i.SPI2_SetSpeed     spi.o
    0x08008680   0x08008680   0x00000018   Code   RO         1219    i.SPI_Cmd           stm32f10x_spi.o
    0x08008698   0x08008698   0x00000012   Code   RO         1227    i.SPI_I2S_GetFlagStatus  stm32f10x_spi.o
    0x080086aa   0x080086aa   0x00000006   Code   RO         1230    i.SPI_I2S_ReceiveData  stm32f10x_spi.o
    0x080086b0   0x080086b0   0x00000004   Code   RO         1231    i.SPI_I2S_SendData  stm32f10x_spi.o
    0x080086b4   0x080086b4   0x0000003c   Code   RO         1232    i.SPI_Init          stm32f10x_spi.o
    0x080086f0   0x080086f0   0x00000024   Code   RO         4690    i.SWD_Transfer      sw_dp.o
    0x08008714   0x08008714   0x0000031c   Code   RO         4691    i.SWD_TransferFast  sw_dp.o
    0x08008a30   0x08008a30   0x000007d8   Code   RO         4692    i.SWD_TransferSlow  sw_dp.o
    0x08009208   0x08009208   0x000000ac   Code   RO         4693    i.SWJ_Sequence      sw_dp.o
    0x080092b4   0x080092b4   0x0000005c   Code   RO         4902    i.SWO_Baudrate      swo.o
    0x08009310   0x08009310   0x00000060   Code   RO         4903    i.SWO_Control       swo.o
    0x08009370   0x08009370   0x000000d0   Code   RO         4904    i.SWO_Data          swo.o
    0x08009440   0x08009440   0x00000070   Code   RO         4905    i.SWO_Mode          swo.o
    0x080094b0   0x080094b0   0x00000050   Code   RO         4906    i.SWO_Status        swo.o
    0x08009500   0x08009500   0x00000048   Code   RO         4907    i.SWO_Transport     swo.o
    0x08009548   0x08009548   0x00000080   Code   RO           10    i.Scan_Key          main.o
    0x080095c8   0x080095c8   0x00000010   Code   RO         4104    i.SetBTABLE         usb_regs.o
    0x080095d8   0x080095d8   0x00000050   Code   RO         3844    i.SetDeviceAddress  usb_core.o
    0x08009628   0x08009628   0x00000024   Code   RO         4118    i.SetEPRxAddr       usb_regs.o
    0x0800964c   0x0800964c   0x0000004c   Code   RO         4119    i.SetEPRxCount      usb_regs.o
    0x08009698   0x08009698   0x00000040   Code   RO         4120    i.SetEPRxStatus     usb_regs.o
    0x080096d8   0x080096d8   0x00000034   Code   RO         4121    i.SetEPRxValid      usb_regs.o
    0x0800970c   0x0800970c   0x00000020   Code   RO         4122    i.SetEPTxAddr       usb_regs.o
    0x0800972c   0x0800972c   0x0000001c   Code   RO         4123    i.SetEPTxCount      usb_regs.o
    0x08009748   0x08009748   0x00000040   Code   RO         4124    i.SetEPTxStatus     usb_regs.o
    0x08009788   0x08009788   0x00000034   Code   RO         4125    i.SetEPTxValid      usb_regs.o
    0x080097bc   0x080097bc   0x00000024   Code   RO         4126    i.SetEPType         usb_regs.o
    0x080097e0   0x080097e0   0x00000008   Code   RO          772    i.SetSysClock       system_stm32f10x.o
    0x080097e8   0x080097e8   0x000000e0   Code   RO          773    i.SetSysClockTo72   system_stm32f10x.o
    0x080098c8   0x080098c8   0x0000001c   Code   RO         4908    i.SetTraceError     swo.o
    0x080098e4   0x080098e4   0x0000003c   Code   RO         3364    i.Set_CSW           usb_bot.o
    0x08009920   0x08009920   0x0000000c   Code   RO         3724    i.Set_Scsi_Sense_Data  usb_scsi.o
    0x0800992c   0x0800992c   0x0000001c   Code   RO         3155    i.Set_System        hw_config.o
    0x08009948   0x08009948   0x00000012   Code   RO         3156    i.Set_USBClock      hw_config.o
    0x0800995a   0x0800995a   0x00000002   PAD
    0x0800995c   0x0800995c   0x000000b8   Code   RO         3845    i.Setup0_Process    usb_core.o
    0x08009a14   0x08009a14   0x0000016c   Code   RO         3846    i.Standard_ClearFeature  usb_core.o
    0x08009b80   0x08009b80   0x0000002c   Code   RO         3847    i.Standard_GetConfiguration  usb_core.o
    0x08009bac   0x08009bac   0x00000024   Code   RO         3848    i.Standard_GetDescriptorData  usb_core.o
    0x08009bd0   0x08009bd0   0x0000002c   Code   RO         3849    i.Standard_GetInterface  usb_core.o
    0x08009bfc   0x08009bfc   0x00000100   Code   RO         3850    i.Standard_GetStatus  usb_core.o
    0x08009cfc   0x08009cfc   0x00000048   Code   RO         3851    i.Standard_SetConfiguration  usb_core.o
    0x08009d44   0x08009d44   0x00000028   Code   RO         3852    i.Standard_SetDeviceFeature  usb_core.o
    0x08009d6c   0x08009d6c   0x000000d0   Code   RO         3853    i.Standard_SetEndPointFeature  usb_core.o
    0x08009e3c   0x08009e3c   0x0000006c   Code   RO         3854    i.Standard_SetInterface  usb_core.o
    0x08009ea8   0x08009ea8   0x00000028   Code   RO          832    i.SysTick_CLKSourceConfig  misc.o
    0x08009ed0   0x08009ed0   0x00000074   Code   RO          303    i.SysTick_Handler   cmsis-dap.o
    0x08009f44   0x08009f44   0x00000060   Code   RO          775    i.SystemInit        system_stm32f10x.o
    0x08009fa4   0x08009fa4   0x00000038   Code   RO         3365    i.Transfer_Data_Request  usb_bot.o
    0x08009fdc   0x08009fdc   0x00000064   Code   RO         5477    i.UART_Callback     usbd_user_cdc_acm.o
    0x0800a040   0x0800a040   0x000000cc   Code   RO         4909    i.UART_SWO_Baudrate  swo.o
    0x0800a10c   0x0800a10c   0x00000018   Code   RO         4910    i.UART_SWO_Capture  swo.o
    0x0800a124   0x0800a124   0x00000088   Code   RO         4911    i.UART_SWO_Control  swo.o
    0x0800a1ac   0x0800a1ac   0x0000005c   Code   RO         4912    i.UART_SWO_Mode     swo.o
    0x0800a208   0x0800a208   0x00000018   Code   RO         4913    i.UART_SWO_Update   swo.o
    0x0800a220   0x0800a220   0x00000058   Code   RO          610    i.USART1_IRQHandler  usart.o
    0x0800a278   0x0800a278   0x00000018   Code   RO         5815    i.USART2_Control    usart_stm32f10x.o
    0x0800a290   0x0800a290   0x00000010   Code   RO         5816    i.USART2_GetCapabilities  usart_stm32f10x.o
    0x0800a2a0   0x0800a2a0   0x00000010   Code   RO         5817    i.USART2_GetModemStatus  usart_stm32f10x.o
    0x0800a2b0   0x0800a2b0   0x00000010   Code   RO         5818    i.USART2_GetRxCount  usart_stm32f10x.o
    0x0800a2c0   0x0800a2c0   0x00000010   Code   RO         5819    i.USART2_GetStatus  usart_stm32f10x.o
    0x0800a2d0   0x0800a2d0   0x00000010   Code   RO         5820    i.USART2_GetTxCount  usart_stm32f10x.o
    0x0800a2e0   0x0800a2e0   0x00000010   Code   RO         5821    i.USART2_IRQHandler  usart_stm32f10x.o
    0x0800a2f0   0x0800a2f0   0x00000014   Code   RO         5822    i.USART2_Initialize  usart_stm32f10x.o
    0x0800a304   0x0800a304   0x00000014   Code   RO         5823    i.USART2_PowerControl  usart_stm32f10x.o
    0x0800a318   0x0800a318   0x00000018   Code   RO         5824    i.USART2_Receive    usart_stm32f10x.o
    0x0800a330   0x0800a330   0x00000018   Code   RO         5825    i.USART2_Send       usart_stm32f10x.o
    0x0800a348   0x0800a348   0x00000014   Code   RO         5826    i.USART2_SetModemControl  usart_stm32f10x.o
    0x0800a35c   0x0800a35c   0x0000001c   Code   RO         5827    i.USART2_Transfer   usart_stm32f10x.o
    0x0800a378   0x0800a378   0x00000010   Code   RO         5828    i.USART2_Uninitialize  usart_stm32f10x.o
    0x0800a388   0x0800a388   0x00000074   Code   RO         4914    i.USART_Callback    swo.o
    0x0800a3fc   0x0800a3fc   0x0000001e   Code   RO         1371    i.USART_ClearITPendingBit  stm32f10x_usart.o
    0x0800a41a   0x0800a41a   0x00000018   Code   RO         1374    i.USART_Cmd         stm32f10x_usart.o
    0x0800a432   0x0800a432   0x00000002   PAD
    0x0800a434   0x0800a434   0x00000822   Code   RO         5829    i.USART_Control     usart_stm32f10x.o
    0x0800ac56   0x0800ac56   0x00000012   Code   RO         1375    i.USART_DMACmd      stm32f10x_usart.o
    0x0800ac68   0x0800ac68   0x00000006   Code   RO         5830    i.USART_GetCapabilities  usart_stm32f10x.o
    0x0800ac6e   0x0800ac6e   0x00000054   Code   RO         1378    i.USART_GetITStatus  stm32f10x_usart.o
    0x0800acc2   0x0800acc2   0x00000090   Code   RO         5831    i.USART_GetModemStatus  usart_stm32f10x.o
    0x0800ad52   0x0800ad52   0x0000001a   Code   RO         5832    i.USART_GetRxCount  usart_stm32f10x.o
    0x0800ad6c   0x0800ad6c   0x000000d4   Code   RO         5833    i.USART_GetStatus   usart_stm32f10x.o
    0x0800ae40   0x0800ae40   0x0000001a   Code   RO         5834    i.USART_GetTxCount  usart_stm32f10x.o
    0x0800ae5a   0x0800ae5a   0x00000270   Code   RO         5835    i.USART_IRQHandler  usart_stm32f10x.o
    0x0800b0ca   0x0800b0ca   0x0000004a   Code   RO         1380    i.USART_ITConfig    stm32f10x_usart.o
    0x0800b114   0x0800b114   0x000000d8   Code   RO         1381    i.USART_Init        stm32f10x_usart.o
    0x0800b1ec   0x0800b1ec   0x000000a2   Code   RO         5836    i.USART_Initialize  usart_stm32f10x.o
    0x0800b28e   0x0800b28e   0x00000002   PAD
    0x0800b290   0x0800b290   0x000000d8   Code   RO         5837    i.USART_PeripheralReset  usart_stm32f10x.o
    0x0800b368   0x0800b368   0x00000234   Code   RO         5838    i.USART_PowerControl  usart_stm32f10x.o
    0x0800b59c   0x0800b59c   0x00000082   Code   RO         5839    i.USART_RX_DMA_Complete  usart_stm32f10x.o
    0x0800b61e   0x0800b61e   0x00000122   Code   RO         5840    i.USART_Receive     usart_stm32f10x.o
    0x0800b740   0x0800b740   0x0000000a   Code   RO         1388    i.USART_ReceiveData  stm32f10x_usart.o
    0x0800b74a   0x0800b74a   0x000000f6   Code   RO         5841    i.USART_Send        usart_stm32f10x.o
    0x0800b840   0x0800b840   0x0000009c   Code   RO         5842    i.USART_SetModemControl  usart_stm32f10x.o
    0x0800b8dc   0x0800b8dc   0x0000004a   Code   RO         5843    i.USART_TX_DMA_Complete  usart_stm32f10x.o
    0x0800b926   0x0800b926   0x0000006a   Code   RO         5844    i.USART_Transfer    usart_stm32f10x.o
    0x0800b990   0x0800b990   0x0000006c   Code   RO         5845    i.USART_Uninitialize  usart_stm32f10x.o
    0x0800b9fc   0x0800b9fc   0x00000010   Code   RO         5846    i.USARTx_GetVersion  usart_stm32f10x.o
    0x0800ba0c   0x0800ba0c   0x00000004   Code   RO         6582    i.USBD_CDC_ACM_ClearCommFeature  USB_CM3.lib(usbd_cdc_acm.o)
    0x0800ba10   0x0800ba10   0x00000034   Code   RO         6584    i.USBD_CDC_ACM_DataRead  USB_CM3.lib(usbd_cdc_acm.o)
    0x0800ba44   0x0800ba44   0x00000038   Code   RO         5478    i.USBD_CDC_ACM_DataReceived  usbd_user_cdc_acm.o
    0x0800ba7c   0x0800ba7c   0x0000001c   Code   RO         6587    i.USBD_CDC_ACM_EP_BULKIN_Event  USB_CM3.lib(usbd_cdc_acm.o)
    0x0800ba98   0x0800ba98   0x000000a8   Code   RO         6588    i.USBD_CDC_ACM_EP_BULKIN_HandleData  USB_CM3.lib(usbd_cdc_acm.o)
    0x0800bb40   0x0800bb40   0x00000034   Code   RO         6589    i.USBD_CDC_ACM_EP_BULKOUT_Event  USB_CM3.lib(usbd_cdc_acm.o)
    0x0800bb74   0x0800bb74   0x00000068   Code   RO         6590    i.USBD_CDC_ACM_EP_BULKOUT_HandleData  USB_CM3.lib(usbd_cdc_acm.o)
    0x0800bbdc   0x0800bbdc   0x0000001e   Code   RO         6591    i.USBD_CDC_ACM_EP_BULK_Event  USB_CM3.lib(usbd_cdc_acm.o)
    0x0800bbfa   0x0800bbfa   0x00000002   Code   RO         6592    i.USBD_CDC_ACM_EP_INTIN_Event  USB_CM3.lib(usbd_cdc_acm.o)
    0x0800bbfc   0x0800bbfc   0x00000004   Code   RO         6594    i.USBD_CDC_ACM_GetCommFeature  USB_CM3.lib(usbd_cdc_acm.o)
    0x0800bc00   0x0800bc00   0x00000004   Code   RO         6595    i.USBD_CDC_ACM_GetEncapsulatedResponse  USB_CM3.lib(usbd_cdc_acm.o)
    0x0800bc04   0x0800bc04   0x00000038   Code   RO         6596    i.USBD_CDC_ACM_GetLineCoding  USB_CM3.lib(usbd_cdc_acm.o)
    0x0800bc3c   0x0800bc3c   0x00000008   Code   RO         6597    i.USBD_CDC_ACM_Initialize  USB_CM3.lib(usbd_cdc_acm.o)
    0x0800bc44   0x0800bc44   0x00000018   Code   RO         5479    i.USBD_CDC_ACM_PortGetLineCoding  usbd_user_cdc_acm.o
    0x0800bc5c   0x0800bc5c   0x00000020   Code   RO         5480    i.USBD_CDC_ACM_PortInitialize  usbd_user_cdc_acm.o
    0x0800bc7c   0x0800bc7c   0x00000020   Code   RO         5481    i.USBD_CDC_ACM_PortReset  usbd_user_cdc_acm.o
    0x0800bc9c   0x0800bc9c   0x00000006   Code   RO         5482    i.USBD_CDC_ACM_PortSetControlLineState  usbd_user_cdc_acm.o
    0x0800bca2   0x0800bca2   0x00000002   PAD
    0x0800bca4   0x0800bca4   0x00000118   Code   RO         5483    i.USBD_CDC_ACM_PortSetLineCoding  usbd_user_cdc_acm.o
    0x0800bdbc   0x0800bdbc   0x00000050   Code   RO         6606    i.USBD_CDC_ACM_Reset  USB_CM3.lib(usbd_cdc_acm.o)
    0x0800be0c   0x0800be0c   0x00000008   Code   RO         6607    i.USBD_CDC_ACM_Reset_Event  USB_CM3.lib(usbd_cdc_acm.o)
    0x0800be14   0x0800be14   0x00000068   Code   RO         6608    i.USBD_CDC_ACM_SOF_Event  USB_CM3.lib(usbd_cdc_acm.o)
    0x0800be7c   0x0800be7c   0x00000004   Code   RO         6609    i.USBD_CDC_ACM_SendBreak  USB_CM3.lib(usbd_cdc_acm.o)
    0x0800be80   0x0800be80   0x00000004   Code   RO         6610    i.USBD_CDC_ACM_SendEncapsulatedCommand  USB_CM3.lib(usbd_cdc_acm.o)
    0x0800be84   0x0800be84   0x00000004   Code   RO         6611    i.USBD_CDC_ACM_SetCommFeature  USB_CM3.lib(usbd_cdc_acm.o)
    0x0800be88   0x0800be88   0x00000010   Code   RO         6612    i.USBD_CDC_ACM_SetControlLineState  USB_CM3.lib(usbd_cdc_acm.o)
    0x0800be98   0x0800be98   0x0000002c   Code   RO         6613    i.USBD_CDC_ACM_SetLineCoding  USB_CM3.lib(usbd_cdc_acm.o)
    0x0800bec4   0x0800bec4   0x00000016   Code   RO         5202    i.USBD_ClrStallEP   usbd_stm32f103.o
    0x0800beda   0x0800beda   0x00000002   PAD
    0x0800bedc   0x0800bedc   0x000000c8   Code   RO         5203    i.USBD_ConfigEP     usbd_stm32f103.o
    0x0800bfa4   0x0800bfa4   0x00000018   Code   RO         5204    i.USBD_Configure    usbd_stm32f103.o
    0x0800bfbc   0x0800bfbc   0x00000004   Code   RO         5022    i.USBD_Configure_Event  usb_config.o
    0x0800bfc0   0x0800bfc0   0x00000038   Code   RO         5205    i.USBD_Connect      usbd_stm32f103.o
    0x0800bff8   0x0800bff8   0x00000038   Code   RO         6541    i.USBD_DataInStage  USB_CM3.lib(usbd_core.o)
    0x0800c030   0x0800c030   0x00000020   Code   RO         6542    i.USBD_DataOutStage  USB_CM3.lib(usbd_core.o)
    0x0800c050   0x0800c050   0x00000002   Code   RO         5206    i.USBD_DirCtrlEP    usbd_stm32f103.o
    0x0800c052   0x0800c052   0x0000000e   Code   RO         5207    i.USBD_DisableEP    usbd_stm32f103.o
    0x0800c060   0x0800c060   0x00000010   Code   RO         5208    i.USBD_EnableEP     usbd_stm32f103.o
    0x0800c070   0x0800c070   0x00000264   Code   RO         6543    i.USBD_EndPoint0    USB_CM3.lib(usbd_core.o)
    0x0800c2d4   0x0800c2d4   0x00000004   Code   RO         5023    i.USBD_EndPoint0_Out_ADC_ReqToEP  usb_config.o
    0x0800c2d8   0x0800c2d8   0x00000004   Code   RO         5024    i.USBD_EndPoint0_Out_ADC_ReqToIF  usb_config.o
    0x0800c2dc   0x0800c2dc   0x00000050   Code   RO         6711    i.USBD_EndPoint0_Out_CDC_ReqToIF  USB_CM3.lib(usbd_core_cdc.o)
    0x0800c32c   0x0800c32c   0x00000004   Code   RO         5025    i.USBD_EndPoint0_Out_CLS_ReqToDEV  usb_config.o
    0x0800c330   0x0800c330   0x00000004   Code   RO         5026    i.USBD_EndPoint0_Out_CLS_ReqToEP  usb_config.o
    0x0800c334   0x0800c334   0x00000004   Code   RO         5027    i.USBD_EndPoint0_Out_CLS_ReqToIF  usb_config.o
    0x0800c338   0x0800c338   0x00000030   Code   RO         6721    i.USBD_EndPoint0_Out_HID_ReqToIF  USB_CM3.lib(usbd_core_hid.o)
    0x0800c368   0x0800c368   0x00000004   Code   RO         5029    i.USBD_EndPoint0_Setup_ADC_ReqToEP  usb_config.o
    0x0800c36c   0x0800c36c   0x00000004   Code   RO         5030    i.USBD_EndPoint0_Setup_ADC_ReqToIF  usb_config.o
    0x0800c370   0x0800c370   0x000000a0   Code   RO         6712    i.USBD_EndPoint0_Setup_CDC_ReqToIF  USB_CM3.lib(usbd_core_cdc.o)
    0x0800c410   0x0800c410   0x00000004   Code   RO         5031    i.USBD_EndPoint0_Setup_CLS_ReqToDEV  usb_config.o
    0x0800c414   0x0800c414   0x00000004   Code   RO         5032    i.USBD_EndPoint0_Setup_CLS_ReqToEP  usb_config.o
    0x0800c418   0x0800c418   0x00000004   Code   RO         5033    i.USBD_EndPoint0_Setup_CLS_ReqToIF  usb_config.o
    0x0800c41c   0x0800c41c   0x000000ac   Code   RO         6722    i.USBD_EndPoint0_Setup_HID_ReqToIF  USB_CM3.lib(usbd_core_hid.o)
    0x0800c4c8   0x0800c4c8   0x00000004   Code   RO         5034    i.USBD_EndPoint0_Setup_MSC_ReqToIF  usb_config.o
    0x0800c4cc   0x0800c4cc   0x00000028   Code   RO         6664    i.USBD_HID_Configure_Event  USB_CM3.lib(usbd_hid.o)
    0x0800c4f4   0x0800c4f4   0x00000164   Code   RO         6665    i.USBD_HID_EP_INTIN_Event  USB_CM3.lib(usbd_hid.o)
    0x0800c658   0x0800c658   0x00000084   Code   RO         6666    i.USBD_HID_EP_INTOUT_Event  USB_CM3.lib(usbd_hid.o)
    0x0800c6dc   0x0800c6dc   0x0000001e   Code   RO         6667    i.USBD_HID_EP_INT_Event  USB_CM3.lib(usbd_hid.o)
    0x0800c6fa   0x0800c6fa   0x00000002   PAD
    0x0800c6fc   0x0800c6fc   0x0000001c   Code   RO         6668    i.USBD_HID_GetIdle  USB_CM3.lib(usbd_hid.o)
    0x0800c718   0x0800c718   0x00000014   Code   RO         6669    i.USBD_HID_GetProtocol  USB_CM3.lib(usbd_hid.o)
    0x0800c72c   0x0800c72c   0x0000003c   Code   RO         6670    i.USBD_HID_GetReport  USB_CM3.lib(usbd_hid.o)
    0x0800c768   0x0800c768   0x00000148   Code   RO         6671    i.USBD_HID_SOF_Event  USB_CM3.lib(usbd_hid.o)
    0x0800c8b0   0x0800c8b0   0x0000003c   Code   RO         6672    i.USBD_HID_SetIdle  USB_CM3.lib(usbd_hid.o)
    0x0800c8ec   0x0800c8ec   0x00000014   Code   RO         6673    i.USBD_HID_SetProtocol  USB_CM3.lib(usbd_hid.o)
    0x0800c900   0x0800c900   0x00000040   Code   RO         6674    i.USBD_HID_SetReport  USB_CM3.lib(usbd_hid.o)
    0x0800c940   0x0800c940   0x0000001c   Code   RO         5210    i.USBD_Init         usbd_stm32f103.o
    0x0800c95c   0x0800c95c   0x00000016   Code   RO         5211    i.USBD_IntrEna      usbd_stm32f103.o
    0x0800c972   0x0800c972   0x00000002   Code   RO         5035    i.USBD_RTX_TaskInit  usb_config.o
    0x0800c974   0x0800c974   0x00000060   Code   RO         5212    i.USBD_ReadEP       usbd_stm32f103.o
    0x0800c9d4   0x0800c9d4   0x00000002   Code   RO         5036    i.USBD_ReqClrFeature_MSC  usb_config.o
    0x0800c9d6   0x0800c9d6   0x00000002   PAD
    0x0800c9d8   0x0800c9d8   0x00000130   Code   RO         6568    i.USBD_ReqGetDescriptor  USB_CM3.lib(usbd_core.o)
    0x0800cb08   0x0800cb08   0x00000084   Code   RO         6723    i.USBD_ReqGetDescriptor_HID  USB_CM3.lib(usbd_core_hid.o)
    0x0800cb8c   0x0800cb8c   0x0000007c   Code   RO         6574    i.USBD_ReqGetStatus  USB_CM3.lib(usbd_core.o)
    0x0800cc08   0x0800cc08   0x000000ac   Code   RO         6566    i.USBD_ReqSetClrFeature  USB_CM3.lib(usbd_core.o)
    0x0800ccb4   0x0800ccb4   0x00000190   Code   RO         6570    i.USBD_ReqSetConfiguration  USB_CM3.lib(usbd_core.o)
    0x0800ce44   0x0800ce44   0x0000012c   Code   RO         6572    i.USBD_ReqSetInterface  USB_CM3.lib(usbd_core.o)
    0x0800cf70   0x0800cf70   0x000000b4   Code   RO         5213    i.USBD_Reset        usbd_stm32f103.o
    0x0800d024   0x0800d024   0x0000000c   Code   RO         5214    i.USBD_ResetEP      usbd_stm32f103.o
    0x0800d030   0x0800d030   0x00000004   Code   RO         5037    i.USBD_Reset_Event  usb_config.o
    0x0800d034   0x0800d034   0x0000000e   Code   RO         5038    i.USBD_SOF_Event    usb_config.o
    0x0800d042   0x0800d042   0x00000002   PAD
    0x0800d044   0x0800d044   0x00000014   Code   RO         5216    i.USBD_SetAddress   usbd_stm32f103.o
    0x0800d058   0x0800d058   0x00000010   Code   RO         5217    i.USBD_SetStallEP   usbd_stm32f103.o
    0x0800d068   0x0800d068   0x0000000c   Code   RO         6545    i.USBD_SetupStage   USB_CM3.lib(usbd_core.o)
    0x0800d074   0x0800d074   0x0000000a   Code   RO         6546    i.USBD_StatusInStage  USB_CM3.lib(usbd_core.o)
    0x0800d07e   0x0800d07e   0x00000002   PAD
    0x0800d080   0x0800d080   0x0000000c   Code   RO         6547    i.USBD_StatusOutStage  USB_CM3.lib(usbd_core.o)
    0x0800d08c   0x0800d08c   0x0000001c   Code   RO         5218    i.USBD_Suspend      usbd_stm32f103.o
    0x0800d0a8   0x0800d0a8   0x00000014   Code   RO         5219    i.USBD_WakeUp       usbd_stm32f103.o
    0x0800d0bc   0x0800d0bc   0x00000002   Code   RO         5220    i.USBD_WakeUpCfg    usbd_stm32f103.o
    0x0800d0be   0x0800d0be   0x00000002   PAD
    0x0800d0c0   0x0800d0c0   0x00000074   Code   RO         5221    i.USBD_WriteEP      usbd_stm32f103.o
    0x0800d134   0x0800d134   0x0000000c   Code   RO         3157    i.USBWakeUp_IRQHandler  hw_config.o
    0x0800d140   0x0800d140   0x00000002   Code   RO         3158    i.USB_Cable_Config  hw_config.o
    0x0800d142   0x0800d142   0x00000008   Code   RO         3159    i.USB_HP_CAN1_TX_IRQHandler  hw_config.o
    0x0800d14a   0x0800d14a   0x00000002   PAD
    0x0800d14c   0x0800d14c   0x0000003c   Code   RO         3967    i.USB_Init          usb_init.o
    0x0800d188   0x0800d188   0x0000005e   Code   RO         3160    i.USB_Interrupts_Config  hw_config.o
    0x0800d1e6   0x0800d1e6   0x00000002   PAD
    0x0800d1e8   0x0800d1e8   0x00000050   Code   RO         3496    i.USB_Istr          usb_istr.o
    0x0800d238   0x0800d238   0x00000168   Code   RO         5222    i.USB_LP_CAN1_RX0_IRQHandler  usbd_stm32f103.o
    0x0800d3a0   0x0800d3a0   0x00000024   Code   RO         4446    i.USB_SIL_Init      usb_sil.o
    0x0800d3c4   0x0800d3c4   0x0000002e   Code   RO         4447    i.USB_SIL_Read      usb_sil.o
    0x0800d3f2   0x0800d3f2   0x0000002e   Code   RO         4448    i.USB_SIL_Write     usb_sil.o
    0x0800d420   0x0800d420   0x0000000c   Code   RO          306    i.UserAppAbort      cmsis-dap.o
    0x0800d42c   0x0800d42c   0x00000014   Code   RO          307    i.UserAppInit       cmsis-dap.o
    0x0800d440   0x0800d440   0x00000038   Code   RO         4045    i.UserToPMABufferCopy  usb_mem.o
    0x0800d478   0x0800d478   0x0000001c   Code   RO         3540    i.Virtual_Com_Port_GetLineCoding  usb_prop.o
    0x0800d494   0x0800d494   0x0000001c   Code   RO         3541    i.Virtual_Com_Port_SetLineCoding  usb_prop.o
    0x0800d4b0   0x0800d4b0   0x00000058   Code   RO         6426    i.W25QXX_Erase_Sector  w25qxx.o
    0x0800d508   0x0800d508   0x00000054   Code   RO         6427    i.W25QXX_Init       w25qxx.o
    0x0800d55c   0x0800d55c   0x00000050   Code   RO         6429    i.W25QXX_Read       w25qxx.o
    0x0800d5ac   0x0800d5ac   0x00000048   Code   RO         6430    i.W25QXX_ReadID     w25qxx.o
    0x0800d5f4   0x0800d5f4   0x0000002c   Code   RO         6431    i.W25QXX_ReadSR     w25qxx.o
    0x0800d620   0x0800d620   0x00000012   Code   RO         6433    i.W25QXX_Wait_Busy  w25qxx.o
    0x0800d632   0x0800d632   0x00000002   PAD
    0x0800d634   0x0800d634   0x000000b8   Code   RO         6434    i.W25QXX_Write      w25qxx.o
    0x0800d6ec   0x0800d6ec   0x00000020   Code   RO         6436    i.W25QXX_Write_Enable  w25qxx.o
    0x0800d70c   0x0800d70c   0x00000046   Code   RO         6437    i.W25QXX_Write_NoCheck  w25qxx.o
    0x0800d752   0x0800d752   0x00000002   PAD
    0x0800d754   0x0800d754   0x00000054   Code   RO         6438    i.W25QXX_Write_Page  w25qxx.o
    0x0800d7a8   0x0800d7a8   0x00000128   Code   RO         3292    i.Write_Memory      memory.o
    0x0800d8d0   0x0800d8d0   0x00000020   Code   RO         6883    i.__0printf$5       mc_w.l(printf5.o)
    0x0800d8f0   0x0800d8f0   0x0000000e   Code   RO         7083    i.__scatterload_copy  mc_w.l(handlers.o)
    0x0800d8fe   0x0800d8fe   0x00000002   Code   RO         7084    i.__scatterload_null  mc_w.l(handlers.o)
    0x0800d900   0x0800d900   0x0000000e   Code   RO         7085    i.__scatterload_zeroinit  mc_w.l(handlers.o)
    0x0800d90e   0x0800d90e   0x00000002   PAD
    0x0800d910   0x0800d910   0x000002c0   Code   RO         6890    i._printf_core      mc_w.l(printf5.o)
    0x0800dbd0   0x0800dbd0   0x00000090   Code   RO         2731    i.check_fs          ff.o
    0x0800dc60   0x0800dc60   0x00000014   Code   RO         2732    i.chk_chr           ff.o
    0x0800dc74   0x0800dc74   0x00000394   Code   RO         2733    i.chk_mounted       ff.o
    0x0800e008   0x0800e008   0x0000001a   Code   RO         2734    i.clust2sect        ff.o
    0x0800e022   0x0800e022   0x00000002   PAD
    0x0800e024   0x0800e024   0x00000090   Code   RO         2735    i.cmp_lfn           ff.o
    0x0800e0b4   0x0800e0b4   0x000000ca   Code   RO         2736    i.create_chain      ff.o
    0x0800e17e   0x0800e17e   0x00000002   PAD
    0x0800e180   0x0800e180   0x00000230   Code   RO         2737    i.create_name       ff.o
    0x0800e3b0   0x0800e3b0   0x00000044   Code   RO          688    i.delay_init        delay.o
    0x0800e3f4   0x0800e3f4   0x0000004c   Code   RO          689    i.delay_ms          delay.o
    0x0800e440   0x0800e440   0x00000024   Code   RO         6069    i.delaymS           swd_host.o
    0x0800e464   0x0800e464   0x000000de   Code   RO         2738    i.dir_find          ff.o
    0x0800e542   0x0800e542   0x00000118   Code   RO         2739    i.dir_next          ff.o
    0x0800e65a   0x0800e65a   0x000000be   Code   RO         2740    i.dir_read          ff.o
    0x0800e718   0x0800e718   0x0000018c   Code   RO         2741    i.dir_register      ff.o
    0x0800e8a4   0x0800e8a4   0x00000060   Code   RO         2742    i.dir_remove        ff.o
    0x0800e904   0x0800e904   0x0000009c   Code   RO         2743    i.dir_sdi           ff.o
    0x0800e9a0   0x0800e9a0   0x00000006   Code   RO         2677    i.disk_initialize   diskio.o
    0x0800e9a6   0x0800e9a6   0x00000006   Code   RO         2678    i.disk_ioctl        diskio.o
    0x0800e9ac   0x0800e9ac   0x0000004c   Code   RO         2679    i.disk_read         diskio.o
    0x0800e9f8   0x0800e9f8   0x00000006   Code   RO         2680    i.disk_status       diskio.o
    0x0800e9fe   0x0800e9fe   0x0000004c   Code   RO         2681    i.disk_write        diskio.o
    0x0800ea4a   0x0800ea4a   0x0000004e   Code   RO         2747    i.f_gets            ff.o
    0x0800ea98   0x0800ea98   0x0000002c   Code   RO         2750    i.f_mount           ff.o
    0x0800eac4   0x0800eac4   0x0000018a   Code   RO         2751    i.f_open            ff.o
    0x0800ec4e   0x0800ec4e   0x00000088   Code   RO         2752    i.f_opendir         ff.o
    0x0800ecd6   0x0800ecd6   0x000001ce   Code   RO         2756    i.f_read            ff.o
    0x0800eea4   0x0800eea4   0x00000070   Code   RO         2757    i.f_readdir         ff.o
    0x0800ef14   0x0800ef14   0x000000ca   Code   RO         2762    i.f_unlink          ff.o
    0x0800efde   0x0800efde   0x00000002   PAD
    0x0800efe0   0x0800efe0   0x0000004c   Code   RO         3013    i.ff_convert        ccsbcs.o
    0x0800f02c   0x0800f02c   0x0000000c   Code   RO         3042    i.ff_memalloc       syscall.o
    0x0800f038   0x0800f038   0x0000000c   Code   RO         3043    i.ff_memfree        syscall.o
    0x0800f044   0x0800f044   0x00000038   Code   RO         3014    i.ff_wtoupper       ccsbcs.o
    0x0800f07c   0x0800f07c   0x00000080   Code   RO         2765    i.fit_lfn           ff.o
    0x0800f0fc   0x0800f0fc   0x0000009e   Code   RO         2766    i.follow_path       ff.o
    0x0800f19a   0x0800f19a   0x00000002   PAD
    0x0800f19c   0x0800f19c   0x0000001c   Code   RO          612    i.fputc             usart.o
    0x0800f1b8   0x0800f1b8   0x00000050   Code   RO         7011    i.free              mc_w.l(malloc.o)
    0x0800f208   0x0800f208   0x000000a8   Code   RO         2767    i.gen_numname       ff.o
    0x0800f2b0   0x0800f2b0   0x000000e4   Code   RO         2768    i.get_fat           ff.o
    0x0800f394   0x0800f394   0x00000004   Code   RO         2682    i.get_fattime       diskio.o
    0x0800f398   0x0800f398   0x00000128   Code   RO         2769    i.get_fileinfo      ff.o
    0x0800f4c0   0x0800f4c0   0x0000001c   Code   RO         6070    i.int2array         swd_host.o
    0x0800f4dc   0x0800f4dc   0x00000010   Code   RO           11    i.main              main.o
    0x0800f4ec   0x0800f4ec   0x0000006c   Code   RO         7012    i.malloc            mc_w.l(malloc.o)
    0x0800f558   0x0800f558   0x00000026   Code   RO         2770    i.mem_cmp           ff.o
    0x0800f57e   0x0800f57e   0x0000001a   Code   RO         2771    i.mem_cpy           ff.o
    0x0800f598   0x0800f598   0x00000014   Code   RO         2772    i.mem_set           ff.o
    0x0800f5ac   0x0800f5ac   0x00000072   Code   RO         2773    i.move_window       ff.o
    0x0800f61e   0x0800f61e   0x00000002   PAD
    0x0800f620   0x0800f620   0x00000074   Code   RO         2774    i.pick_lfn          ff.o
    0x0800f694   0x0800f694   0x00000136   Code   RO         2775    i.put_fat           ff.o
    0x0800f7ca   0x0800f7ca   0x00000068   Code   RO         2776    i.remove_chain      ff.o
    0x0800f832   0x0800f832   0x00000020   Code   RO         2777    i.sum_sfn           ff.o
    0x0800f852   0x0800f852   0x0000006e   Code   RO         6071    i.swd_flash_syscall_exec  swd_host.o
    0x0800f8c0   0x0800f8c0   0x0000000e   Code   RO         6072    i.swd_init          swd_host.o
    0x0800f8ce   0x0800f8ce   0x00000002   PAD
    0x0800f8d0   0x0800f8d0   0x000000a4   Code   RO         6073    i.swd_init_debug    swd_host.o
    0x0800f974   0x0800f974   0x0000000a   Code   RO         6074    i.swd_off           swd_host.o
    0x0800f97e   0x0800f97e   0x00000002   PAD
    0x0800f980   0x0800f980   0x00000064   Code   RO         6078    i.swd_read_core_register  swd_host.o
    0x0800f9e4   0x0800f9e4   0x00000088   Code   RO         6079    i.swd_read_data     swd_host.o
    0x0800fa6c   0x0800fa6c   0x0000005c   Code   RO         6080    i.swd_read_dp       swd_host.o
    0x0800fac8   0x0800fac8   0x00000042   Code   RO         6081    i.swd_read_idcode   swd_host.o
    0x0800fb0a   0x0800fb0a   0x00000002   PAD
    0x0800fb0c   0x0800fb0c   0x0000002c   Code   RO         6083    i.swd_read_word     swd_host.o
    0x0800fb38   0x0800fb38   0x00000022   Code   RO         6084    i.swd_reset         swd_host.o
    0x0800fb5a   0x0800fb5a   0x00000002   PAD
    0x0800fb5c   0x0800fb5c   0x00000024   Code   RO         6085    i.swd_set_target_reset  swd_host.o
    0x0800fb80   0x0800fb80   0x0000018c   Code   RO         6086    i.swd_set_target_state_hw  swd_host.o
    0x0800fd0c   0x0800fd0c   0x0000001c   Code   RO         6088    i.swd_switch        swd_host.o
    0x0800fd28   0x0800fd28   0x0000002c   Code   RO         6089    i.swd_transfer_retry  swd_host.o
    0x0800fd54   0x0800fd54   0x00000034   Code   RO         6090    i.swd_wait_until_halted  swd_host.o
    0x0800fd88   0x0800fd88   0x00000078   Code   RO         6091    i.swd_write_ap      swd_host.o
    0x0800fe00   0x0800fe00   0x00000080   Code   RO         6092    i.swd_write_block   swd_host.o
    0x0800fe80   0x0800fe80   0x00000034   Code   RO         6093    i.swd_write_byte    swd_host.o
    0x0800feb4   0x0800feb4   0x00000058   Code   RO         6094    i.swd_write_core_register  swd_host.o
    0x0800ff0c   0x0800ff0c   0x00000054   Code   RO         6095    i.swd_write_data    swd_host.o
    0x0800ff60   0x0800ff60   0x00000098   Code   RO         6096    i.swd_write_debug_state  swd_host.o
    0x0800fff8   0x0800fff8   0x00000048   Code   RO         6097    i.swd_write_dp      swd_host.o
    0x08010040   0x08010040   0x00000084   Code   RO         6098    i.swd_write_memory  swd_host.o
    0x080100c4   0x080100c4   0x0000002c   Code   RO         6099    i.swd_write_word    swd_host.o
    0x080100f0   0x080100f0   0x000000ca   Code   RO         2778    i.sync              ff.o
    0x080101ba   0x080101ba   0x00000002   PAD
    0x080101bc   0x080101bc   0x00000028   Code   RO         6024    i.target_flash_erase_chip  swd_flash.o
    0x080101e4   0x080101e4   0x00000044   Code   RO         6026    i.target_flash_init  swd_flash.o
    0x08010228   0x08010228   0x00000064   Code   RO         6027    i.target_flash_program_page  swd_flash.o
    0x0801028c   0x0801028c   0x00000010   Code   RO         6028    i.target_flash_uninit  swd_flash.o
    0x0801029c   0x0801029c   0x00000028   Code   RO         6277    i.target_opt_erase_chip  swd_opt.o
    0x080102c4   0x080102c4   0x00000044   Code   RO         6279    i.target_opt_init   swd_opt.o
    0x08010308   0x08010308   0x00000024   Code   RO         6281    i.target_opt_uninit  swd_opt.o
    0x0801032c   0x0801032c   0x0000001e   Code   RO          613    i.uart1_dma_enable  usart.o
    0x0801034a   0x0801034a   0x00000002   PAD
    0x0801034c   0x0801034c   0x00000164   Code   RO          614    i.uart_init         usart.o
    0x080104b0   0x080104b0   0x0000003c   Code   RO          615    i.usart_config      usart.o
    0x080104ec   0x080104ec   0x0000008c   Code   RO          616    i.usart_receive_parse  usart.o
    0x08010578   0x08010578   0x0000003c   Code   RO          617    i.usart_sendCommand  usart.o
    0x080105b4   0x080105b4   0x0000000e   Code   RO         5039    i.usbd_class_init   usb_config.o
    0x080105c2   0x080105c2   0x00000002   PAD
    0x080105c4   0x080105c4   0x00000010   Code   RO         6548    i.usbd_configured   USB_CM3.lib(usbd_core.o)
    0x080105d4   0x080105d4   0x00000004   Code   RO         6549    i.usbd_connect      USB_CM3.lib(usbd_core.o)
    0x080105d8   0x080105d8   0x00000004   Code   RO         6678    i.usbd_hid_get_protocol  USB_CM3.lib(usbd_hid.o)
    0x080105dc   0x080105dc   0x000000a0   Code   RO         5386    i.usbd_hid_get_report  usbd_user_hid.o
    0x0801067c   0x0801067c   0x0000009c   Code   RO         6680    i.usbd_hid_get_report_trigger  USB_CM3.lib(usbd_hid.o)
    0x08010718   0x08010718   0x00000040   Code   RO         5387    i.usbd_hid_init     usbd_user_hid.o
    0x08010758   0x08010758   0x000000bc   Code   RO         5388    i.usbd_hid_process  usbd_user_hid.o
    0x08010814   0x08010814   0x00000002   Code   RO         6682    i.usbd_hid_set_protocol  USB_CM3.lib(usbd_hid.o)
    0x08010816   0x08010816   0x00000002   PAD
    0x08010818   0x08010818   0x000000a0   Code   RO         5389    i.usbd_hid_set_report  usbd_user_hid.o
    0x080108b8   0x080108b8   0x0000001c   Code   RO         6550    i.usbd_init         USB_CM3.lib(usbd_core.o)
    0x080108d4   0x080108d4   0x00000002   Code   RO         5041    i.usbd_os_evt_set   usb_config.o
    0x080108d6   0x080108d6   0x00000002   PAD
    0x080108d8   0x080108d8   0x00000024   Code   RO         6551    i.usbd_reset_core   USB_CM3.lib(usbd_core.o)
    0x080108fc   0x080108fc   0x0000009c   Code   RO          308    i.vResetTarget      cmsis-dap.o
    0x08010998   0x08010998   0x0000002a   Code   RO         2779    i.validate          ff.o
    0x080109c2   0x080109c2   0x00000002   PAD
    0x080109c4   0x080109c4   0x00000054   Data   RO          309    .constdata          cmsis-dap.o
    0x08010a18   0x08010a18   0x0000008d   Data   RO         2780    .constdata          ff.o
    0x08010aa5   0x08010aa5   0x00000001   PAD
    0x08010aa6   0x08010aa6   0x000004c0   Data   RO         3015    .constdata          ccsbcs.o
    0x08010f66   0x08010f66   0x000000c3   Data   RO         3419    .constdata          usb_desc.o
    0x08011029   0x08011029   0x00000005   Data   RO         4515    .constdata          dap.o
    0x0801102e   0x0801102e   0x00000002   PAD
    0x08011030   0x08011030   0x000001d4   Data   RO         5044    .constdata          usb_config.o
    0x08011204   0x08011204   0x00000094   Data   RO         5848    .constdata          usart_stm32f10x.o
    0x08011298   0x08011298   0x00000180   Data   RO         6314    .constdata          stm32f10x_128.o
    0x08011418   0x08011418   0x000001ec   Data   RO         6323    .constdata          stm32f10x_opt.o
    0x08011604   0x08011604   0x00000818   Data   RO         6346    .constdata          oled.o
    0x08011e1c   0x08011e1c   0x00000045   Data   RO           13    .conststring        main.o
    0x08011e61   0x08011e61   0x00000003   PAD
    0x08011e64   0x08011e64   0x00000020   Data   RO         7082    Region$$Table       anon$$obj.o


    Execution Region RW_IRAM1 (Exec base: 0x20000000, Load base: 0x08011e84, Size: 0x00007588, Max: 0x00010000, ABSOLUTE, COMPRESSED[0x00000224])

    Exec Addr    Load Addr    Size         Type   Attr      Idx    E Section Name        Object

    0x20000000   COMPRESSED   0x0000022c   Data   RW           14    .data               main.o
    0x2000022c   COMPRESSED   0x0000000c   Data   RW          310    .data               cmsis-dap.o
    0x20000238   COMPRESSED   0x00000007   Data   RW          619    .data               usart.o
    0x2000023f   COMPRESSED   0x00000001   PAD
    0x20000240   COMPRESSED   0x00000004   Data   RW          691    .data               delay.o
    0x20000244   COMPRESSED   0x00000014   Data   RW          776    .data               system_stm32f10x.o
    0x20000258   COMPRESSED   0x00000014   Data   RW         1034    .data               stm32f10x_rcc.o
    0x2000026c   COMPRESSED   0x00000006   Data   RW         2781    .data               ff.o
    0x20000272   COMPRESSED   0x00000002   PAD
    0x20000274   COMPRESSED   0x00000010   Data   RW         3250    .data               mass_mal.o
    0x20000284   COMPRESSED   0x00000024   Data   RW         3294    .data               memory.o
    0x200002a8   COMPRESSED   0x00000071   Data   RW         3336    .data               scsi_data.o
    0x20000319   COMPRESSED   0x00000003   PAD
    0x2000031c   COMPRESSED   0x0000000c   Data   RW         3367    .data               usb_bot.o
    0x20000328   COMPRESSED   0x0000001a   Data   RW         3420    .data               usb_desc.o
    0x20000342   COMPRESSED   0x00000002   PAD
    0x20000344   COMPRESSED   0x00000009   Data   RW         3449    .data               usb_endp.o
    0x2000034d   COMPRESSED   0x00000003   PAD
    0x20000350   COMPRESSED   0x0000003c   Data   RW         3497    .data               usb_istr.o
    0x2000038c   COMPRESSED   0x000000a0   Data   RW         3542    .data               usb_prop.o
    0x2000042c   COMPRESSED   0x00000007   Data   RW         3660    .data               usb_pwr.o
    0x20000433   COMPRESSED   0x00000001   PAD
    0x20000434   COMPRESSED   0x00000003   Data   RW         3855    .data               usb_core.o
    0x20000437   COMPRESSED   0x00000001   PAD
    0x20000438   COMPRESSED   0x00000014   Data   RW         3969    .data               usb_init.o
    0x2000044c   COMPRESSED   0x00000004   Data   RW         4004    .data               usb_int.o
    0x20000450   COMPRESSED   0x00000001   Data   RW         4516    .data               dap.o
    0x20000451   COMPRESSED   0x00000003   PAD
    0x20000454   COMPRESSED   0x00000014   Data   RW         4916    .data               swo.o
    0x20000468   COMPRESSED   0x0000000b   Data   RW         5045    .data               usb_config.o
    0x20000473   COMPRESSED   0x00000001   PAD
    0x20000474   COMPRESSED   0x00000006   Data   RW         5223    .data               usbd_stm32f103.o
    0x2000047a   COMPRESSED   0x00000002   PAD
    0x2000047c   COMPRESSED   0x00000018   Data   RW         5391    .data               usbd_user_hid.o
    0x20000494   COMPRESSED   0x0000000f   Data   RW         5486    .data               usbd_user_cdc_acm.o
    0x200004a3   COMPRESSED   0x00000002   Data   RW         5584    .data               dma_stm32f10x.o
    0x200004a5   COMPRESSED   0x00000003   PAD
    0x200004a8   COMPRESSED   0x00000008   Data   RW         6100    .data               swd_host.o
    0x200004b0   COMPRESSED   0x00000002   Data   RW         6441    .data               w25qxx.o
    0x200004b2   COMPRESSED   0x00000002   PAD
    0x200004b4   COMPRESSED   0x00000028   Data   RW         6553    .data               USB_CM3.lib(usbd_core.o)
    0x200004dc   COMPRESSED   0x0000003f   Data   RW         6619    .data               USB_CM3.lib(usbd_cdc_acm.o)
    0x2000051b   COMPRESSED   0x00000001   PAD
    0x2000051c   COMPRESSED   0x00000030   Data   RW         6684    .data               USB_CM3.lib(usbd_hid.o)
    0x2000054c   COMPRESSED   0x00000004   Data   RW         7067    .data               mc_w.l(mvars.o)
    0x20000550   COMPRESSED   0x00000004   Data   RW         7068    .data               mc_w.l(mvars.o)
    0x20000554        -       0x00000997   Zero   RW           12    .bss                main.o
    0x20000eeb        -       0x000001cc   Zero   RW          618    .bss                usart.o
    0x200010b7   COMPRESSED   0x00000001   PAD
    0x200010b8        -       0x00000200   Zero   RW         3293    .bss                memory.o
    0x200012b8        -       0x00000070   Zero   RW         3366    .bss                usb_bot.o
    0x20001328        -       0x0000007c   Zero   RW         3448    .bss                usb_endp.o
    0x200013a4        -       0x0000001c   Zero   RW         3968    .bss                usb_init.o
    0x200013c0        -       0x00000040   Zero   RW         4514    .bss                dap.o
    0x20001400        -       0x00001000   Zero   RW         4915    .bss                swo.o
    0x20002400        -       0x0000014c   Zero   RW         5043    .bss                usb_config.o
    0x2000254c        -       0x00002000   Zero   RW         5390    .bss                usbd_user_hid.o
    0x2000454c        -       0x00000800   Zero   RW         5485    .bss                usbd_user_cdc_acm.o
    0x20004d4c        -       0x00000038   Zero   RW         5847    .bss                usart_stm32f10x.o
    0x20004d84        -       0x00001000   Zero   RW         6440    .bss                w25qxx.o
    0x20005d84   COMPRESSED   0x00000004   PAD
    0x20005d88        -       0x00000800   Zero   RW          763    HEAP                startup_stm32f10x_hd.o
    0x20006588        -       0x00001000   Zero   RW          762    STACK               startup_stm32f10x_hd.o


==============================================================================

Image component sizes


      Code (inc. data)   RO Data    RW Data    ZI Data      Debug   Object Name

       132         16       1216          0          0       2451   ccsbcs.o
      2244        260         84         12          0      66378   cmsis-dap.o
      5068        242          5          1         64      31473   dap.o
       128         32          0          0          0       1011   dap_vendor.o
       144         22          0          4          0       1200   delay.o
       174          0          0          0          0       4864   diskio.o
      1254        132          0          2          0     238976   dma_stm32f10x.o
      6762         72        141          6          0      31971   ff.o
       744         76          0          0          0       6133   gpio_stm32f10x.o
        64          0          0          0          0       3727   hex2bin.o
       244         14          0          0          0       4291   hw_config.o
      4392         94          0          0          0      29474   jtag_dp.o
        76         10          0          0          0        515   key.o
        52          8          0          0          0        495   led.o
      8880        852         69        556       2455     281957   main.o
       174         14          0         16          0       3513   mass_mal.o
       556         80          0         36        512       3828   memory.o
       172         22          0          0          0       2061   misc.o
       880         22       2072          0          0       5737   oled.o
         0          0          0        113          0       1110   scsi_data.o
       272         18          0          0          0       1769   spi.o
        36          8        304          0       6144        800   startup_stm32f10x_hd.o
         0          0        384          0          0        601   stm32f10x_128.o
       474         18          0          0          0       5651   stm32f10x_dma.o
       160         12          0          0          0       1501   stm32f10x_exti.o
       274         30          0          0          0       3438   stm32f10x_flash.o
       430          6          0          0          0       3878   stm32f10x_gpio.o
         0          0        492          0          0        600   stm32f10x_opt.o
       320         44          0         20          0       5529   stm32f10x_rcc.o
       112          0          0          0          0       3842   stm32f10x_spi.o
       456          6          0          0          0       6235   stm32f10x_usart.o
      3292         82          0          0          0      23651   sw_dp.o
       224         14          0          0          0       3349   swd_flash.o
      2318        106          0          8          0      19467   swd_host.o
       144         16          0          0          0       1634   swd_opt.o
      1496        248          0         20       4096      17724   swo.o
        24          0          0          0          0       1099   syscall.o
       328         28          0         20          0       2177   system_stm32f10x.o
       762         88          0          7        460       6177   usart.o
      5492        184        148          0         56      56774   usart_stm32f10x.o
      1148        108          0         12        112       4747   usb_bot.o
        86          0        468         11        332      34778   usb_config.o
      3058        288          0          3          0      15163   usb_core.o
         0          0        195         26          0       1016   usb_desc.o
       116         16          0          9        124       2968   usb_endp.o
        60         24          0         20         28       4238   usb_init.o
       848         58          0          4          0       2409   usb_int.o
        80         18          0         60          0       1416   usb_istr.o
        96         10          0          0          0       1884   usb_mem.o
       828        136          0        160          0      12729   usb_prop.o
        64         10          0          7          0       2029   usb_pwr.o
       712        100          0          0          0      10391   usb_regs.o
      1086        130          0          0          0      10012   usb_scsi.o
       128          8          0          0          0       2294   usb_sil.o
      1374        134          0          6          0      36573   usbd_stm32f103.o
       530         72          0         15       2048       5650   usbd_user_cdc_acm.o
      1004        148          0         24       8192      34620   usbd_user_hid.o
       756         70          0          2       4096       6829   w25qxx.o

    ----------------------------------------------------------------------
     60822       4206       5616       1204      28724    1076807   Object Totals
         0          0         32          0          0          0   (incl. Generated)
        94          0          6         24          5          0   (incl. Padding)

    ----------------------------------------------------------------------

      Code (inc. data)   RO Data    RW Data    ZI Data      Debug   Library Member Name

       776        106          0         63          0       1492   usbd_cdc_acm.o
      2118        184          0         40          0       1192   usbd_core.o
       240         32          0          0          0        156   usbd_core_cdc.o
       352         92          0          0          0        240   usbd_core_hid.o
      1300        200          0         48          0       1100   usbd_hid.o
        86          0          0          0          0          0   __dczerorl2.o
         0          0          0          0          0          0   entry.o
         0          0          0          0          0          0   entry10a.o
         0          0          0          0          0          0   entry11a.o
         8          4          0          0          0          0   entry2.o
         4          0          0          0          0          0   entry5.o
         0          0          0          0          0          0   entry7b.o
         0          0          0          0          0          0   entry8b.o
         8          4          0          0          0          0   entry9a.o
        30          0          0          0          0          0   handlers.o
        36          8          0          0          0         68   init.o
         0          0          0          0          0          0   iusefp.o
        30          0          0          0          0         68   llshl.o
        32          0          0          0          0         68   llushr.o
       188         20          0          0          0        160   malloc.o
        36          0          0          0          0         68   memcpya.o
        36          0          0          0          0        108   memseta.o
         0          0          0          8          0          0   mvars.o
       736         56          0          0          0        184   printf5.o
        14          0          0          0          0         68   strlen.o
        24          0          0          0          0         76   strncpy.o
        36          0          0          0          0         80   strstr.o
        98          0          0          0          0         92   uldiv.o
       222          0          0          0          0        100   ddiv.o
       186          0          0          0          0        176   depilogue.o
        50          0          0          0          0         76   dfixui.o
        26          0          0          0          0         76   dfltui.o
       228          0          0          0          0         96   dmul.o

    ----------------------------------------------------------------------
      6910        706          0        160          0       5744   Library Totals
        10          0          0          1          0          0   (incl. Padding)

    ----------------------------------------------------------------------

      Code (inc. data)   RO Data    RW Data    ZI Data      Debug   Library Name

      4786        614          0        151          0       4180   USB_CM3.lib
      1402         92          0          8          0       1040   mc_w.l
       712          0          0          0          0        524   mf_w.l

    ----------------------------------------------------------------------
      6910        706          0        160          0       5744   Library Totals

    ----------------------------------------------------------------------

==============================================================================


      Code (inc. data)   RO Data    RW Data    ZI Data      Debug   

     67732       4912       5616       1364      28724    1054911   Grand Totals
     67732       4912       5616        548      28724    1054911   ELF Image Totals (compressed)
     67732       4912       5616        548          0          0   ROM Totals

==============================================================================

    Total RO  Size (Code + RO Data)                73348 (  71.63kB)
    Total RW  Size (RW Data + ZI Data)             30088 (  29.38kB)
    Total ROM Size (Code + RO Data + RW Data)      73896 (  72.16kB)

==============================================================================

